46.209.207.227 - - [23/Jan/2019:10:22:55 +0330] "GET /static/images/filter-loading.gif HTTP/1.1" 200 8468 "https://znbl.ir/static/bundle-bundle_site_head.css" "Mozilla/5.0 (Windows NT 6.1; rv:52.0) Gecko/20100101 Firefox/52.0" "-"
148.251.133.251 - - [23/Jan/2019:10:22:55 +0330] "GET /product/28310/57130/%D8%A7%D8%AC%D8%A7%D9%82-%DA%AF%D8%A7%D8%B2-%D8%B5%D9%81%D8%AD%D9%87-%D8%A7%DB%8C-%D8%A8%DB%8C%D9%85%DA%A9%D8%AB-%D9%85%D8%AF%D9%84-MG0012 HTTP/1.1" 200 563657 "-" "Mozilla/5.0 (Windows; U; Windows NT 5.1; en-US; rv:x.x.x) Gecko/20041107 Firefox/x.x" "-"
5.210.86.107 - - [23/Jan/2019:10:22:56 +0330] "GET /settings/logo HTTP/1.1" 200 4120 "https://www.zanbil.ir/m/filter/p48%2Ct16?name=%D8%A7%D8%AA%D9%88&productType=iron" "Mozilla/5.0 (Linux; Android 6.0; HUAWEI NXT-L29 Build/HUAWEINXT-L29) AppleWebKit/537.36 (KHTML, like Gecko) Chrome/67.0.3396.87 Mobile Safari/537.36" "-"
5.210.86.107 - - [23/Jan/2019:10:22:56 +0330] "GET /image/63073/productModel/200x200 HTTP/1.1" 200 3819 "https://www.zanbil.ir/m/filter/p48%2Ct16?name=%D8%A7%D8%AA%D9%88&productType=iron" "Mozilla/5.0 (Linux; Android 6.0; HUAWEI NXT-L29 Build/HUAWEINXT-L29) AppleWebKit/537.36 (KHTML, like Gecko) Chrome/67.0.3396.87 Mobile Safari/537.36" "-"
5.210.86.107 - - [23/Jan/2019:10:22:56 +0330] "GET /image/62354/productModel/200x200 HTTP/1.1" 200 3346 "https://www.zanbil.ir/m/filter/p48%2Ct16?name=%D8%A7%D8%AA%D9%88&productType=iron" "Mozilla/5.0 (Linux; Android 6.0; HUAWEI NXT-L29 Build/HUAWEINXT-L29) AppleWebKit/537.36 (KHTML, like Gecko) Chrome/67.0.3396.87 Mobile Safari/537.36" "-"
5.210.86.107 - - [23/Jan/2019:10:22:56 +0330] "GET /image/34289/productModel/200x200 HTTP/1.1" 200 4648 "https://www.zanbil.ir/m/filter/p48%2Ct16?name=%D8%A7%D8%AA%D9%88&productType=iron" "Mozilla/5.0 (Linux; Android 6.0; HUAWEI NXT-L29 Build/HUAWEINXT-L29) AppleWebKit/537.36 (KHTML, like Gecko) Chrome/67.0.3396.87 Mobile Safari/537.36" "-"
5.210.86.107 - - [23/Jan/2019:10:22:56 +0330] "GET /image/62357/productModel/200x200 HTTP/1.1" 200 4619 "https://www.zanbil.ir/m/filter/p48%2Ct16?name=%D8%A7%D8%AA%D9%88&productType=iron" "Mozilla/5.0 (Linux; Android 6.0; HUAWEI NXT-L29 Build/HUAWEINXT-L29) AppleWebKit/537.36 (KHTML, like Gecko) Chrome/67.0.3396.87 Mobile Safari/537.36" "-"
5.210.86.107 - - [23/Jan/2019:10:22:56 +0330] "GET /image/63744/productModel/200x200 HTTP/1.1" 200 3638 "https://www.zanbil.ir/m/filter/p48%2Ct16?name=%D8%A7%D8%AA%D9%88&productType=iron" "Mozilla/5.0 (Linux; Android 6.0; HUAWEI NXT-L29 Build/HUAWEINXT-L29) AppleWebKit/537.36 (KHTML, like Gecko) Chrome/67.0.3396.87 Mobile Safari/537.36" "-"
95.85.48.18 - - [23/Jan/2019:10:22:56 +0330] "GET /image/60156/productModel/200x200 HTTP/1.1" 200 4183 "https://www.zanbil.ir/m/browse/iron/%D8%A7%D8%AA%D9%88" "Mozilla/5.0 (Linux; Android 4.3; G630-U10 Build/HuaweiG630-U10) AppleWebKit/537.36 (KHTML, like Gecko) Chrome/35.0.1916.141 Mobile Safari/537.36" "-"
5.210.86.107 - - [23/Jan/2019:10:22:56 +0330] "GET /image/63751/productModel/200x200 HTTP/1.1" 200 3720 "https://www.zanbil.ir/m/filter/p48%2Ct16?name=%D8%A7%D8%AA%D9%88&productType=iron" "Mozilla/5.0 (Linux; Android 6.0; HUAWEI NXT-L29 Build/HUAWEINXT-L29) AppleWebKit/537.36 (KHTML, like Gecko) Chrome/67.0.3396.87 Mobile Safari/537.36" "-"
95.85.48.18 - - [23/Jan/2019:10:22:56 +0330] "GET /image/61735/productModel/200x200 HTTP/1.1" 200 6647 "https://www.zanbil.ir/m/browse/iron/%D8%A7%D8%AA%D9%88" "Mozilla/5.0 (Linux; Android 4.3; G630-U10 Build/HuaweiG630-U10) AppleWebKit/537.36 (KHTML, like Gecko) Chrome/35.0.1916.141 Mobile Safari/537.36" "-"
5.120.174.159 - - [23/Jan/2019:10:22:56 +0330] "GET /image/34352?name=sld-50sa120-4.jpg&wh=max HTTP/1.1" 200 16629 "https://www.zanbil.ir/m/product/34352/65316/%D8%AA%D9%84%D9%88%DB%8C%D8%B2%DB%8C%D9%88%D9%86-%D8%A7%D9%84-%D8%A7%DB%8C-%D8%AF%DB%8C-%D8%A7%D8%B3%D9%86%D9%88%D8%A7-%D9%85%D8%AF%D9%84-SLD-50SA120" "Mozilla/5.0 (Linux; Android 8.1.0; SAMSUNG SM-G610F Build/M1AJQ) AppleWebKit/537.36 (KHTML, like Gecko) SamsungBrowser/7.4 Chrome/59.0.3071.125 Mobile Safari/537.36" "-"
66.249.66.92 - - [23/Jan/2019:10:22:56 +0330] "GET /image/31286?name=%DA%A9%D8%A7%D8%B3%D9%BE%DB%8C%D9%86.jpg&wh=200x200 HTTP/1.1" 200 5133 "-" "Googlebot-Image/1.0" "-"
2.178.172.239 - - [23/Jan/2019:10:22:56 +0330] "GET /image/33084?name=718l-11.jpg&wh=max HTTP/1.1" 200 188577 "https://www.zanbil.ir/m/product/33084/63663/%D9%88%DB%8C%D9%84%DA%86%D8%B1-%D8%A7%D8%B1%D8%AA%D9%88%D9%BE%D8%AF%DB%8C-%D8%A7%DB%8C%D8%B1%D8%A7%D9%86-%D8%A8%D9%87%DA%A9%D8%A7%D8%B1-%D9%85%D8%AF%D9%84-718L" "Mozilla/5.0 (Linux; Android 5.1.1; SAMSUNG SM-J3110 Build/LMY47X) AppleWebKit/537.36 (KHTML, like Gecko) SamsungBrowser/3.5 Chrome/38.0.2125.102 Mobile Safari/537.36" "-"
5.210.86.107 - - [23/Jan/2019:10:22:56 +0330] "GET /amp-helper-frame.html?appId=a624a1c1-0c93-466a-a546-e146710f97e6&parentOrigin=https://www.zanbil.ir HTTP/1.1" 200 133 "https://www.zanbil.ir/m/filter/p48%2Ct16?name=%D8%A7%D8%AA%D9%88&productType=iron" "Mozilla/5.0 (Linux; Android 6.0; HUAWEI NXT-L29 Build/HUAWEINXT-L29) AppleWebKit/537.36 (KHTML, like Gecko) Chrome/67.0.3396.87 Mobile Safari/537.36" "-"
2.178.172.239 - - [23/Jan/2019:10:22:56 +0330] "GET /image/33084?name=718l-33.jpg&wh=max HTTP/1.1" 200 78414 "https://www.zanbil.ir/m/product/33084/63663/%D9%88%DB%8C%D9%84%DA%86%D8%B1-%D8%A7%D8%B1%D8%AA%D9%88%D9%BE%D8%AF%DB%8C-%D8%A7%DB%8C%D8%B1%D8%A7%D9%86-%D8%A8%D9%87%DA%A9%D8%A7%D8%B1-%D9%85%D8%AF%D9%84-718L" "Mozilla/5.0 (Linux; Android 5.1.1; SAMSUNG SM-J3110 Build/LMY47X) AppleWebKit/537.36 (KHTML, like Gecko) SamsungBrowser/3.5 Chrome/38.0.2125.102 Mobile Safari/537.36" "-"
5.210.86.107 - - [23/Jan/2019:10:22:56 +0330] "GET /image/180/brand HTTP/1.1" 200 2566 "https://www.zanbil.ir/m/filter/p48%2Ct16?name=%D8%A7%D8%AA%D9%88&productType=iron" "Mozilla/5.0 (Linux; Android 6.0; HUAWEI NXT-L29 Build/HUAWEINXT-L29) AppleWebKit/537.36 (KHTML, like Gecko) Chrome/67.0.3396.87 Mobile Safari/537.36" "-"
5.106.130.52 - - [23/Jan/2019:10:22:56 +0330] "GET /settings/logo HTTP/1.1" 200 4120 "https://www.zanbil.ir/m/filter/p31385%2Cb57%2Cb19" "Mozilla/5.0 (Linux; Android 4.4.2; HUAWEI Y560-U02) AppleWebKit/537.36 (KHTML, like Gecko) Chrome/70.0.3538.110 Mobile Safari/537.36" "-"
5.210.86.107 - - [23/Jan/2019:10:22:56 +0330] "GET /image/63/brand HTTP/1.1" 200 3013 "https://www.zanbil.ir/m/filter/p48%2Ct16?name=%D8%A7%D8%AA%D9%88&productType=iron" "Mozilla/5.0 (Linux; Android 6.0; HUAWEI NXT-L29 Build/HUAWEINXT-L29) AppleWebKit/537.36 (KHTML, like Gecko) Chrome/67.0.3396.87 Mobile Safari/537.36" "-"
5.210.86.107 - - [23/Jan/2019:10:22:56 +0330] "GET /image/878/brand HTTP/1.1" 200 4300 "https://www.zanbil.ir/m/filter/p48%2Ct16?name=%D8%A7%D8%AA%D9%88&productType=iron" "Mozilla/5.0 (Linux; Android 6.0; HUAWEI NXT-L29 Build/HUAWEINXT-L29) AppleWebKit/537.36 (KHTML, like Gecko) Chrome/67.0.3396.87 Mobile Safari/537.36" "-"
5.210.86.107 - - [23/Jan/2019:10:22:56 +0330] "GET /image/15/productTypeType HTTP/1.1" 200 11014 "https://www.zanbil.ir/m/filter/p48%2Ct16?name=%D8%A7%D8%AA%D9%88&productType=iron" "Mozilla/5.0 (Linux; Android 6.0; HUAWEI NXT-L29 Build/HUAWEINXT-L29) AppleWebKit/537.36 (KHTML, like Gecko) Chrome/67.0.3396.87 Mobile Safari/537.36" "-"
5.106.130.52 - - [23/Jan/2019:10:22:56 +0330] "GET /image/65246/productModel/200x200 HTTP/1.1" 200 6030 "https://www.zanbil.ir/m/filter/p31385%2Cb57%2Cb19" "Mozilla/5.0 (Linux; Android 4.4.2; HUAWEI Y560-U02) AppleWebKit/537.36 (KHTML, like Gecko) Chrome/70.0.3538.110 Mobile Safari/537.36" "-"
5.210.86.107 - - [23/Jan/2019:10:22:56 +0330] "GET /image/16/productTypeType HTTP/1.1" 200 10949 "https://www.zanbil.ir/m/filter/p48%2Ct16?name=%D8%A7%D8%AA%D9%88&productType=iron" "Mozilla/5.0 (Linux; Android 6.0; HUAWEI NXT-L29 Build/HUAWEINXT-L29) AppleWebKit/537.36 (KHTML, like Gecko) Chrome/67.0.3396.87 Mobile Safari/537.36" "-"
5.106.130.52 - - [23/Jan/2019:10:22:56 +0330] "GET /image/62964/productModel/200x200 HTTP/1.1" 200 5836 "https://www.zanbil.ir/m/filter/p31385%2Cb57%2Cb19" "Mozilla/5.0 (Linux; Android 4.4.2; HUAWEI Y560-U02) AppleWebKit/537.36 (KHTML, like Gecko) Chrome/70.0.3538.110 Mobile Safari/537.36" "-"
66.249.66.194 - - [23/Jan/2019:10:22:56 +0330] "GET /m/filter?f=p28%2Cb36%2C1003%7C400&o=b HTTP/1.1" 302 0 "-" "Mozilla/5.0 (compatible; Googlebot/2.1; +http://www.google.com/bot.html)" "-"
5.106.130.52 - - [23/Jan/2019:10:22:56 +0330] "GET /image/65258/productModel/200x200 HTTP/1.1" 200 5936 "https://www.zanbil.ir/m/filter/p31385%2Cb57%2Cb19" "Mozilla/5.0 (Linux; Android 4.4.2; HUAWEI Y560-U02) AppleWebKit/537.36 (KHTML, like Gecko) Chrome/70.0.3538.110 Mobile Safari/537.36" "-"
5.106.130.52 - - [23/Jan/2019:10:22:56 +0330] "GET /image/62972/productModel/200x200 HTTP/1.1" 200 6298 "https://www.zanbil.ir/m/filter/p31385%2Cb57%2Cb19" "Mozilla/5.0 (Linux; Android 4.4.2; HUAWEI Y560-U02) AppleWebKit/537.36 (KHTML, like Gecko) Chrome/70.0.3538.110 Mobile Safari/537.36" "-"
5.210.86.107 - - [23/Jan/2019:10:22:56 +0330] "GET /image/783/mainSlideMobile HTTP/1.1" 200 64542 "https://www.zanbil.ir/m/filter/p48%2Ct16?name=%D8%A7%D8%AA%D9%88&productType=iron" "Mozilla/5.0 (Linux; Android 6.0; HUAWEI NXT-L29 Build/HUAWEINXT-L29) AppleWebKit/537.36 (KHTML, like Gecko) Chrome/67.0.3396.87 Mobile Safari/537.36" "-"
5.106.130.52 - - [23/Jan/2019:10:22:56 +0330] "GET /image/65262/productModel/200x200 HTTP/1.1" 200 5851 "https://www.zanbil.ir/m/filter/p31385%2Cb57%2Cb19" "Mozilla/5.0 (Linux; Android 4.4.2; HUAWEI Y560-U02) AppleWebKit/537.36 (KHTML, like Gecko) Chrome/70.0.3538.110 Mobile Safari/537.36" "-"
5.106.130.52 - - [23/Jan/2019:10:22:56 +0330] "GET /image/65247/productModel/200x200 HTTP/1.1" 200 5863 "https://www.zanbil.ir/m/filter/p31385%2Cb57%2Cb19" "Mozilla/5.0 (Linux; Android 4.4.2; HUAWEI Y560-U02) AppleWebKit/537.36 (KHTML, like Gecko) Chrome/70.0.3538.110 Mobile Safari/537.36" "-"
5.122.25.167 - - [23/Jan/2019:10:22:56 +0330] "POST /ajaxFilter/p8601,b1 HTTP/1.1" 200 3218 "https://www.zanbil.ir/browse/smartwatch/%D8%B3%D8%A7%D8%B9%D8%AA-%D9%87%D9%88%D8%B4%D9%85%D9%86%D8%AF" "Mozilla/5.0 (Windows NT 10.0; Win64; x64) AppleWebKit/537.36 (KHTML, like Gecko) Chrome/71.0.3578.98 Safari/537.36" "-"
151.241.20.35 - - [23/Jan/2019:10:22:56 +0330] "GET /image/4/productType/120x90 HTTP/1.1" 200 10857 "https://www.zanbil.ir/m/product/31614/61695/%DB%8C%D8%AE%DA%86%D8%A7%D9%84-%D9%81%D8%B1%DB%8C%D8%B2%D8%B1-%D8%B3%D8%A7%DB%8C%D8%AF-%D8%A8%D8%A7%DB%8C-%D8%B3%D8%A7%DB%8C%D8%AF-%D8%A7%D9%84-%D8%AC%DB%8C-%D9%85%D8%AF%D9%84-SXS230W" "Mozilla/5.0 (Linux; Android 4.3; GT-I9300I Build/JLS36C) AppleWebKit/537.36 (KHTML, like Gecko) Chrome/55.0.2883.91 Mobile Safari/537.36" "-"
151.241.20.35 - - [23/Jan/2019:10:22:56 +0330] "GET /image/5/productType/120x90 HTTP/1.1" 200 11487 "https://www.zanbil.ir/m/product/31614/61695/%DB%8C%D8%AE%DA%86%D8%A7%D9%84-%D9%81%D8%B1%DB%8C%D8%B2%D8%B1-%D8%B3%D8%A7%DB%8C%D8%AF-%D8%A8%D8%A7%DB%8C-%D8%B3%D8%A7%DB%8C%D8%AF-%D8%A7%D9%84-%D8%AC%DB%8C-%D9%85%D8%AF%D9%84-SXS230W" "Mozilla/5.0 (Linux; Android 4.3; GT-I9300I Build/JLS36C) AppleWebKit/537.36 (KHTML, like Gecko) Chrome/55.0.2883.91 Mobile Safari/537.36" "-"
5.210.86.107 - - [23/Jan/2019:10:22:56 +0330] "GET /image/32/brand HTTP/1.1" 200 2161 "https://www.zanbil.ir/m/filter/p48%2Ct16?name=%D8%A7%D8%AA%D9%88&productType=iron" "Mozilla/5.0 (Linux; Android 6.0; HUAWEI NXT-L29 Build/HUAWEINXT-L29) AppleWebKit/537.36 (KHTML, like Gecko) Chrome/67.0.3396.87 Mobile Safari/537.36" "-"
5.210.86.107 - - [23/Jan/2019:10:22:56 +0330] "GET /image/632/brand HTTP/1.1" 200 2473 "https://www.zanbil.ir/m/filter/p48%2Ct16?name=%D8%A7%D8%AA%D9%88&productType=iron" "Mozilla/5.0 (Linux; Android 6.0; HUAWEI NXT-L29 Build/HUAWEINXT-L29) AppleWebKit/537.36 (KHTML, like Gecko) Chrome/67.0.3396.87 Mobile Safari/537.36" "-"
5.210.86.107 - - [23/Jan/2019:10:22:56 +0330] "GET /image/17/productTypeType HTTP/1.1" 200 11065 "https://www.zanbil.ir/m/filter/p48%2Ct16?name=%D8%A7%D8%AA%D9%88&productType=iron" "Mozilla/5.0 (Linux; Android 6.0; HUAWEI NXT-L29 Build/HUAWEINXT-L29) AppleWebKit/537.36 (KHTML, like Gecko) Chrome/67.0.3396.87 Mobile Safari/537.36" "-"
5.114.86.57 - - [23/Jan/2019:10:22:56 +0330] "GET /settings/logo HTTP/1.1" 200 4120 "https://www.zanbil.ir/m/search/%D8%AA%D9%84%D9%88%DB%8C%D8%B2%DB%8C%D9%88%D9%86" "Mozilla/5.0 (Linux; Android 8.0.0; SAMSUNG SM-A520F Build/R16NW) AppleWebKit/537.36 (KHTML, like Gecko) SamsungBrowser/7.4 Chrome/59.0.3071.125 Mobile Safari/537.36" "-"
5.210.86.107 - - [23/Jan/2019:10:22:56 +0330] "GET /image/175/productTypeType HTTP/1.1" 200 11049 "https://www.zanbil.ir/m/filter/p48%2Ct16?name=%D8%A7%D8%AA%D9%88&productType=iron" "Mozilla/5.0 (Linux; Android 6.0; HUAWEI NXT-L29 Build/HUAWEINXT-L29) AppleWebKit/537.36 (KHTML, like Gecko) Chrome/67.0.3396.87 Mobile Safari/537.36" "-"
5.114.86.57 - - [23/Jan/2019:10:22:56 +0330] "GET /image/64649/productModel/200x200 HTTP/1.1" 200 9139 "https://www.zanbil.ir/m/search/%D8%AA%D9%84%D9%88%DB%8C%D8%B2%DB%8C%D9%88%D9%86" "Mozilla/5.0 (Linux; Android 8.0.0; SAMSUNG SM-A520F Build/R16NW) AppleWebKit/537.36 (KHTML, like Gecko) SamsungBrowser/7.4 Chrome/59.0.3071.125 Mobile Safari/537.36" "-"
5.114.86.57 - - [23/Jan/2019:10:22:56 +0330] "GET /image/65200/productModel/200x200 HTTP/1.1" 200 4012 "https://www.zanbil.ir/m/search/%D8%AA%D9%84%D9%88%DB%8C%D8%B2%DB%8C%D9%88%D9%86" "Mozilla/5.0 (Linux; Android 8.0.0; SAMSUNG SM-A520F Build/R16NW) AppleWebKit/537.36 (KHTML, like Gecko) SamsungBrowser/7.4 Chrome/59.0.3071.125 Mobile Safari/537.36" "-"
5.122.25.167 - - [23/Jan/2019:10:22:56 +0330] "GET /image/19/brand HTTP/1.1" 200 2595 "https://www.zanbil.ir/filter/p8601,b1" "Mozilla/5.0 (Windows NT 10.0; Win64; x64) AppleWebKit/537.36 (KHTML, like Gecko) Chrome/71.0.3578.98 Safari/537.36" "-"
5.114.86.57 - - [23/Jan/2019:10:22:56 +0330] "GET /image/62423/productModel/200x200 HTTP/1.1" 200 7591 "https://www.zanbil.ir/m/search/%D8%AA%D9%84%D9%88%DB%8C%D8%B2%DB%8C%D9%88%D9%86" "Mozilla/5.0 (Linux; Android 8.0.0; SAMSUNG SM-A520F Build/R16NW) AppleWebKit/537.36 (KHTML, like Gecko) SamsungBrowser/7.4 Chrome/59.0.3071.125 Mobile Safari/537.36" "-"
5.210.86.107 - - [23/Jan/2019:10:22:56 +0330] "GET /favicon.ico HTTP/1.1" 200 0 "https://www.zanbil.ir/m/filter/p48%2Ct16?name=%D8%A7%D8%AA%D9%88&productType=iron" "Mozilla/5.0 (Linux; Android 6.0; HUAWEI NXT-L29 Build/HUAWEINXT-L29) AppleWebKit/537.36 (KHTML, like Gecko) Chrome/67.0.3396.87 Mobile Safari/537.36" "-"
2.178.172.239 - - [23/Jan/2019:10:22:56 +0330] "GET /favicon.ico HTTP/1.1" 200 0 "-" "Mozilla/5.0 (Linux; Android 5.1.1; SAMSUNG SM-J3110 Build/LMY47X) AppleWebKit/537.36 (KHTML, like Gecko) SamsungBrowser/3.5 Chrome/38.0.2125.102 Mobile Safari/537.36" "-"
5.114.86.57 - - [23/Jan/2019:10:22:56 +0330] "GET /image/64650/productModel/200x200 HTTP/1.1" 200 9139 "https://www.zanbil.ir/m/search/%D8%AA%D9%84%D9%88%DB%8C%D8%B2%DB%8C%D9%88%D9%86" "Mozilla/5.0 (Linux; Android 8.0.0; SAMSUNG SM-A520F Build/R16NW) AppleWebKit/537.36 (KHTML, like Gecko) SamsungBrowser/7.4 Chrome/59.0.3071.125 Mobile Safari/537.36" "-"
82.99.235.200 - - [23/Jan/2019:10:22:56 +0330] "GET /basket/checkout HTTP/1.1" 200 41218 "https://www.zanbil.ir/site/product/33953" "Mozilla/5.0 (Windows NT 6.1; Win64; x64) AppleWebKit/537.36 (KHTML, like Gecko) Chrome/71.0.3578.98 Safari/537.36" "-"
5.122.25.167 - - [23/Jan/2019:10:22:56 +0330] "GET /image/5/brand HTTP/1.1" 200 2171 "https://www.zanbil.ir/filter/p8601,b1" "Mozilla/5.0 (Windows NT 10.0; Win64; x64) AppleWebKit/537.36 (KHTML, like Gecko) Chrome/71.0.3578.98 Safari/537.36" "-"
5.208.12.192 - - [23/Jan/2019:10:22:56 +0330] "GET /image/72/productTypeType HTTP/1.1" 200 3300 "https://www.zanbil.ir/m/browse/refrigerator-and-freezer/%DB%8C%D8%AE%DA%86%D8%A7%D9%84-%D9%81%D8%B1%DB%8C%D8%B2%D8%B1" "Mozilla/5.0 (Android 6.0.1; Mobile; rv:52.0) Gecko/52.0 Firefox/52.0" "-"
5.122.25.167 - - [23/Jan/2019:10:22:56 +0330] "GET /static/js/accordion.js?_=1548226597944 HTTP/1.1" 200 258 "https://www.zanbil.ir/browse/smartwatch/%D8%B3%D8%A7%D8%B9%D8%AA-%D9%87%D9%88%D8%B4%D9%85%D9%86%D8%AF" "Mozilla/5.0 (Windows NT 10.0; Win64; x64) AppleWebKit/537.36 (KHTML, like Gecko) Chrome/71.0.3578.98 Safari/537.36" "-"
66.249.66.194 - - [23/Jan/2019:10:22:56 +0330] "GET /m/filter/b485,p12786 HTTP/1.1" 200 18950 "-" "Mozilla/5.0 (Linux; Android 6.0.1; Nexus 5X Build/MMB29P) AppleWebKit/537.36 (KHTML, like Gecko) Chrome/41.0.2272.96 Mobile Safari/537.36 (compatible; Googlebot/2.1; +http://www.google.com/bot.html)" "-"
5.122.25.167 - - [23/Jan/2019:10:22:56 +0330] "GET /image/101/brand HTTP/1.1" 200 2095 "https://www.zanbil.ir/filter/p8601,b1" "Mozilla/5.0 (Windows NT 10.0; Win64; x64) AppleWebKit/537.36 (KHTML, like Gecko) Chrome/71.0.3578.98 Safari/537.36" "-"
5.122.25.167 - - [23/Jan/2019:10:22:56 +0330] "GET /image/1/brand HTTP/1.1" 200 3924 "https://www.zanbil.ir/filter/p8601,b1" "Mozilla/5.0 (Windows NT 10.0; Win64; x64) AppleWebKit/537.36 (KHTML, like Gecko) Chrome/71.0.3578.98 Safari/537.36" "-"
5.122.25.167 - - [23/Jan/2019:10:22:56 +0330] "GET /image/67/brand HTTP/1.1" 200 2312 "https://www.zanbil.ir/filter/p8601,b1" "Mozilla/5.0 (Windows NT 10.0; Win64; x64) AppleWebKit/537.36 (KHTML, like Gecko) Chrome/71.0.3578.98 Safari/537.36" "-"
5.122.25.167 - - [23/Jan/2019:10:22:56 +0330] "GET /image/2/brand HTTP/1.1" 200 4842 "https://www.zanbil.ir/filter/p8601,b1" "Mozilla/5.0 (Windows NT 10.0; Win64; x64) AppleWebKit/537.36 (KHTML, like Gecko) Chrome/71.0.3578.98 Safari/537.36" "-"
5.122.25.167 - - [23/Jan/2019:10:22:56 +0330] "GET /image/57676/productModel/150x150 HTTP/1.1" 200 4952 "https://www.zanbil.ir/filter/p8601,b1" "Mozilla/5.0 (Windows NT 10.0; Win64; x64) AppleWebKit/537.36 (KHTML, like Gecko) Chrome/71.0.3578.98 Safari/537.36" "-"
5.122.25.167 - - [23/Jan/2019:10:22:56 +0330] "GET /image/57677/productModel/150x150 HTTP/1.1" 200 4363 "https://www.zanbil.ir/filter/p8601,b1" "Mozilla/5.0 (Windows NT 10.0; Win64; x64) AppleWebKit/537.36 (KHTML, like Gecko) Chrome/71.0.3578.98 Safari/537.36" "-"
95.85.48.18 - - [23/Jan/2019:10:22:56 +0330] "GET /image/59597/productModel/200x200 HTTP/1.1" 200 5910 "https://www.zanbil.ir/m/browse/iron/%D8%A7%D8%AA%D9%88" "Mozilla/5.0 (Linux; Android 4.3; G630-U10 Build/HuaweiG630-U10) AppleWebKit/537.36 (KHTML, like Gecko) Chrome/35.0.1916.141 Mobile Safari/537.36" "-"
5.122.25.167 - - [23/Jan/2019:10:22:56 +0330] "GET /image/52598/productModel/150x150 HTTP/1.1" 200 5117 "https://www.zanbil.ir/filter/p8601,b1" "Mozilla/5.0 (Windows NT 10.0; Win64; x64) AppleWebKit/537.36 (KHTML, like Gecko) Chrome/71.0.3578.98 Safari/537.36" "-"
5.122.25.167 - - [23/Jan/2019:10:22:56 +0330] "GET /image/708/brand HTTP/1.1" 200 3648 "https://www.zanbil.ir/filter/p8601,b1" "Mozilla/5.0 (Windows NT 10.0; Win64; x64) AppleWebKit/537.36 (KHTML, like Gecko) Chrome/71.0.3578.98 Safari/537.36" "-"
95.85.48.18 - - [23/Jan/2019:10:22:57 +0330] "GET /image/63854/productModel/200x200 HTTP/1.1" 200 5921 "https://www.zanbil.ir/m/browse/iron/%D8%A7%D8%AA%D9%88" "Mozilla/5.0 (Linux; Android 4.3; G630-U10 Build/HuaweiG630-U10) AppleWebKit/537.36 (KHTML, like Gecko) Chrome/35.0.1916.141 Mobile Safari/537.36" "-"
5.122.25.167 - - [23/Jan/2019:10:22:57 +0330] "GET /image/707/brand HTTP/1.1" 200 4186 "https://www.zanbil.ir/filter/p8601,b1" "Mozilla/5.0 (Windows NT 10.0; Win64; x64) AppleWebKit/537.36 (KHTML, like Gecko) Chrome/71.0.3578.98 Safari/537.36" "-"
5.122.25.167 - - [23/Jan/2019:10:22:57 +0330] "GET /image/47984/productModel/150x150 HTTP/1.1" 200 3310 "https://www.zanbil.ir/filter/p8601,b1" "Mozilla/5.0 (Windows NT 10.0; Win64; x64) AppleWebKit/537.36 (KHTML, like Gecko) Chrome/71.0.3578.98 Safari/537.36" "-"
5.122.25.167 - - [23/Jan/2019:10:22:57 +0330] "GET /image/62108/productModel/150x150 HTTP/1.1" 200 4119 "https://www.zanbil.ir/filter/p8601,b1" "Mozilla/5.0 (Windows NT 10.0; Win64; x64) AppleWebKit/537.36 (KHTML, like Gecko) Chrome/71.0.3578.98 Safari/537.36" "-"
46.209.207.227 - - [23/Jan/2019:10:22:57 +0330] "POST /ajaxFilter/p18?page=1 HTTP/1.1" 200 6584 "https://www.zanbil.ir/browse/food-processor/%D8%BA%D8%B0%D8%A7-%D8%B3%D8%A7%D8%B2" "Mozilla/5.0 (Windows NT 6.1; rv:52.0) Gecko/20100101 Firefox/52.0" "-"
5.122.25.167 - - [23/Jan/2019:10:22:57 +0330] "GET /image/62109/productModel/150x150 HTTP/1.1" 200 4017 "https://www.zanbil.ir/filter/p8601,b1" "Mozilla/5.0 (Windows NT 10.0; Win64; x64) AppleWebKit/537.36 (KHTML, like Gecko) Chrome/71.0.3578.98 Safari/537.36" "-"
5.122.25.167 - - [23/Jan/2019:10:22:57 +0330] "GET /image/57675/productModel/150x150 HTTP/1.1" 200 5023 "https://www.zanbil.ir/filter/p8601,b1" "Mozilla/5.0 (Windows NT 10.0; Win64; x64) AppleWebKit/537.36 (KHTML, like Gecko) Chrome/71.0.3578.98 Safari/537.36" "-"
5.114.86.57 - - [23/Jan/2019:10:22:57 +0330] "GET /amp-helper-frame.html?appId=a624a1c1-0c93-466a-a546-e146710f97e6&parentOrigin=https://www.zanbil.ir HTTP/1.1" 200 133 "https://www.zanbil.ir/m/search/%D8%AA%D9%84%D9%88%DB%8C%D8%B2%DB%8C%D9%88%D9%86" "Mozilla/5.0 (Linux; Android 8.0.0; SAMSUNG SM-A520F Build/R16NW) AppleWebKit/537.36 (KHTML, like Gecko) SamsungBrowser/7.4 Chrome/59.0.3071.125 Mobile Safari/537.36" "-"
82.99.235.200 - - [23/Jan/2019:10:22:57 +0330] "GET /settings/logo HTTP/1.1" 200 4120 "https://www.zanbil.ir/basket/checkout" "Mozilla/5.0 (Windows NT 6.1; Win64; x64) AppleWebKit/537.36 (KHTML, like Gecko) Chrome/71.0.3578.98 Safari/537.36" "-"
5.117.210.134 - - [23/Jan/2019:10:22:57 +0330] "GET /orderAdministration/console/187217 HTTP/1.1" 302 0 "-" "Mozilla/5.0 (Windows NT 10.0; rv:64.0) Gecko/20100101 Firefox/64.0" "-"
66.249.66.194 - - [23/Jan/2019:10:22:57 +0330] "GET /filter/p28%2Cb36%2C1003%7C400?o=b HTTP/1.1" 302 0 "-" "Mozilla/5.0 (compatible; Googlebot/2.1; +http://www.google.com/bot.html)" "-"
66.249.66.91 - - [23/Jan/2019:10:22:57 +0330] "GET /filter/b481%2Cb874%2Cb226%2Cb570%2Cb598%2Cstexists%2Cb270%2Cb903%2Cb883%2Cb99%2Cb261%2Cb249%2Cb20%2Cb701%2Cb42%2Cb198%2Cb548%2Cb183%2Cb88%2Cb219%2Cb308%2Cb103%2Cb1%2Cb126%2Cb523%2Cb900%2Cb192%2Cb703%2Cb890%2Cb148%2Cb236%2Cb256%2Cb454%2Cb651%2Cb41%2Cb202%2Cb647%2Cb4%2Cb22%2Cb613%2Cb6%2Cb221%2Cb36%2Cb614%2Cb3%2Cb216%2Cb218%2Cb43%2Cb136%2Cb573%2Cb151%2Cb185%2Cb32%2Cb441%2Cb484%2Cb485%2Cb231%2Cb82%2Cb168%2Cp33536?page=85 HTTP/1.1" 200 32190 "-" "Mozilla/5.0 (compatible; Googlebot/2.1; +http://www.google.com/bot.html)" "-"
151.239.241.163 - - [23/Jan/2019:10:22:57 +0330] "GET /rapidGrails/jsonList?maxColumns=16&domainClass=eshop.Order&columns=[{%27name%27:%27trackingCode%27,%27width%27:110},{%27name%27:%27ownerName%27,%27width%27:120},{%27name%27:%27productsName%27,%27width%27:320,%27sortable%27:false},{%27name%27:%27ownerMobile%27,%27width%27:110},{%27name%27:%27deliveryMethodName%27,%27width%27:120,%27sortable%27:false},{%27name%27:%27deliveryCityName%27,%27width%27:120,%27sortable%27:false},{%27name%27:%27addressRegionName%27,%27width%27:120,%27sortable%27:false},{%27name%27:%27courier%27,%27width%27:120,%27expression%27:%27obj[\x5C%27courier\x5C%27]?.fullName%27},{%27name%27:%27status%27,%27width%27:110},{%27name%27:%27invoiceType%27,%27width%27:60,%27expression%27:%27g.message(code:%20obj[\x5C%27invoiceTypeCode\x5C%27])%27},{%27name%27:%27itemsDeliveryStatus%27,%27width%27:60},{%27name%27:%27creationType%27,%27width%27:50},{%27name%27:%27creationMedia%27,%27width%27:50},{%27name%27:%27completionMedia%27,%27width%27:50},{%27name%27:%27completionFollower%27,%27width%27:120},{%27name%27:%27lastActionDate%27,%27width%27:100,%27expression%27:%27rg.formatJalaliDate(date:%20%20obj[\x5C%27lastActionDate\x5C%27],%20hm:\x5C%27true\x5C%27%20)%27}]&filter=[{%22op%22:%22eq%22,%22val%22:%229711020545%22,%22field%22:%22trackingCode%22}]&_search=false&nd=1548226596253&rows=10&page=1&sidx=lastActionDate&sord=desc HTTP/1.1" 200 396 "https://www.zanbil.ir/orderAdministration/console" "Mozilla/5.0 (Windows NT 10.0; Win64; x64; rv:64.0) Gecko/20100101 Firefox/64.0" "-"
5.106.130.52 - - [23/Jan/2019:10:22:57 +0330] "GET /image/62787/productModel/200x200 HTTP/1.1" 200 6308 "https://www.zanbil.ir/m/filter/p31385%2Cb57%2Cb19" "Mozilla/5.0 (Linux; Android 4.4.2; HUAWEI Y560-U02) AppleWebKit/537.36 (KHTML, like Gecko) Chrome/70.0.3538.110 Mobile Safari/537.36" "-"
5.114.86.57 - - [23/Jan/2019:10:22:57 +0330] "GET /image/43/brand HTTP/1.1" 200 2376 "https://www.zanbil.ir/m/search/%D8%AA%D9%84%D9%88%DB%8C%D8%B2%DB%8C%D9%88%D9%86" "Mozilla/5.0 (Linux; Android 8.0.0; SAMSUNG SM-A520F Build/R16NW) AppleWebKit/537.36 (KHTML, like Gecko) SamsungBrowser/7.4 Chrome/59.0.3071.125 Mobile Safari/537.36" "-"
5.106.130.52 - - [23/Jan/2019:10:22:57 +0330] "GET /image/65256/productModel/200x200 HTTP/1.1" 200 5117 "https://www.zanbil.ir/m/filter/p31385%2Cb57%2Cb19" "Mozilla/5.0 (Linux; Android 4.4.2; HUAWEI Y560-U02) AppleWebKit/537.36 (KHTML, like Gecko) Chrome/70.0.3538.110 Mobile Safari/537.36" "-"
5.114.86.57 - - [23/Jan/2019:10:22:57 +0330] "GET /image/904/brand HTTP/1.1" 200 7339 "https://www.zanbil.ir/m/search/%D8%AA%D9%84%D9%88%DB%8C%D8%B2%DB%8C%D9%88%D9%86" "Mozilla/5.0 (Linux; Android 8.0.0; SAMSUNG SM-A520F Build/R16NW) AppleWebKit/537.36 (KHTML, like Gecko) SamsungBrowser/7.4 Chrome/59.0.3071.125 Mobile Safari/537.36" "-"
5.114.86.57 - - [23/Jan/2019:10:22:57 +0330] "GET /image/20/brand HTTP/1.1" 200 1958 "https://www.zanbil.ir/m/search/%D8%AA%D9%84%D9%88%DB%8C%D8%B2%DB%8C%D9%88%D9%86" "Mozilla/5.0 (Linux; Android 8.0.0; SAMSUNG SM-A520F Build/R16NW) AppleWebKit/537.36 (KHTML, like Gecko) SamsungBrowser/7.4 Chrome/59.0.3071.125 Mobile Safari/537.36" "-"
5.114.86.57 - - [23/Jan/2019:10:22:57 +0330] "GET /image/1225/mainSlideMobile HTTP/1.1" 200 62733 "https://www.zanbil.ir/m/search/%D8%AA%D9%84%D9%88%DB%8C%D8%B2%DB%8C%D9%88%D9%86" "Mozilla/5.0 (Linux; Android 8.0.0; SAMSUNG SM-A520F Build/R16NW) AppleWebKit/537.36 (KHTML, like Gecko) SamsungBrowser/7.4 Chrome/59.0.3071.125 Mobile Safari/537.36" "-"
5.208.194.243 - - [23/Jan/2019:10:22:57 +0330] "GET /settings/logo HTTP/1.1" 200 4120 "https://www.zanbil.ir/m/filter/b1%2Cp6" "Mozilla/5.0 (Linux; U; Android 4.4.2; fa-ir; SM-G355H Build/KOT49H) AppleWebKit/534.30 (KHTML, like Gecko) Version/4.0 Mobile Safari/534.30" "-"
5.114.86.57 - - [23/Jan/2019:10:22:57 +0330] "GET /image/31/productTypeType HTTP/1.1" 200 12351 "https://www.zanbil.ir/m/search/%D8%AA%D9%84%D9%88%DB%8C%D8%B2%DB%8C%D9%88%D9%86" "Mozilla/5.0 (Linux; Android 8.0.0; SAMSUNG SM-A520F Build/R16NW) AppleWebKit/537.36 (KHTML, like Gecko) SamsungBrowser/7.4 Chrome/59.0.3071.125 Mobile Safari/537.36" "-"
5.114.86.57 - - [23/Jan/2019:10:22:57 +0330] "GET /image/462/productTypeType HTTP/1.1" 200 13405 "https://www.zanbil.ir/m/search/%D8%AA%D9%84%D9%88%DB%8C%D8%B2%DB%8C%D9%88%D9%86" "Mozilla/5.0 (Linux; Android 8.0.0; SAMSUNG SM-A520F Build/R16NW) AppleWebKit/537.36 (KHTML, like Gecko) SamsungBrowser/7.4 Chrome/59.0.3071.125 Mobile Safari/537.36" "-"
5.114.86.57 - - [23/Jan/2019:10:22:57 +0330] "GET /image/65149/productModel/200x200 HTTP/1.1" 200 8101 "https://www.zanbil.ir/m/search/%D8%AA%D9%84%D9%88%DB%8C%D8%B2%DB%8C%D9%88%D9%86" "Mozilla/5.0 (Linux; Android 8.0.0; SAMSUNG SM-A520F Build/R16NW) AppleWebKit/537.36 (KHTML, like Gecko) SamsungBrowser/7.4 Chrome/59.0.3071.125 Mobile Safari/537.36" "-"
5.114.86.57 - - [23/Jan/2019:10:22:57 +0330] "GET /image/65317/productModel/200x200 HTTP/1.1" 200 8382 "https://www.zanbil.ir/m/search/%D8%AA%D9%84%D9%88%DB%8C%D8%B2%DB%8C%D9%88%D9%86" "Mozilla/5.0 (Linux; Android 8.0.0; SAMSUNG SM-A520F Build/R16NW) AppleWebKit/537.36 (KHTML, like Gecko) SamsungBrowser/7.4 Chrome/59.0.3071.125 Mobile Safari/537.36" "-"
5.117.210.134 - - [23/Jan/2019:10:22:57 +0330] "GET /orderAdministration/console/187217 HTTP/1.1" 200 4429 "-" "Mozilla/5.0 (Windows NT 10.0; rv:64.0) Gecko/20100101 Firefox/64.0" "-"
66.249.66.91 - - [23/Jan/2019:10:22:57 +0330] "GET /filter/b874%2Cb226%2Cb570%2Cb80%2Cb270%2Cb903%2Cb883%2Cb99%2Cb152%2Cb249%2Cb701%2Cb723%2Cb35%2Cb183%2Cb219%2Cb308%2Cb126%2Cb900%2Cb188%2Cb890%2Cb148%2Cb236%2Cb74%2Cb400%2Cb209%2Cb19%2Cb454%2Cb651%2Cb202%2Cb4%2Cb22%2Cb238%2Cb6%2Cb596%2Cb143%2Cb82%2Cb485%2Cb194%2Cb648%2Cb647%2Cb497%2Cb546%2Cb105%2Cb185%2Cb568%2Cb151%2Cb88%2Cb43%2Cb597%2Cb820%2Cb645%2Cb2%2Cb854%2Cb32%2Cb614%2Cb435%2Cb619%2Cb724%2Cb67%2Cb584%2Cb573%2Cb192%2Cb103%2Cb442%2Cb778?page=0 HTTP/1.1" 200 41171 "-" "Mozilla/5.0 (compatible; Googlebot/2.1; +http://www.google.com/bot.html)" "-"
188.158.191.102 - - [23/Jan/2019:10:22:57 +0330] "GET /image/11142/productModel/200x200 HTTP/1.1" 200 5825 "https://www.zanbil.ir/m/browse/gas-heater/%D8%A8%D8%AE%D8%A7%D8%B1%DB%8C-%DA%AF%D8%A7%D8%B2%DB%8C" "Mozilla/5.0 (Linux; Android 6.0.1; SAMSUNG SM-N910C Build/MMB29K) AppleWebKit/537.36 (KHTML, like Gecko) SamsungBrowser/8.2 Chrome/63.0.3239.111 Mobile Safari/537.36" "-"
188.158.191.102 - - [23/Jan/2019:10:22:57 +0330] "GET /image/10484/productModel/200x200 HTTP/1.1" 200 6609 "https://www.zanbil.ir/m/browse/gas-heater/%D8%A8%D8%AE%D8%A7%D8%B1%DB%8C-%DA%AF%D8%A7%D8%B2%DB%8C" "Mozilla/5.0 (Linux; Android 6.0.1; SAMSUNG SM-N910C Build/MMB29K) AppleWebKit/537.36 (KHTML, like Gecko) SamsungBrowser/8.2 Chrome/63.0.3239.111 Mobile Safari/537.36" "-"
89.221.88.241 - - [23/Jan/2019:10:22:57 +0330] "GET /site/alexaGooleAnalitic HTTP/1.1" 200 323 "https://www.zanbil.ir/filter/b135,p2597" "Mozilla/5.0 (Windows NT 6.1; Win64; x64) AppleWebKit/537.36 (KHTML, like Gecko) Chrome/71.0.3578.98 Safari/537.36" "-"
46.32.7.230 - - [23/Jan/2019:10:22:57 +0330] "POST /ajaxFilter/b2,stexists?page=2 HTTP/1.1" 200 8744 "https://www.zanbil.ir/filter/b2,stexists?page=1" "Mozilla/5.0 (Windows NT 6.1; rv:60.0) Gecko/20100101 Firefox/60.0" "-"
5.117.210.134 - - [23/Jan/2019:10:22:57 +0330] "GET /plugins/ckeditor-3.6.2.2/js/ckeditor/ckeditor.js HTTP/1.1" 302 0 "https://www.zanbil.ir/orderAdministration/console/187217" "Mozilla/5.0 (Windows NT 10.0; rv:64.0) Gecko/20100101 Firefox/64.0" "-"
46.224.62.57 - - [23/Jan/2019:10:22:57 +0330] "GET /m/filter/p2598?page=4 HTTP/1.1" 200 18808 "https://www.zanbil.ir/m/filter/p2598?page=3" "Mozilla/5.0 (Linux; Android 6.0; HTC U Play) AppleWebKit/537.36 (KHTML, like Gecko) Chrome/71.0.3578.99 Mobile Safari/537.36" "-"
66.249.66.194 - - [23/Jan/2019:10:22:57 +0330] "GET /m/filter/p2597,v1%7C%D9%86%D9%82%D8%B1%D9%87%20%D8%A7%DB%8C. HTTP/1.1" 200 18209 "-" "Mozilla/5.0 (Linux; Android 6.0.1; Nexus 5X Build/MMB29P) AppleWebKit/537.36 (KHTML, like Gecko) Chrome/41.0.2272.96 Mobile Safari/537.36 (compatible; Googlebot/2.1; +http://www.google.com/bot.html)" "-"
5.114.86.57 - - [23/Jan/2019:10:22:57 +0330] "GET /favicon.ico HTTP/1.1" 200 0 "https://www.zanbil.ir/m/search/%D8%AA%D9%84%D9%88%DB%8C%D8%B2%DB%8C%D9%88%D9%86" "Mozilla/5.0 (Linux; Android 8.0.0; SAMSUNG SM-A520F Build/R16NW) AppleWebKit/537.36 (KHTML, like Gecko) SamsungBrowser/7.4 Chrome/59.0.3071.125 Mobile Safari/537.36" "-"
89.38.197.213 - - [23/Jan/2019:10:22:57 +0330] "GET /static/images/guarantees/goodShopping.png HTTP/1.1" 200 6496 "https://www.zanbil.ir/m/search/%D9%85%D8%A7%DA%A9%D8%B1%D9%88%D9%81%D8%B1-%D8%A7%D9%84-%D8%AC%DB%8C" "Mozilla/5.0 (Android 6.0.1; Mobile; rv:63.0) Gecko/63.0 Firefox/63.0" "-"
89.38.197.213 - - [23/Jan/2019:10:22:57 +0330] "GET /static/images/guarantees/warranty.png HTTP/1.1" 200 5807 "https://www.zanbil.ir/m/search/%D9%85%D8%A7%DA%A9%D8%B1%D9%88%D9%81%D8%B1-%D8%A7%D9%84-%D8%AC%DB%8C" "Mozilla/5.0 (Android 6.0.1; Mobile; rv:63.0) Gecko/63.0 Firefox/63.0" "-"
5.114.86.57 - - [23/Jan/2019:10:22:57 +0330] "GET /image/3/brand HTTP/1.1" 200 2885 "https://www.zanbil.ir/m/search/%D8%AA%D9%84%D9%88%DB%8C%D8%B2%DB%8C%D9%88%D9%86" "Mozilla/5.0 (Linux; Android 8.0.0; SAMSUNG SM-A520F Build/R16NW) AppleWebKit/537.36 (KHTML, like Gecko) SamsungBrowser/7.4 Chrome/59.0.3071.125 Mobile Safari/537.36" "-"
89.38.197.213 - - [23/Jan/2019:10:22:57 +0330] "GET /static/images/guarantees/bestPrice.png HTTP/1.1" 200 7356 "https://www.zanbil.ir/m/search/%D9%85%D8%A7%DA%A9%D8%B1%D9%88%D9%81%D8%B1-%D8%A7%D9%84-%D8%AC%DB%8C" "Mozilla/5.0 (Android 6.0.1; Mobile; rv:63.0) Gecko/63.0 Firefox/63.0" "-"
89.38.197.213 - - [23/Jan/2019:10:22:57 +0330] "GET /static/images/guarantees/support.png HTTP/1.1" 200 6454 "https://www.zanbil.ir/m/search/%D9%85%D8%A7%DA%A9%D8%B1%D9%88%D9%81%D8%B1-%D8%A7%D9%84-%D8%AC%DB%8C" "Mozilla/5.0 (Android 6.0.1; Mobile; rv:63.0) Gecko/63.0 Firefox/63.0" "-"
5.114.86.57 - - [23/Jan/2019:10:22:57 +0330] "GET /image/67/brand HTTP/1.1" 200 2312 "https://www.zanbil.ir/m/search/%D8%AA%D9%84%D9%88%DB%8C%D8%B2%DB%8C%D9%88%D9%86" "Mozilla/5.0 (Linux; Android 8.0.0; SAMSUNG SM-A520F Build/R16NW) AppleWebKit/537.36 (KHTML, like Gecko) SamsungBrowser/7.4 Chrome/59.0.3071.125 Mobile Safari/537.36" "-"
5.114.86.57 - - [23/Jan/2019:10:22:57 +0330] "GET /image/126/brand HTTP/1.1" 200 2436 "https://www.zanbil.ir/m/search/%D8%AA%D9%84%D9%88%DB%8C%D8%B2%DB%8C%D9%88%D9%86" "Mozilla/5.0 (Linux; Android 8.0.0; SAMSUNG SM-A520F Build/R16NW) AppleWebKit/537.36 (KHTML, like Gecko) SamsungBrowser/7.4 Chrome/59.0.3071.125 Mobile Safari/537.36" "-"
89.38.197.213 - - [23/Jan/2019:10:22:57 +0330] "GET /static/images/guarantees/fastDelivery.png HTTP/1.1" 200 7713 "https://www.zanbil.ir/m/search/%D9%85%D8%A7%DA%A9%D8%B1%D9%88%D9%81%D8%B1-%D8%A7%D9%84-%D8%AC%DB%8C" "Mozilla/5.0 (Android 6.0.1; Mobile; rv:63.0) Gecko/63.0 Firefox/63.0" "-"
195.181.168.181 - - [23/Jan/2019:10:22:57 +0330] "GET /rapidGrails/jsonList?maxColumns=16&domainClass=eshop.Order&filter=[{op:%27inSession%27,%20field:%27id%27,%20val:%27orderList65c794542e954feb9ac527ab74a304da%27}]&columns=[{%27name%27:%27trackingCode%27,%27width%27:110},{%27name%27:%27ownerName%27,%27width%27:120},{%27name%27:%27productsName%27,%27width%27:320,%27sortable%27:false},{%27name%27:%27ownerMobile%27,%27width%27:110},{%27name%27:%27deliveryMethodName%27,%27width%27:120,%27sortable%27:false},{%27name%27:%27deliveryCityName%27,%27width%27:120,%27sortable%27:false},{%27name%27:%27addressRegionName%27,%27width%27:120,%27sortable%27:false},{%27name%27:%27courier%27,%27width%27:120,%27expression%27:%27obj[\x5C%27courier\x5C%27]?.fullName%27},{%27name%27:%27status%27,%27width%27:110},{%27name%27:%27invoiceType%27,%27width%27:60,%27expression%27:%27g.message(code:%20obj[\x5C%27invoiceTypeCode\x5C%27])%27},{%27name%27:%27itemsDeliveryStatus%27,%27width%27:60},{%27name%27:%27creationType%27,%27width%27:50},{%27name%27:%27creationMedia%27,%27width%27:50},{%27name%27:%27completionMedia%27,%27width%27:50},{%27name%27:%27completionFollower%27,%27width%27:120},{%27name%27:%27lastActionDate%27,%27width%27:100,%27expression%27:%27rg.formatJalaliDate(date:%20%20obj[\x5C%27lastActionDate\x5C%27],%20hm:\x5C%27true\x5C%27%20)%27}]&_search=false&nd=1548226596446&rows=10&page=1&sidx=lastActionDate&sord=desc HTTP/1.1" 200 1629 "https://www.zanbil.ir/orderAdministration/console/187183" "Mozilla/5.0 (Windows NT 10.0; Win64; x64; rv:64.0) Gecko/20100101 Firefox/64.0" "-"
80.250.199.165 - - [23/Jan/2019:10:22:57 +0330] "GET /image/61555/productModel/200x200 HTTP/1.1" 200 6188 "https://www.zanbil.ir/m/filter/p48?page=2" "Mozilla/5.0 (Linux; Android 7.0; HTC One A9) AppleWebKit/537.36 (KHTML, like Gecko) Chrome/70.0.3538.64 Mobile Safari/537.36" "-"
5.114.86.57 - - [23/Jan/2019:10:22:57 +0330] "GET /image/163/productTypeType HTTP/1.1" 200 27213 "https://www.zanbil.ir/m/search/%D8%AA%D9%84%D9%88%DB%8C%D8%B2%DB%8C%D9%88%D9%86" "Mozilla/5.0 (Linux; Android 8.0.0; SAMSUNG SM-A520F Build/R16NW) AppleWebKit/537.36 (KHTML, like Gecko) SamsungBrowser/7.4 Chrome/59.0.3071.125 Mobile Safari/537.36" "-"
5.114.86.57 - - [23/Jan/2019:10:22:57 +0330] "GET /image/1210/mainSlideMobile HTTP/1.1" 200 66326 "https://www.zanbil.ir/m/search/%D8%AA%D9%84%D9%88%DB%8C%D8%B2%DB%8C%D9%88%D9%86" "Mozilla/5.0 (Linux; Android 8.0.0; SAMSUNG SM-A520F Build/R16NW) AppleWebKit/537.36 (KHTML, like Gecko) SamsungBrowser/7.4 Chrome/59.0.3071.125 Mobile Safari/537.36" "-"
5.114.86.57 - - [23/Jan/2019:10:22:57 +0330] "GET /image/1221/mainSlideMobile HTTP/1.1" 200 68387 "https://www.zanbil.ir/m/search/%D8%AA%D9%84%D9%88%DB%8C%D8%B2%DB%8C%D9%88%D9%86" "Mozilla/5.0 (Linux; Android 8.0.0; SAMSUNG SM-A520F Build/R16NW) AppleWebKit/537.36 (KHTML, like Gecko) SamsungBrowser/7.4 Chrome/59.0.3071.125 Mobile Safari/537.36" "-"
46.32.7.230 - - [23/Jan/2019:10:22:57 +0330] "GET /image/62326/productModel/150x150 HTTP/1.1" 200 3147 "https://www.zanbil.ir/filter/b2,stexists?page=1" "Mozilla/5.0 (Windows NT 6.1; rv:60.0) Gecko/20100101 Firefox/60.0" "-"
46.32.7.230 - - [23/Jan/2019:10:22:57 +0330] "GET /image/63649/productModel/150x150 HTTP/1.1" 200 2033 "https://www.zanbil.ir/filter/b2,stexists?page=1" "Mozilla/5.0 (Windows NT 6.1; rv:60.0) Gecko/20100101 Firefox/60.0" "-"
46.32.7.230 - - [23/Jan/2019:10:22:57 +0330] "GET /image/61821/productModel/150x150 HTTP/1.1" 200 6012 "https://www.zanbil.ir/filter/b2,stexists?page=1" "Mozilla/5.0 (Windows NT 6.1; rv:60.0) Gecko/20100101 Firefox/60.0" "-"
46.32.7.230 - - [23/Jan/2019:10:22:57 +0330] "GET /image/60762/productModel/150x150 HTTP/1.1" 200 5669 "https://www.zanbil.ir/filter/b2,stexists?page=1" "Mozilla/5.0 (Windows NT 6.1; rv:60.0) Gecko/20100101 Firefox/60.0" "-"
46.32.7.230 - - [23/Jan/2019:10:22:57 +0330] "GET /static/js/accordion.js?_=1548226598470 HTTP/1.1" 200 258 "https://www.zanbil.ir/filter/b2,stexists?page=1" "Mozilla/5.0 (Windows NT 6.1; rv:60.0) Gecko/20100101 Firefox/60.0" "-"
80.250.199.165 - - [23/Jan/2019:10:22:57 +0330] "GET /image/59605/productModel/200x200 HTTP/1.1" 200 4174 "https://www.zanbil.ir/m/filter/p48?page=2" "Mozilla/5.0 (Linux; Android 7.0; HTC One A9) AppleWebKit/537.36 (KHTML, like Gecko) Chrome/70.0.3538.64 Mobile Safari/537.36" "-"
46.32.7.230 - - [23/Jan/2019:10:22:58 +0330] "GET /image/64819/productModel/150x150 HTTP/1.1" 200 3674 "https://www.zanbil.ir/filter/b2,stexists?page=1" "Mozilla/5.0 (Windows NT 6.1; rv:60.0) Gecko/20100101 Firefox/60.0" "-"
5.117.210.134 - - [23/Jan/2019:10:22:58 +0330] "GET /static/bundle-bundle_jqueryUi_head.js HTTP/1.1" 200 33682 "https://www.zanbil.ir/orderAdministration/console/187217" "Mozilla/5.0 (Windows NT 10.0; rv:64.0) Gecko/20100101 Firefox/64.0" "-"
5.117.210.134 - - [23/Jan/2019:10:22:58 +0330] "GET /static/bundle-bundle_easyui_head.min.css HTTP/1.1" 200 6484 "https://www.zanbil.ir/orderAdministration/console/187217" "Mozilla/5.0 (Windows NT 10.0; rv:64.0) Gecko/20100101 Firefox/64.0" "-"
46.32.7.230 - - [23/Jan/2019:10:22:58 +0330] "GET /image/62371/productModel/150x150 HTTP/1.1" 200 3116 "https://www.zanbil.ir/filter/b2,stexists?page=1" "Mozilla/5.0 (Windows NT 6.1; rv:60.0) Gecko/20100101 Firefox/60.0" "-"
46.32.7.230 - - [23/Jan/2019:10:22:58 +0330] "GET /image/61480/productModel/150x150 HTTP/1.1" 200 2147 "https://www.zanbil.ir/filter/b2,stexists?page=1" "Mozilla/5.0 (Windows NT 6.1; rv:60.0) Gecko/20100101 Firefox/60.0" "-"
46.32.7.230 - - [23/Jan/2019:10:22:58 +0330] "GET /image/62227/productModel/150x150 HTTP/1.1" 200 2969 "https://www.zanbil.ir/filter/b2,stexists?page=1" "Mozilla/5.0 (Windows NT 6.1; rv:60.0) Gecko/20100101 Firefox/60.0" "-"
5.117.210.134 - - [23/Jan/2019:10:22:58 +0330] "GET /static/plugins/jquery-ui-1.8.15/jquery-ui/themes/cobalt/jquery-ui-1.8.15.custom.min.css HTTP/1.1" 200 5415 "https://www.zanbil.ir/orderAdministration/console/187217" "Mozilla/5.0 (Windows NT 10.0; rv:64.0) Gecko/20100101 Firefox/64.0" "-"
5.117.210.134 - - [23/Jan/2019:10:22:58 +0330] "GET /static/bundle-bundle_jqGrid_head.min.css HTTP/1.1" 200 2260 "https://www.zanbil.ir/orderAdministration/console/187217" "Mozilla/5.0 (Windows NT 10.0; rv:64.0) Gecko/20100101 Firefox/64.0" "-"
5.117.210.134 - - [23/Jan/2019:10:22:58 +0330] "GET /static/bundle-bundle_jqGrid_head.min.js HTTP/1.1" 304 0 "https://www.zanbil.ir/orderAdministration/console/187217" "Mozilla/5.0 (Windows NT 10.0; rv:64.0) Gecko/20100101 Firefox/64.0" "-"
5.117.210.134 - - [23/Jan/2019:10:22:58 +0330] "GET /static/bundle-bundle_admin_head.min.css HTTP/1.1" 200 25435 "https://www.zanbil.ir/orderAdministration/console/187217" "Mozilla/5.0 (Windows NT 10.0; rv:64.0) Gecko/20100101 Firefox/64.0" "-"
89.38.197.213 - - [23/Jan/2019:10:22:58 +0330] "GET /settings/logo HTTP/1.1" 200 4120 "https://www.zanbil.ir/m/search/%D9%85%D8%A7%DA%A9%D8%B1%D9%88%D9%81%D8%B1-%D8%A7%D9%84-%D8%AC%DB%8C" "Mozilla/5.0 (Android 6.0.1; Mobile; rv:63.0) Gecko/63.0 Firefox/63.0" "-"
5.117.210.134 - - [23/Jan/2019:10:22:58 +0330] "GET /static/bundle-bundle_jqueryUi_defer.js HTTP/1.1" 304 0 "https://www.zanbil.ir/orderAdministration/console/187217" "Mozilla/5.0 (Windows NT 10.0; rv:64.0) Gecko/20100101 Firefox/64.0" "-"
46.32.7.230 - - [23/Jan/2019:10:22:58 +0330] "GET /image/63149/productModel/150x150 HTTP/1.1" 200 1703 "https://www.zanbil.ir/filter/b2,stexists?page=1" "Mozilla/5.0 (Windows NT 6.1; rv:60.0) Gecko/20100101 Firefox/60.0" "-"
5.117.210.134 - - [23/Jan/2019:10:22:58 +0330] "GET /static/bundle-bundle_easyui_defer.min.js HTTP/1.1" 200 17873 "https://www.zanbil.ir/orderAdministration/console/187217" "Mozilla/5.0 (Windows NT 10.0; rv:64.0) Gecko/20100101 Firefox/64.0" "-"
5.117.210.134 - - [23/Jan/2019:10:22:58 +0330] "GET /static/bundle-bundle_angular_defer.min.js HTTP/1.1" 200 29333 "https://www.zanbil.ir/orderAdministration/console/187217" "Mozilla/5.0 (Windows NT 10.0; rv:64.0) Gecko/20100101 Firefox/64.0" "-"
5.117.210.134 - - [23/Jan/2019:10:22:58 +0330] "GET /static/bundle-bundle_admin_defer.min.js HTTP/1.1" 304 0 "https://www.zanbil.ir/orderAdministration/console/187217" "Mozilla/5.0 (Windows NT 10.0; rv:64.0) Gecko/20100101 Firefox/64.0" "-"
5.117.210.134 - - [23/Jan/2019:10:22:58 +0330] "GET /static/bundle-bundle_jqGrid_defer.min.js HTTP/1.1" 304 0 "https://www.zanbil.ir/orderAdministration/console/187217" "Mozilla/5.0 (Windows NT 10.0; rv:64.0) Gecko/20100101 Firefox/64.0" "-"
82.99.235.200 - - [23/Jan/2019:10:22:58 +0330] "GET /province/getProvinceCities?id=1 HTTP/1.1" 200 503 "https://www.zanbil.ir/basket/checkout" "Mozilla/5.0 (Windows NT 6.1; Win64; x64) AppleWebKit/537.36 (KHTML, like Gecko) Chrome/71.0.3578.98 Safari/537.36" "-"
5.117.210.134 - - [23/Jan/2019:10:22:58 +0330] "GET /static/plugins/ckeditor-3.6.2.2/js/ckeditor/ckeditor.min.js HTTP/1.1" 304 0 "https://www.zanbil.ir/orderAdministration/console/187217" "Mozilla/5.0 (Windows NT 10.0; rv:64.0) Gecko/20100101 Firefox/64.0" "-"
5.117.210.134 - - [23/Jan/2019:10:22:58 +0330] "GET /static/js/application.min.js HTTP/1.1" 200 125 "https://www.zanbil.ir/orderAdministration/console/187217" "Mozilla/5.0 (Windows NT 10.0; rv:64.0) Gecko/20100101 Firefox/64.0" "-"
5.117.210.134 - - [23/Jan/2019:10:22:58 +0330] "GET /static/images/header_bokeh.png HTTP/1.1" 304 0 "https://znbl.ir/static/bundle-bundle_admin_head.min.css" "Mozilla/5.0 (Windows NT 10.0; rv:64.0) Gecko/20100101 Firefox/64.0" "-"
5.117.210.134 - - [23/Jan/2019:10:22:58 +0330] "GET /static/images/header_bg.png HTTP/1.1" 304 0 "https://znbl.ir/static/bundle-bundle_admin_head.min.css" "Mozilla/5.0 (Windows NT 10.0; rv:64.0) Gecko/20100101 Firefox/64.0" "-"
5.117.210.134 - - [23/Jan/2019:10:22:58 +0330] "GET /static/images/skin/house.png HTTP/1.1" 304 0 "https://znbl.ir/static/bundle-bundle_admin_head.min.css" "Mozilla/5.0 (Windows NT 10.0; rv:64.0) Gecko/20100101 Firefox/64.0" "-"
5.117.210.134 - - [23/Jan/2019:10:22:58 +0330] "GET /static/images/logo-zanbil.png HTTP/1.1" 304 0 "https://www.zanbil.ir/orderAdministration/console/187217" "Mozilla/5.0 (Windows NT 10.0; rv:64.0) Gecko/20100101 Firefox/64.0" "-"
5.117.210.134 - - [23/Jan/2019:10:22:58 +0330] "GET /static/images/skin/logout.png HTTP/1.1" 304 0 "https://znbl.ir/static/bundle-bundle_admin_head.min.css" "Mozilla/5.0 (Windows NT 10.0; rv:64.0) Gecko/20100101 Firefox/64.0" "-"
5.117.210.134 - - [23/Jan/2019:10:22:58 +0330] "GET /static/bundle-bundle_jqueryUi_defer.js HTTP/1.1" 304 0 "https://www.zanbil.ir/orderAdministration/console/187217" "Mozilla/5.0 (Windows NT 10.0; rv:64.0) Gecko/20100101 Firefox/64.0" "-"
5.208.194.243 - - [23/Jan/2019:10:22:58 +0330] "HEAD /amp_preconnect_polyfill_404_or_other_error_expected._Do_not_worry_about_it?1548226440000 HTTP/1.1" 404 0 "https://www.zanbil.ir/m/filter/b1%2Cp6" "Mozilla/5.0 (Linux; U; Android 4.4.2; fa-ir; SM-G355H Build/KOT49H) AppleWebKit/534.30 (KHTML, like Gecko) Version/4.0 Mobile Safari/534.30" "-"
148.251.133.251 - - [23/Jan/2019:10:22:58 +0330] "GET /product/28125/56877/%D9%87%D9%88%D8%AF-%D8%B4%D9%88%D9%85%DB%8C%D9%86%D9%87-%D8%A7%DB%8C-%D8%A7%D8%AE%D9%88%D8%A7%D9%86-%D9%85%D8%AF%D9%84-H-38 HTTP/1.1" 200 561280 "-" "Mozilla/5.0 (Windows; U; Windows NT 5.1; en-US; rv:x.x.x) Gecko/20041107 Firefox/x.x" "-"
5.117.210.134 - - [23/Jan/2019:10:22:58 +0330] "GET /static/css/font/wyekan/font.woff HTTP/1.1" 200 28536 "https://znbl.ir/static/bundle-bundle_admin_head.min.css" "Mozilla/5.0 (Windows NT 10.0; rv:64.0) Gecko/20100101 Firefox/64.0" "-"
5.117.210.134 - - [23/Jan/2019:10:22:58 +0330] "GET /static/images/loading.gif HTTP/1.1" 304 0 "https://www.zanbil.ir/orderAdministration/console/187217" "Mozilla/5.0 (Windows NT 10.0; rv:64.0) Gecko/20100101 Firefox/64.0" "-"
5.117.210.134 - - [23/Jan/2019:10:22:58 +0330] "GET /static/images/spinner.gif HTTP/1.1" 304 0 "https://znbl.ir/static/bundle-bundle_admin_head.min.css" "Mozilla/5.0 (Windows NT 10.0; rv:64.0) Gecko/20100101 Firefox/64.0" "-"
5.120.36.176 - - [23/Jan/2019:10:22:58 +0330] "GET /amp-helper-frame.html?appId=a624a1c1-0c93-466a-a546-e146710f97e6&parentOrigin=https://www-zanbil-ir.cdn.ampproject.org HTTP/1.1" 200 133 "https://www-zanbil-ir.cdn.ampproject.org/v/s/www.zanbil.ir/m/browse/digital-camera/%D8%AF%D9%88%D8%B1%D8%A8%DB%8C%D9%86-%D8%B9%DA%A9%D8%A7%D8%B3%DB%8C?amp_js_v=0.1&usqp=mq331AQECAEoAQ%3D%3D" "Mozilla/5.0 (Linux; Android 5.1.1; SAMSUNG SM-J500F Build/LMY48B) AppleWebKit/537.36 (KHTML, like Gecko) SamsungBrowser/8.2 Chrome/63.0.3239.111 Mobile Safari/537.36" "-"
46.209.207.227 - - [23/Jan/2019:10:22:58 +0330] "GET /image/125/brand HTTP/1.1" 200 2239 "https://www.zanbil.ir/browse/food-processor/%D8%BA%D8%B0%D8%A7-%D8%B3%D8%A7%D8%B2" "Mozilla/5.0 (Windows NT 6.1; rv:52.0) Gecko/20100101 Firefox/52.0" "-"
46.209.207.227 - - [23/Jan/2019:10:22:58 +0330] "GET /image/185/brand HTTP/1.1" 200 2299 "https://www.zanbil.ir/browse/food-processor/%D8%BA%D8%B0%D8%A7-%D8%B3%D8%A7%D8%B2" "Mozilla/5.0 (Windows NT 6.1; rv:52.0) Gecko/20100101 Firefox/52.0" "-"
46.209.207.227 - - [23/Jan/2019:10:22:58 +0330] "GET /image/153/brand HTTP/1.1" 200 2566 "https://www.zanbil.ir/browse/food-processor/%D8%BA%D8%B0%D8%A7-%D8%B3%D8%A7%D8%B2" "Mozilla/5.0 (Windows NT 6.1; rv:52.0) Gecko/20100101 Firefox/52.0" "-"
46.209.207.227 - - [23/Jan/2019:10:22:59 +0330] "GET /image/43/brand HTTP/1.1" 200 2376 "https://www.zanbil.ir/browse/food-processor/%D8%BA%D8%B0%D8%A7-%D8%B3%D8%A7%D8%B2" "Mozilla/5.0 (Windows NT 6.1; rv:52.0) Gecko/20100101 Firefox/52.0" "-"
46.209.207.227 - - [23/Jan/2019:10:22:59 +0330] "GET /image/41/brand HTTP/1.1" 200 2946 "https://www.zanbil.ir/browse/food-processor/%D8%BA%D8%B0%D8%A7-%D8%B3%D8%A7%D8%B2" "Mozilla/5.0 (Windows NT 6.1; rv:52.0) Gecko/20100101 Firefox/52.0" "-"
46.209.207.227 - - [23/Jan/2019:10:22:59 +0330] "GET /image/879/brand HTTP/1.1" 200 3348 "https://www.zanbil.ir/browse/food-processor/%D8%BA%D8%B0%D8%A7-%D8%B3%D8%A7%D8%B2" "Mozilla/5.0 (Windows NT 6.1; rv:52.0) Gecko/20100101 Firefox/52.0" "-"
46.209.207.227 - - [23/Jan/2019:10:22:59 +0330] "GET /image/180/brand HTTP/1.1" 200 2566 "https://www.zanbil.ir/browse/food-processor/%D8%BA%D8%B0%D8%A7-%D8%B3%D8%A7%D8%B2" "Mozilla/5.0 (Windows NT 6.1; rv:52.0) Gecko/20100101 Firefox/52.0" "-"
46.209.207.227 - - [23/Jan/2019:10:22:59 +0330] "GET /image/215/brand HTTP/1.1" 200 2353 "https://www.zanbil.ir/browse/food-processor/%D8%BA%D8%B0%D8%A7-%D8%B3%D8%A7%D8%B2" "Mozilla/5.0 (Windows NT 6.1; rv:52.0) Gecko/20100101 Firefox/52.0" "-"
46.209.207.227 - - [23/Jan/2019:10:22:59 +0330] "GET /image/105/brand HTTP/1.1" 200 2653 "https://www.zanbil.ir/browse/food-processor/%D8%BA%D8%B0%D8%A7-%D8%B3%D8%A7%D8%B2" "Mozilla/5.0 (Windows NT 6.1; rv:52.0) Gecko/20100101 Firefox/52.0" "-"
46.209.207.227 - - [23/Jan/2019:10:22:59 +0330] "GET /image/33/brand HTTP/1.1" 200 2328 "https://www.zanbil.ir/browse/food-processor/%D8%BA%D8%B0%D8%A7-%D8%B3%D8%A7%D8%B2" "Mozilla/5.0 (Windows NT 6.1; rv:52.0) Gecko/20100101 Firefox/52.0" "-"
46.209.207.227 - - [23/Jan/2019:10:22:59 +0330] "GET /image/74/brand HTTP/1.1" 200 2536 "https://www.zanbil.ir/browse/food-processor/%D8%BA%D8%B0%D8%A7-%D8%B3%D8%A7%D8%B2" "Mozilla/5.0 (Windows NT 6.1; rv:52.0) Gecko/20100101 Firefox/52.0" "-"
46.209.207.227 - - [23/Jan/2019:10:22:59 +0330] "GET /image/878/brand HTTP/1.1" 200 4300 "https://www.zanbil.ir/browse/food-processor/%D8%BA%D8%B0%D8%A7-%D8%B3%D8%A7%D8%B2" "Mozilla/5.0 (Windows NT 6.1; rv:52.0) Gecko/20100101 Firefox/52.0" "-"
46.209.207.227 - - [23/Jan/2019:10:22:59 +0330] "GET /image/145/brand HTTP/1.1" 200 2600 "https://www.zanbil.ir/browse/food-processor/%D8%BA%D8%B0%D8%A7-%D8%B3%D8%A7%D8%B2" "Mozilla/5.0 (Windows NT 6.1; rv:52.0) Gecko/20100101 Firefox/52.0" "-"
46.209.207.227 - - [23/Jan/2019:10:22:59 +0330] "GET /image/8/brand HTTP/1.1" 200 2427 "https://www.zanbil.ir/browse/food-processor/%D8%BA%D8%B0%D8%A7-%D8%B3%D8%A7%D8%B2" "Mozilla/5.0 (Windows NT 6.1; rv:52.0) Gecko/20100101 Firefox/52.0" "-"
46.209.207.227 - - [23/Jan/2019:10:22:59 +0330] "GET /image/36/brand HTTP/1.1" 200 2946 "https://www.zanbil.ir/browse/food-processor/%D8%BA%D8%B0%D8%A7-%D8%B3%D8%A7%D8%B2" "Mozilla/5.0 (Windows NT 6.1; rv:52.0) Gecko/20100101 Firefox/52.0" "-"
46.209.207.227 - - [23/Jan/2019:10:22:59 +0330] "GET /image/874/brand HTTP/1.1" 200 7699 "https://www.zanbil.ir/browse/food-processor/%D8%BA%D8%B0%D8%A7-%D8%B3%D8%A7%D8%B2" "Mozilla/5.0 (Windows NT 6.1; rv:52.0) Gecko/20100101 Firefox/52.0" "-"
89.38.197.213 - - [23/Jan/2019:10:22:59 +0330] "GET /favicon.ico HTTP/1.1" 200 0 "-" "Mozilla/5.0 (Android 6.0.1; Mobile; rv:63.0.2) Gecko/63.0.2 Firefox/63.0.2" "-"
46.209.207.227 - - [23/Jan/2019:10:22:59 +0330] "GET /image/50/brand HTTP/1.1" 200 2905 "https://www.zanbil.ir/browse/food-processor/%D8%BA%D8%B0%D8%A7-%D8%B3%D8%A7%D8%B2" "Mozilla/5.0 (Windows NT 6.1; rv:52.0) Gecko/20100101 Firefox/52.0" "-"
