5.52.244.220 - - [23/Jan/2019:10:22:53 +0330] "GET /image/30813/productModel/200x200 HTTP/1.1" 200 4639 "https://www.zanbil.ir/m/browse/manicure-and-pedicure/%D8%B3%D8%AA-%D9%85%D8%A7%D9%86%DB%8C%DA%A9%D9%88%D8%B1-%D9%88-%D9%BE%D8%AF%DB%8C%DA%A9%D9%88%D8%B1" "Mozilla/5.0 (Linux; Android 6.0.1; SM-N910C) AppleWebKit/537.36 (KHTML, like Gecko) Chrome/71.0.3578.99 Mobile Safari/537.36" "-"
109.169.65.209 - - [23/Jan/2019:10:22:53 +0330] "GET /static/images/guarantees/fastDelivery.png HTTP/1.1" 200 7713 "https://www.zanbil.ir/m/product/28080/56767/%D9%87%D9%88%D8%AF-%D8%B2%DB%8C%D8%B1%DA%A9%D8%A7%D8%A8%DB%8C%D9%86%D8%AA%DB%8C-%D8%A8%DB%8C%D9%85%DA%A9%D8%AB-%D9%85%D8%AF%D9%84-B1002U" "Mozilla/5.0 (iPhone; CPU iPhone OS 12_1_2 like Mac OS X) AppleWebKit/605.1.15 (KHTML, like Gecko) Version/12.0 Mobile/15E148 Safari/604.1" "-"
5.52.244.220 - - [23/Jan/2019:10:22:53 +0330] "GET /image/62970/productModel/200x200 HTTP/1.1" 200 2207 "https://www.zanbil.ir/m/browse/manicure-and-pedicure/%D8%B3%D8%AA-%D9%85%D8%A7%D9%86%DB%8C%DA%A9%D9%88%D8%B1-%D9%88-%D9%BE%D8%AF%DB%8C%DA%A9%D9%88%D8%B1" "Mozilla/5.0 (Linux; Android 6.0.1; SM-N910C) AppleWebKit/537.36 (KHTML, like Gecko) Chrome/71.0.3578.99 Mobile Safari/537.36" "-"
5.52.244.220 - - [23/Jan/2019:10:22:53 +0330] "GET /image/63678/productModel/200x200 HTTP/1.1" 200 2833 "https://www.zanbil.ir/m/browse/manicure-and-pedicure/%D8%B3%D8%AA-%D9%85%D8%A7%D9%86%DB%8C%DA%A9%D9%88%D8%B1-%D9%88-%D9%BE%D8%AF%DB%8C%DA%A9%D9%88%D8%B1" "Mozilla/5.0 (Linux; Android 6.0.1; SM-N910C) AppleWebKit/537.36 (KHTML, like Gecko) Chrome/71.0.3578.99 Mobile Safari/537.36" "-"
148.251.133.251 - - [23/Jan/2019:10:22:53 +0330] "GET /product/28329/57150/%D8%A7%D8%AC%D8%A7%D9%82-%DA%AF%D8%A7%D8%B2-%D8%B5%D9%81%D8%AD%D9%87-%D8%A7%DB%8C-%D8%A8%DB%8C%D9%85%DA%A9%D8%AB-%D9%85%D8%AF%D9%84-MG0034-Flora HTTP/1.1" 200 563092 "-" "Mozilla/5.0 (Windows; U; Windows NT 5.1; en-US; rv:x.x.x) Gecko/20041107 Firefox/x.x" "-"
5.120.174.159 - - [23/Jan/2019:10:22:53 +0330] "GET /m/product/34352/65316/%D8%AA%D9%84%D9%88%DB%8C%D8%B2%DB%8C%D9%88%D9%86-%D8%A7%D9%84-%D8%A7%DB%8C-%D8%AF%DB%8C-%D8%A7%D8%B3%D9%86%D9%88%D8%A7-%D9%85%D8%AF%D9%84-SLD-50SA120 HTTP/1.1" 200 21573 "https://www.zanbil.ir/m/product/32130/62400/%D8%AA%D9%84%D9%88%DB%8C%D8%B2%DB%8C%D9%88%D9%86-%D8%A7%D9%84-%D8%A7%DB%8C-%D8%AF%DB%8C-%D8%B3%D8%A7%D9%85%D8%B3%D9%88%D9%86%DA%AF-%D9%85%D8%AF%D9%84-40M5950" "Mozilla/5.0 (Linux; Android 8.1.0; SAMSUNG SM-G610F Build/M1AJQ) AppleWebKit/537.36 (KHTML, like Gecko) SamsungBrowser/7.4 Chrome/59.0.3071.125 Mobile Safari/537.36" "-"
95.216.86.214 - - [23/Jan/2019:10:22:53 +0330] "GET /image/%7B%7BbasketItem.id%7D%7D?type=productModel&wh=50x50 HTTP/1.1" 200 5 "https://www.zanbil.ir/product/33992/64802/%D8%AA%D9%84%D9%88%DB%8C%D8%B2%DB%8C%D9%88%D9%86-%D8%A7%D9%84-%D8%A7%DB%8C-%D8%AF%DB%8C-%D8%B3%D8%A7%D9%85%D8%B3%D9%88%D9%86%DA%AF-%D9%85%D8%AF%D9%84-49N5880" "Mozilla/5.0 (Windows NT 10.0; Win64; x64; rv:64.0) Gecko/20100101 Firefox/64.0" "-"
78.39.200.178 - - [23/Jan/2019:10:22:53 +0330] "GET /browse/Home-Furniture/%D9%85%D8%A8%D9%84%D9%85%D8%A7%D9%86-%D8%AE%D8%A7%D9%86%DA%AF%DB%8C HTTP/1.1" 200 30712 "https://www.zanbil.ir/browse/furniture/%D9%85%D8%A8%D9%84%D9%85%D8%A7%D9%86" "Mozilla/5.0 (Windows NT 6.1; Trident/7.0; rv:11.0) like Gecko" "-"
95.216.86.214 - - [23/Jan/2019:10:22:53 +0330] "GET /image/1/brand HTTP/1.1" 200 3924 "https://www.zanbil.ir/product/33992/64802/%D8%AA%D9%84%D9%88%DB%8C%D8%B2%DB%8C%D9%88%D9%86-%D8%A7%D9%84-%D8%A7%DB%8C-%D8%AF%DB%8C-%D8%B3%D8%A7%D9%85%D8%B3%D9%88%D9%86%DA%AF-%D9%85%D8%AF%D9%84-49N5880" "Mozilla/5.0 (Windows NT 10.0; Win64; x64; rv:64.0) Gecko/20100101 Firefox/64.0" "-"
95.216.86.214 - - [23/Jan/2019:10:22:53 +0330] "GET /image/33992/product/50x50 HTTP/1.1" 200 1347 "https://www.zanbil.ir/product/33992/64802/%D8%AA%D9%84%D9%88%DB%8C%D8%B2%DB%8C%D9%88%D9%86-%D8%A7%D9%84-%D8%A7%DB%8C-%D8%AF%DB%8C-%D8%B3%D8%A7%D9%85%D8%B3%D9%88%D9%86%DA%AF-%D9%85%D8%AF%D9%84-49N5880" "Mozilla/5.0 (Windows NT 10.0; Win64; x64; rv:64.0) Gecko/20100101 Firefox/64.0" "-"
5.116.118.58 - - [23/Jan/2019:10:22:53 +0330] "GET /favicon.ico HTTP/1.1" 200 0 "https://www.zanbil.ir/m/article/751/%D8%A7%D8%B3%DA%A9%D9%88%D9%84%DB%8C%D9%88%D8%B2-%DB%8C%D8%A7-%D8%A7%D9%86%D8%AD%D8%B1%D8%A7%D9%81-%D8%B3%D8%AA%D9%88%D9%86-%D9%81%D9%82%D8%B1%D8%A7%D8%AA-%D9%88-%DA%86%DA%AF%D9%88%D9%86%DA%AF%DB%8C-%D8%AF%D8%B1%D9%85%D8%A7%D9%86-%D8%A2%D9%86" "Mozilla/5.0 (Linux; Android 5.1.1; SM-G531H Build/LMY48B) AppleWebKit/537.36 (KHTML, like Gecko) Chrome/65.0.3325.109 Mobile Safari/537.36" "-"
113.203.0.210 - - [23/Jan/2019:10:22:53 +0330] "GET /image/65144/productModel/200x200 HTTP/1.1" 200 4825 "https://www.zanbil.ir/m/browse/cell-phone/%DA%AF%D9%88%D8%B4%DB%8C-%D9%85%D9%88%D8%A8%D8%A7%DB%8C%D9%84" "Mozilla/5.0 (iPhone; CPU iPhone OS 10_2_1 like Mac OS X) AppleWebKit/602.1.50 (KHTML, like Gecko) CriOS/68.0.3440.83 Mobile/14D27 Safari/602.1" "-"
157.55.39.167 - - [23/Jan/2019:10:22:53 +0330] "GET /product/18289?model=37028 HTTP/1.1" 301 178 "-" "Mozilla/5.0 (compatible; bingbot/2.0; +http://www.bing.com/bingbot.htm)" "-"
95.216.86.214 - - [23/Jan/2019:10:22:53 +0330] "GET /image/33992?name=mmm.jpg&wh=300x300 HTTP/1.1" 200 11237 "https://www.zanbil.ir/product/33992/64802/%D8%AA%D9%84%D9%88%DB%8C%D8%B2%DB%8C%D9%88%D9%86-%D8%A7%D9%84-%D8%A7%DB%8C-%D8%AF%DB%8C-%D8%B3%D8%A7%D9%85%D8%B3%D9%88%D9%86%DA%AF-%D9%85%D8%AF%D9%84-49N5880" "Mozilla/5.0 (Windows NT 10.0; Win64; x64; rv:64.0) Gecko/20100101 Firefox/64.0" "-"
95.216.86.214 - - [23/Jan/2019:10:22:53 +0330] "GET /image/62456/productModel/100x100 HTTP/1.1" 200 2810 "https://www.zanbil.ir/product/33992/64802/%D8%AA%D9%84%D9%88%DB%8C%D8%B2%DB%8C%D9%88%D9%86-%D8%A7%D9%84-%D8%A7%DB%8C-%D8%AF%DB%8C-%D8%B3%D8%A7%D9%85%D8%B3%D9%88%D9%86%DA%AF-%D9%85%D8%AF%D9%84-49N5880" "Mozilla/5.0 (Windows NT 10.0; Win64; x64; rv:64.0) Gecko/20100101 Firefox/64.0" "-"
109.169.65.209 - - [23/Jan/2019:10:22:53 +0330] "GET /image/28080?name=model-b1002u.jpg&wh=max HTTP/1.1" 200 31092 "https://www.zanbil.ir/m/product/28080/56767/%D9%87%D9%88%D8%AF-%D8%B2%DB%8C%D8%B1%DA%A9%D8%A7%D8%A8%DB%8C%D9%86%D8%AA%DB%8C-%D8%A8%DB%8C%D9%85%DA%A9%D8%AB-%D9%85%D8%AF%D9%84-B1002U" "Mozilla/5.0 (iPhone; CPU iPhone OS 12_1_2 like Mac OS X) AppleWebKit/605.1.15 (KHTML, like Gecko) Version/12.0 Mobile/15E148 Safari/604.1" "-"
80.250.199.165 - - [23/Jan/2019:10:22:53 +0330] "GET /settings/logo HTTP/1.1" 200 4120 "https://www.zanbil.ir/m/filter/p48?page=2" "Mozilla/5.0 (Linux; Android 7.0; HTC One A9) AppleWebKit/537.36 (KHTML, like Gecko) Chrome/70.0.3538.64 Mobile Safari/537.36" "-"
80.250.199.165 - - [23/Jan/2019:10:22:53 +0330] "GET /image/46242/productModel/200x200 HTTP/1.1" 200 8755 "https://www.zanbil.ir/m/filter/p48?page=2" "Mozilla/5.0 (Linux; Android 7.0; HTC One A9) AppleWebKit/537.36 (KHTML, like Gecko) Chrome/70.0.3538.64 Mobile Safari/537.36" "-"
78.39.200.178 - - [23/Jan/2019:10:22:53 +0330] "GET /image/57864/productModel/150x150 HTTP/1.1" 200 2988 "https://www.zanbil.ir/browse/Home-Furniture/%D9%85%D8%A8%D9%84%D9%85%D8%A7%D9%86-%D8%AE%D8%A7%D9%86%DA%AF%DB%8C" "Mozilla/5.0 (Windows NT 6.1; Trident/7.0; rv:11.0) like Gecko" "-"
78.39.200.178 - - [23/Jan/2019:10:22:53 +0330] "GET /image/58037/productModel/150x150 HTTP/1.1" 200 2771 "https://www.zanbil.ir/browse/Home-Furniture/%D9%85%D8%A8%D9%84%D9%85%D8%A7%D9%86-%D8%AE%D8%A7%D9%86%DA%AF%DB%8C" "Mozilla/5.0 (Windows NT 6.1; Trident/7.0; rv:11.0) like Gecko" "-"
78.39.200.178 - - [23/Jan/2019:10:22:53 +0330] "GET /image/57997/productModel/150x150 HTTP/1.1" 200 2458 "https://www.zanbil.ir/browse/Home-Furniture/%D9%85%D8%A8%D9%84%D9%85%D8%A7%D9%86-%D8%AE%D8%A7%D9%86%DA%AF%DB%8C" "Mozilla/5.0 (Windows NT 6.1; Trident/7.0; rv:11.0) like Gecko" "-"
78.39.200.178 - - [23/Jan/2019:10:22:53 +0330] "GET /image/57883/productModel/150x150 HTTP/1.1" 200 3245 "https://www.zanbil.ir/browse/Home-Furniture/%D9%85%D8%A8%D9%84%D9%85%D8%A7%D9%86-%D8%AE%D8%A7%D9%86%DA%AF%DB%8C" "Mozilla/5.0 (Windows NT 6.1; Trident/7.0; rv:11.0) like Gecko" "-"
78.39.200.178 - - [23/Jan/2019:10:22:53 +0330] "GET /image/28996/productType/240x180 HTTP/1.1" 200 13795 "https://www.zanbil.ir/browse/Home-Furniture/%D9%85%D8%A8%D9%84%D9%85%D8%A7%D9%86-%D8%AE%D8%A7%D9%86%DA%AF%DB%8C" "Mozilla/5.0 (Windows NT 6.1; Trident/7.0; rv:11.0) like Gecko" "-"
78.39.200.178 - - [23/Jan/2019:10:22:53 +0330] "GET /image/58041/productModel/150x150 HTTP/1.1" 200 2306 "https://www.zanbil.ir/browse/Home-Furniture/%D9%85%D8%A8%D9%84%D9%85%D8%A7%D9%86-%D8%AE%D8%A7%D9%86%DA%AF%DB%8C" "Mozilla/5.0 (Windows NT 6.1; Trident/7.0; rv:11.0) like Gecko" "-"
78.39.200.178 - - [23/Jan/2019:10:22:53 +0330] "GET /image/57871/productModel/150x150 HTTP/1.1" 200 3188 "https://www.zanbil.ir/browse/Home-Furniture/%D9%85%D8%A8%D9%84%D9%85%D8%A7%D9%86-%D8%AE%D8%A7%D9%86%DA%AF%DB%8C" "Mozilla/5.0 (Windows NT 6.1; Trident/7.0; rv:11.0) like Gecko" "-"
78.39.200.178 - - [23/Jan/2019:10:22:53 +0330] "GET /image/58024/productModel/100x100 HTTP/1.1" 200 2068 "https://www.zanbil.ir/browse/Home-Furniture/%D9%85%D8%A8%D9%84%D9%85%D8%A7%D9%86-%D8%AE%D8%A7%D9%86%DA%AF%DB%8C" "Mozilla/5.0 (Windows NT 6.1; Trident/7.0; rv:11.0) like Gecko" "-"
78.39.200.178 - - [23/Jan/2019:10:22:53 +0330] "GET /image/58009/productModel/150x150 HTTP/1.1" 200 2686 "https://www.zanbil.ir/browse/Home-Furniture/%D9%85%D8%A8%D9%84%D9%85%D8%A7%D9%86-%D8%AE%D8%A7%D9%86%DA%AF%DB%8C" "Mozilla/5.0 (Windows NT 6.1; Trident/7.0; rv:11.0) like Gecko" "-"
78.39.200.178 - - [23/Jan/2019:10:22:53 +0330] "GET /image/57997/productModel/100x100 HTTP/1.1" 200 1682 "https://www.zanbil.ir/browse/Home-Furniture/%D9%85%D8%A8%D9%84%D9%85%D8%A7%D9%86-%D8%AE%D8%A7%D9%86%DA%AF%DB%8C" "Mozilla/5.0 (Windows NT 6.1; Trident/7.0; rv:11.0) like Gecko" "-"
78.39.200.178 - - [23/Jan/2019:10:22:53 +0330] "GET /image/58019/productModel/100x100 HTTP/1.1" 200 1927 "https://www.zanbil.ir/browse/Home-Furniture/%D9%85%D8%A8%D9%84%D9%85%D8%A7%D9%86-%D8%AE%D8%A7%D9%86%DA%AF%DB%8C" "Mozilla/5.0 (Windows NT 6.1; Trident/7.0; rv:11.0) like Gecko" "-"
78.39.200.178 - - [23/Jan/2019:10:22:53 +0330] "GET /image/57877/productModel/150x150 HTTP/1.1" 200 3652 "https://www.zanbil.ir/browse/Home-Furniture/%D9%85%D8%A8%D9%84%D9%85%D8%A7%D9%86-%D8%AE%D8%A7%D9%86%DA%AF%DB%8C" "Mozilla/5.0 (Windows NT 6.1; Trident/7.0; rv:11.0) like Gecko" "-"
78.39.200.178 - - [23/Jan/2019:10:22:53 +0330] "GET /image/58046/productModel/150x150 HTTP/1.1" 200 2536 "https://www.zanbil.ir/browse/Home-Furniture/%D9%85%D8%A8%D9%84%D9%85%D8%A7%D9%86-%D8%AE%D8%A7%D9%86%DA%AF%DB%8C" "Mozilla/5.0 (Windows NT 6.1; Trident/7.0; rv:11.0) like Gecko" "-"
78.39.200.178 - - [23/Jan/2019:10:22:53 +0330] "GET /image/58023/productModel/100x100 HTTP/1.1" 200 2068 "https://www.zanbil.ir/browse/Home-Furniture/%D9%85%D8%A8%D9%84%D9%85%D8%A7%D9%86-%D8%AE%D8%A7%D9%86%DA%AF%DB%8C" "Mozilla/5.0 (Windows NT 6.1; Trident/7.0; rv:11.0) like Gecko" "-"
78.39.200.178 - - [23/Jan/2019:10:22:53 +0330] "GET /image/58031/productModel/150x150 HTTP/1.1" 200 2379 "https://www.zanbil.ir/browse/Home-Furniture/%D9%85%D8%A8%D9%84%D9%85%D8%A7%D9%86-%D8%AE%D8%A7%D9%86%DA%AF%DB%8C" "Mozilla/5.0 (Windows NT 6.1; Trident/7.0; rv:11.0) like Gecko" "-"
78.39.200.178 - - [23/Jan/2019:10:22:53 +0330] "GET /image/59159/productModel/150x150 HTTP/1.1" 200 3091 "https://www.zanbil.ir/browse/Home-Furniture/%D9%85%D8%A8%D9%84%D9%85%D8%A7%D9%86-%D8%AE%D8%A7%D9%86%DA%AF%DB%8C" "Mozilla/5.0 (Windows NT 6.1; Trident/7.0; rv:11.0) like Gecko" "-"
78.39.200.178 - - [23/Jan/2019:10:22:53 +0330] "GET /image/58029/productModel/150x150 HTTP/1.1" 200 2444 "https://www.zanbil.ir/browse/Home-Furniture/%D9%85%D8%A8%D9%84%D9%85%D8%A7%D9%86-%D8%AE%D8%A7%D9%86%DA%AF%DB%8C" "Mozilla/5.0 (Windows NT 6.1; Trident/7.0; rv:11.0) like Gecko" "-"
78.39.200.178 - - [23/Jan/2019:10:22:53 +0330] "GET /image/57891/productModel/150x150 HTTP/1.1" 200 14721 "https://www.zanbil.ir/browse/Home-Furniture/%D9%85%D8%A8%D9%84%D9%85%D8%A7%D9%86-%D8%AE%D8%A7%D9%86%DA%AF%DB%8C" "Mozilla/5.0 (Windows NT 6.1; Trident/7.0; rv:11.0) like Gecko" "-"
78.39.200.178 - - [23/Jan/2019:10:22:53 +0330] "GET /image/58014/productModel/150x150 HTTP/1.1" 200 2848 "https://www.zanbil.ir/browse/Home-Furniture/%D9%85%D8%A8%D9%84%D9%85%D8%A7%D9%86-%D8%AE%D8%A7%D9%86%DA%AF%DB%8C" "Mozilla/5.0 (Windows NT 6.1; Trident/7.0; rv:11.0) like Gecko" "-"
78.39.200.178 - - [23/Jan/2019:10:22:53 +0330] "GET /image/58021/productModel/150x150 HTTP/1.1" 200 2927 "https://www.zanbil.ir/browse/Home-Furniture/%D9%85%D8%A8%D9%84%D9%85%D8%A7%D9%86-%D8%AE%D8%A7%D9%86%DA%AF%DB%8C" "Mozilla/5.0 (Windows NT 6.1; Trident/7.0; rv:11.0) like Gecko" "-"
78.39.200.178 - - [23/Jan/2019:10:22:53 +0330] "GET /image/58023/productModel/150x150 HTTP/1.1" 200 3209 "https://www.zanbil.ir/browse/Home-Furniture/%D9%85%D8%A8%D9%84%D9%85%D8%A7%D9%86-%D8%AE%D8%A7%D9%86%DA%AF%DB%8C" "Mozilla/5.0 (Windows NT 6.1; Trident/7.0; rv:11.0) like Gecko" "-"
78.39.200.178 - - [23/Jan/2019:10:22:53 +0330] "GET /image/58017/productModel/150x150 HTTP/1.1" 200 2958 "https://www.zanbil.ir/browse/Home-Furniture/%D9%85%D8%A8%D9%84%D9%85%D8%A7%D9%86-%D8%AE%D8%A7%D9%86%DA%AF%DB%8C" "Mozilla/5.0 (Windows NT 6.1; Trident/7.0; rv:11.0) like Gecko" "-"
78.39.200.178 - - [23/Jan/2019:10:22:53 +0330] "GET /image/57897/productModel/100x100 HTTP/1.1" 200 2128 "https://www.zanbil.ir/browse/Home-Furniture/%D9%85%D8%A8%D9%84%D9%85%D8%A7%D9%86-%D8%AE%D8%A7%D9%86%DA%AF%DB%8C" "Mozilla/5.0 (Windows NT 6.1; Trident/7.0; rv:11.0) like Gecko" "-"
78.39.200.178 - - [23/Jan/2019:10:22:53 +0330] "GET /image/58029/productModel/100x100 HTTP/1.1" 200 1706 "https://www.zanbil.ir/browse/Home-Furniture/%D9%85%D8%A8%D9%84%D9%85%D8%A7%D9%86-%D8%AE%D8%A7%D9%86%DA%AF%DB%8C" "Mozilla/5.0 (Windows NT 6.1; Trident/7.0; rv:11.0) like Gecko" "-"
78.39.200.178 - - [23/Jan/2019:10:22:53 +0330] "GET /image/58014/productModel/100x100 HTTP/1.1" 200 1896 "https://www.zanbil.ir/browse/Home-Furniture/%D9%85%D8%A8%D9%84%D9%85%D8%A7%D9%86-%D8%AE%D8%A7%D9%86%DA%AF%DB%8C" "Mozilla/5.0 (Windows NT 6.1; Trident/7.0; rv:11.0) like Gecko" "-"
78.39.200.178 - - [23/Jan/2019:10:22:53 +0330] "GET /image/58041/productModel/100x100 HTTP/1.1" 200 1587 "https://www.zanbil.ir/browse/Home-Furniture/%D9%85%D8%A8%D9%84%D9%85%D8%A7%D9%86-%D8%AE%D8%A7%D9%86%DA%AF%DB%8C" "Mozilla/5.0 (Windows NT 6.1; Trident/7.0; rv:11.0) like Gecko" "-"
78.39.200.178 - - [23/Jan/2019:10:22:53 +0330] "GET /image/57897/productModel/150x150 HTTP/1.1" 200 3271 "https://www.zanbil.ir/browse/Home-Furniture/%D9%85%D8%A8%D9%84%D9%85%D8%A7%D9%86-%D8%AE%D8%A7%D9%86%DA%AF%DB%8C" "Mozilla/5.0 (Windows NT 6.1; Trident/7.0; rv:11.0) like Gecko" "-"
78.39.200.178 - - [23/Jan/2019:10:22:53 +0330] "GET /image/58036/productModel/100x100 HTTP/1.1" 200 1591 "https://www.zanbil.ir/browse/Home-Furniture/%D9%85%D8%A8%D9%84%D9%85%D8%A7%D9%86-%D8%AE%D8%A7%D9%86%DA%AF%DB%8C" "Mozilla/5.0 (Windows NT 6.1; Trident/7.0; rv:11.0) like Gecko" "-"
78.39.200.178 - - [23/Jan/2019:10:22:53 +0330] "GET /image/58003/productModel/150x150 HTTP/1.1" 200 2716 "https://www.zanbil.ir/browse/Home-Furniture/%D9%85%D8%A8%D9%84%D9%85%D8%A7%D9%86-%D8%AE%D8%A7%D9%86%DA%AF%DB%8C" "Mozilla/5.0 (Windows NT 6.1; Trident/7.0; rv:11.0) like Gecko" "-"
78.39.200.178 - - [23/Jan/2019:10:22:53 +0330] "GET /image/58006/productModel/100x100 HTTP/1.1" 200 1858 "https://www.zanbil.ir/browse/Home-Furniture/%D9%85%D8%A8%D9%84%D9%85%D8%A7%D9%86-%D8%AE%D8%A7%D9%86%DA%AF%DB%8C" "Mozilla/5.0 (Windows NT 6.1; Trident/7.0; rv:11.0) like Gecko" "-"
78.39.200.178 - - [23/Jan/2019:10:22:53 +0330] "GET /image/58033/productModel/100x100 HTTP/1.1" 200 1669 "https://www.zanbil.ir/browse/Home-Furniture/%D9%85%D8%A8%D9%84%D9%85%D8%A7%D9%86-%D8%AE%D8%A7%D9%86%DA%AF%DB%8C" "Mozilla/5.0 (Windows NT 6.1; Trident/7.0; rv:11.0) like Gecko" "-"
78.39.200.178 - - [23/Jan/2019:10:22:53 +0330] "GET /image/57889/productModel/150x150 HTTP/1.1" 200 2330 "https://www.zanbil.ir/browse/Home-Furniture/%D9%85%D8%A8%D9%84%D9%85%D8%A7%D9%86-%D8%AE%D8%A7%D9%86%DA%AF%DB%8C" "Mozilla/5.0 (Windows NT 6.1; Trident/7.0; rv:11.0) like Gecko" "-"
78.39.200.178 - - [23/Jan/2019:10:22:53 +0330] "GET /image/58021/productModel/100x100 HTTP/1.1" 200 1940 "https://www.zanbil.ir/browse/Home-Furniture/%D9%85%D8%A8%D9%84%D9%85%D8%A7%D9%86-%D8%AE%D8%A7%D9%86%DA%AF%DB%8C" "Mozilla/5.0 (Windows NT 6.1; Trident/7.0; rv:11.0) like Gecko" "-"
78.39.200.178 - - [23/Jan/2019:10:22:53 +0330] "GET /settings/logo HTTP/1.1" 200 4120 "https://www.zanbil.ir/browse/Home-Furniture/%D9%85%D8%A8%D9%84%D9%85%D8%A7%D9%86-%D8%AE%D8%A7%D9%86%DA%AF%DB%8C" "Mozilla/5.0 (Windows NT 6.1; Trident/7.0; rv:11.0) like Gecko" "-"
78.39.200.178 - - [23/Jan/2019:10:22:53 +0330] "GET /image/58046/productModel/100x100 HTTP/1.1" 200 1718 "https://www.zanbil.ir/browse/Home-Furniture/%D9%85%D8%A8%D9%84%D9%85%D8%A7%D9%86-%D8%AE%D8%A7%D9%86%DA%AF%DB%8C" "Mozilla/5.0 (Windows NT 6.1; Trident/7.0; rv:11.0) like Gecko" "-"
78.39.200.178 - - [23/Jan/2019:10:22:53 +0330] "GET /image/58037/productModel/100x100 HTTP/1.1" 200 1828 "https://www.zanbil.ir/browse/Home-Furniture/%D9%85%D8%A8%D9%84%D9%85%D8%A7%D9%86-%D8%AE%D8%A7%D9%86%DA%AF%DB%8C" "Mozilla/5.0 (Windows NT 6.1; Trident/7.0; rv:11.0) like Gecko" "-"
66.249.66.91 - - [23/Jan/2019:10:22:53 +0330] "GET /image/56767/productModel/200x200 HTTP/1.1" 200 3276 "-" "Googlebot-Image/1.0" "-"
78.39.200.178 - - [23/Jan/2019:10:22:53 +0330] "GET /image/28830/productType/240x180 HTTP/1.1" 200 22353 "https://www.zanbil.ir/browse/Home-Furniture/%D9%85%D8%A8%D9%84%D9%85%D8%A7%D9%86-%D8%AE%D8%A7%D9%86%DA%AF%DB%8C" "Mozilla/5.0 (Windows NT 6.1; Trident/7.0; rv:11.0) like Gecko" "-"
78.39.200.178 - - [23/Jan/2019:10:22:53 +0330] "GET /image/57995/productModel/100x100 HTTP/1.1" 200 2076 "https://www.zanbil.ir/browse/Home-Furniture/%D9%85%D8%A8%D9%84%D9%85%D8%A7%D9%86-%D8%AE%D8%A7%D9%86%DA%AF%DB%8C" "Mozilla/5.0 (Windows NT 6.1; Trident/7.0; rv:11.0) like Gecko" "-"
78.39.200.178 - - [23/Jan/2019:10:22:53 +0330] "GET /image/58009/productModel/100x100 HTTP/1.1" 200 1834 "https://www.zanbil.ir/browse/Home-Furniture/%D9%85%D8%A8%D9%84%D9%85%D8%A7%D9%86-%D8%AE%D8%A7%D9%86%DA%AF%DB%8C" "Mozilla/5.0 (Windows NT 6.1; Trident/7.0; rv:11.0) like Gecko" "-"
95.216.86.214 - - [23/Jan/2019:10:22:53 +0330] "GET /image/33992?name=49n5880-3.jpg&wh=300x300 HTTP/1.1" 200 7569 "https://www.zanbil.ir/product/33992/64802/%D8%AA%D9%84%D9%88%DB%8C%D8%B2%DB%8C%D9%88%D9%86-%D8%A7%D9%84-%D8%A7%DB%8C-%D8%AF%DB%8C-%D8%B3%D8%A7%D9%85%D8%B3%D9%88%D9%86%DA%AF-%D9%85%D8%AF%D9%84-49N5880" "Mozilla/5.0 (Windows NT 10.0; Win64; x64; rv:64.0) Gecko/20100101 Firefox/64.0" "-"
95.216.86.214 - - [23/Jan/2019:10:22:53 +0330] "GET /image/33992?name=49n5880.jpg&wh=300x300 HTTP/1.1" 200 12342 "https://www.zanbil.ir/product/33992/64802/%D8%AA%D9%84%D9%88%DB%8C%D8%B2%DB%8C%D9%88%D9%86-%D8%A7%D9%84-%D8%A7%DB%8C-%D8%AF%DB%8C-%D8%B3%D8%A7%D9%85%D8%B3%D9%88%D9%86%DA%AF-%D9%85%D8%AF%D9%84-49N5880" "Mozilla/5.0 (Windows NT 10.0; Win64; x64; rv:64.0) Gecko/20100101 Firefox/64.0" "-"
95.85.48.18 - - [23/Jan/2019:10:22:53 +0330] "GET /settings/logo HTTP/1.1" 200 4120 "https://www.zanbil.ir/m/browse/iron/%D8%A7%D8%AA%D9%88" "Mozilla/5.0 (Linux; Android 4.3; G630-U10 Build/HuaweiG630-U10) AppleWebKit/537.36 (KHTML, like Gecko) Chrome/35.0.1916.141 Mobile Safari/537.36" "-"
188.159.73.223 - - [23/Jan/2019:10:22:53 +0330] "GET /browse/mixer/%D9%87%D9%85%D8%B2%D9%86 HTTP/1.1" 200 33103 "https://www.google.com/" "Mozilla/5.0 (Windows NT 10.0; Win64; x64; rv:64.0) Gecko/20100101 Firefox/64.0" "-"
95.85.48.18 - - [23/Jan/2019:10:22:53 +0330] "GET /image/60601/productModel/200x200 HTTP/1.1" 200 4734 "https://www.zanbil.ir/m/browse/iron/%D8%A7%D8%AA%D9%88" "Mozilla/5.0 (Linux; Android 4.3; G630-U10 Build/HuaweiG630-U10) AppleWebKit/537.36 (KHTML, like Gecko) Chrome/35.0.1916.141 Mobile Safari/537.36" "-"
109.169.65.209 - - [23/Jan/2019:10:22:54 +0330] "GET /image/28080?name=model-b1002u-%282%29.jpg&wh=max HTTP/1.1" 200 28045 "https://www.zanbil.ir/m/product/28080/56767/%D9%87%D9%88%D8%AF-%D8%B2%DB%8C%D8%B1%DA%A9%D8%A7%D8%A8%DB%8C%D9%86%D8%AA%DB%8C-%D8%A8%DB%8C%D9%85%DA%A9%D8%AB-%D9%85%D8%AF%D9%84-B1002U" "Mozilla/5.0 (iPhone; CPU iPhone OS 12_1_2 like Mac OS X) AppleWebKit/605.1.15 (KHTML, like Gecko) Version/12.0 Mobile/15E148 Safari/604.1" "-"
95.85.48.18 - - [23/Jan/2019:10:22:54 +0330] "GET /image/63745/productModel/200x200 HTTP/1.1" 200 3166 "https://www.zanbil.ir/m/browse/iron/%D8%A7%D8%AA%D9%88" "Mozilla/5.0 (Linux; Android 4.3; G630-U10 Build/HuaweiG630-U10) AppleWebKit/537.36 (KHTML, like Gecko) Chrome/35.0.1916.141 Mobile Safari/537.36" "-"
113.203.0.210 - - [23/Jan/2019:10:22:54 +0330] "GET /image/64746/productModel/200x200 HTTP/1.1" 200 4595 "https://www.zanbil.ir/m/browse/cell-phone/%DA%AF%D9%88%D8%B4%DB%8C-%D9%85%D9%88%D8%A8%D8%A7%DB%8C%D9%84" "Mozilla/5.0 (iPhone; CPU iPhone OS 10_2_1 like Mac OS X) AppleWebKit/602.1.50 (KHTML, like Gecko) CriOS/68.0.3440.83 Mobile/14D27 Safari/602.1" "-"
95.85.48.18 - - [23/Jan/2019:10:22:54 +0330] "GET /image/60706/productModel/200x200 HTTP/1.1" 200 4356 "https://www.zanbil.ir/m/browse/iron/%D8%A7%D8%AA%D9%88" "Mozilla/5.0 (Linux; Android 4.3; G630-U10 Build/HuaweiG630-U10) AppleWebKit/537.36 (KHTML, like Gecko) Chrome/35.0.1916.141 Mobile Safari/537.36" "-"
95.85.48.18 - - [23/Jan/2019:10:22:54 +0330] "GET /image/59604/productModel/200x200 HTTP/1.1" 200 4012 "https://www.zanbil.ir/m/browse/iron/%D8%A7%D8%AA%D9%88" "Mozilla/5.0 (Linux; Android 4.3; G630-U10 Build/HuaweiG630-U10) AppleWebKit/537.36 (KHTML, like Gecko) Chrome/35.0.1916.141 Mobile Safari/537.36" "-"
95.216.86.214 - - [23/Jan/2019:10:22:54 +0330] "GET /image/33992?name=49n5880-2.jpg&wh=300x300 HTTP/1.1" 200 4867 "https://www.zanbil.ir/product/33992/64802/%D8%AA%D9%84%D9%88%DB%8C%D8%B2%DB%8C%D9%88%D9%86-%D8%A7%D9%84-%D8%A7%DB%8C-%D8%AF%DB%8C-%D8%B3%D8%A7%D9%85%D8%B3%D9%88%D9%86%DA%AF-%D9%85%D8%AF%D9%84-49N5880" "Mozilla/5.0 (Windows NT 10.0; Win64; x64; rv:64.0) Gecko/20100101 Firefox/64.0" "-"
95.216.86.214 - - [23/Jan/2019:10:22:54 +0330] "GET /image/64459/productModel/100x100 HTTP/1.1" 200 2402 "https://www.zanbil.ir/product/33992/64802/%D8%AA%D9%84%D9%88%DB%8C%D8%B2%DB%8C%D9%88%D9%86-%D8%A7%D9%84-%D8%A7%DB%8C-%D8%AF%DB%8C-%D8%B3%D8%A7%D9%85%D8%B3%D9%88%D9%86%DA%AF-%D9%85%D8%AF%D9%84-49N5880" "Mozilla/5.0 (Windows NT 10.0; Win64; x64; rv:64.0) Gecko/20100101 Firefox/64.0" "-"
95.85.48.18 - - [23/Jan/2019:10:22:54 +0330] "GET /image/59630/productModel/200x200 HTTP/1.1" 200 3801 "https://www.zanbil.ir/m/browse/iron/%D8%A7%D8%AA%D9%88" "Mozilla/5.0 (Linux; Android 4.3; G630-U10 Build/HuaweiG630-U10) AppleWebKit/537.36 (KHTML, like Gecko) Chrome/35.0.1916.141 Mobile Safari/537.36" "-"
95.85.48.18 - - [23/Jan/2019:10:22:54 +0330] "GET /image/61554/productModel/200x200 HTTP/1.1" 200 6351 "https://www.zanbil.ir/m/browse/iron/%D8%A7%D8%AA%D9%88" "Mozilla/5.0 (Linux; Android 4.3; G630-U10 Build/HuaweiG630-U10) AppleWebKit/537.36 (KHTML, like Gecko) Chrome/35.0.1916.141 Mobile Safari/537.36" "-"
5.120.174.159 - - [23/Jan/2019:10:22:54 +0330] "GET /settings/logo HTTP/1.1" 200 4120 "https://www.zanbil.ir/m/product/34352/65316/%D8%AA%D9%84%D9%88%DB%8C%D8%B2%DB%8C%D9%88%D9%86-%D8%A7%D9%84-%D8%A7%DB%8C-%D8%AF%DB%8C-%D8%A7%D8%B3%D9%86%D9%88%D8%A7-%D9%85%D8%AF%D9%84-SLD-50SA120" "Mozilla/5.0 (Linux; Android 8.1.0; SAMSUNG SM-G610F Build/M1AJQ) AppleWebKit/537.36 (KHTML, like Gecko) SamsungBrowser/7.4 Chrome/59.0.3071.125 Mobile Safari/537.36" "-"
95.216.86.214 - - [23/Jan/2019:10:22:54 +0330] "GET /image/33992?name=mmm.jpg&wh=max HTTP/1.1" 200 62418 "https://www.zanbil.ir/product/33992/64802/%D8%AA%D9%84%D9%88%DB%8C%D8%B2%DB%8C%D9%88%D9%86-%D8%A7%D9%84-%D8%A7%DB%8C-%D8%AF%DB%8C-%D8%B3%D8%A7%D9%85%D8%B3%D9%88%D9%86%DA%AF-%D9%85%D8%AF%D9%84-49N5880" "Mozilla/5.0 (Windows NT 10.0; Win64; x64; rv:64.0) Gecko/20100101 Firefox/64.0" "-"
95.85.48.18 - - [23/Jan/2019:10:22:54 +0330] "GET /image/43/brand HTTP/1.1" 200 2376 "https://www.zanbil.ir/m/browse/iron/%D8%A7%D8%AA%D9%88" "Mozilla/5.0 (Linux; Android 4.3; G630-U10 Build/HuaweiG630-U10) AppleWebKit/537.36 (KHTML, like Gecko) Chrome/35.0.1916.141 Mobile Safari/537.36" "-"
95.85.48.18 - - [23/Jan/2019:10:22:54 +0330] "GET /image/58/brand HTTP/1.1" 200 2349 "https://www.zanbil.ir/m/browse/iron/%D8%A7%D8%AA%D9%88" "Mozilla/5.0 (Linux; Android 4.3; G630-U10 Build/HuaweiG630-U10) AppleWebKit/537.36 (KHTML, like Gecko) Chrome/35.0.1916.141 Mobile Safari/537.36" "-"
5.106.130.52 - - [23/Jan/2019:10:22:54 +0330] "GET /m/filter/p31385%2Cb57%2Cb19 HTTP/1.1" 200 18795 "https://www.zanbil.ir/m/filter/p31385%2Cb57" "Mozilla/5.0 (Linux; Android 4.4.2; HUAWEI Y560-U02) AppleWebKit/537.36 (KHTML, like Gecko) Chrome/70.0.3538.110 Mobile Safari/537.36" "-"
95.85.48.18 - - [23/Jan/2019:10:22:54 +0330] "GET /image/879/brand HTTP/1.1" 200 3348 "https://www.zanbil.ir/m/browse/iron/%D8%A7%D8%AA%D9%88" "Mozilla/5.0 (Linux; Android 4.3; G630-U10 Build/HuaweiG630-U10) AppleWebKit/537.36 (KHTML, like Gecko) Chrome/35.0.1916.141 Mobile Safari/537.36" "-"
95.216.86.214 - - [23/Jan/2019:10:22:54 +0330] "GET /settings/logo HTTP/1.1" 200 4120 "https://www.zanbil.ir/product/33992/64802/%D8%AA%D9%84%D9%88%DB%8C%D8%B2%DB%8C%D9%88%D9%86-%D8%A7%D9%84-%D8%A7%DB%8C-%D8%AF%DB%8C-%D8%B3%D8%A7%D9%85%D8%B3%D9%88%D9%86%DA%AF-%D9%85%D8%AF%D9%84-49N5880" "Mozilla/5.0 (Windows NT 10.0; Win64; x64; rv:64.0) Gecko/20100101 Firefox/64.0" "-"
95.216.86.214 - - [23/Jan/2019:10:22:54 +0330] "GET /image/33992?name=49n5880-2.jpg&wh=max HTTP/1.1" 200 17752 "https://www.zanbil.ir/product/33992/64802/%D8%AA%D9%84%D9%88%DB%8C%D8%B2%DB%8C%D9%88%D9%86-%D8%A7%D9%84-%D8%A7%DB%8C-%D8%AF%DB%8C-%D8%B3%D8%A7%D9%85%D8%B3%D9%88%D9%86%DA%AF-%D9%85%D8%AF%D9%84-49N5880" "Mozilla/5.0 (Windows NT 10.0; Win64; x64; rv:64.0) Gecko/20100101 Firefox/64.0" "-"
78.39.200.178 - - [23/Jan/2019:10:22:54 +0330] "GET /image/28831/productType/240x180 HTTP/1.1" 200 22746 "https://www.zanbil.ir/browse/Home-Furniture/%D9%85%D8%A8%D9%84%D9%85%D8%A7%D9%86-%D8%AE%D8%A7%D9%86%DA%AF%DB%8C" "Mozilla/5.0 (Windows NT 6.1; Trident/7.0; rv:11.0) like Gecko" "-"
95.85.48.18 - - [23/Jan/2019:10:22:54 +0330] "GET /image/31631/productModel/200x200 HTTP/1.1" 200 4818 "https://www.zanbil.ir/m/browse/iron/%D8%A7%D8%AA%D9%88" "Mozilla/5.0 (Linux; Android 4.3; G630-U10 Build/HuaweiG630-U10) AppleWebKit/537.36 (KHTML, like Gecko) Chrome/35.0.1916.141 Mobile Safari/537.36" "-"
113.203.0.210 - - [23/Jan/2019:10:22:54 +0330] "GET /image/65271/productModel/200x200 HTTP/1.1" 200 4401 "https://www.zanbil.ir/m/browse/cell-phone/%DA%AF%D9%88%D8%B4%DB%8C-%D9%85%D9%88%D8%A8%D8%A7%DB%8C%D9%84" "Mozilla/5.0 (iPhone; CPU iPhone OS 10_2_1 like Mac OS X) AppleWebKit/602.1.50 (KHTML, like Gecko) CriOS/68.0.3440.83 Mobile/14D27 Safari/602.1" "-"
95.85.48.18 - - [23/Jan/2019:10:22:54 +0330] "GET /image/63750/productModel/200x200 HTTP/1.1" 200 4143 "https://www.zanbil.ir/m/browse/iron/%D8%A7%D8%AA%D9%88" "Mozilla/5.0 (Linux; Android 4.3; G630-U10 Build/HuaweiG630-U10) AppleWebKit/537.36 (KHTML, like Gecko) Chrome/35.0.1916.141 Mobile Safari/537.36" "-"
109.169.65.209 - - [23/Jan/2019:10:22:54 +0330] "GET /favicon.ico HTTP/1.1" 200 0 "https://www.zanbil.ir/m/product/28080/56767/%D9%87%D9%88%D8%AF-%D8%B2%DB%8C%D8%B1%DA%A9%D8%A7%D8%A8%DB%8C%D9%86%D8%AA%DB%8C-%D8%A8%DB%8C%D9%85%DA%A9%D8%AB-%D9%85%D8%AF%D9%84-B1002U" "Mozilla/5.0 (iPhone; CPU iPhone OS 12_1_2 like Mac OS X) AppleWebKit/605.1.15 (KHTML, like Gecko) Version/12.0 Mobile/15E148 Safari/604.1" "-"
95.85.48.18 - - [23/Jan/2019:10:22:54 +0330] "GET /image/15/productTypeType HTTP/1.1" 200 11014 "https://www.zanbil.ir/m/browse/iron/%D8%A7%D8%AA%D9%88" "Mozilla/5.0 (Linux; Android 4.3; G630-U10 Build/HuaweiG630-U10) AppleWebKit/537.36 (KHTML, like Gecko) Chrome/35.0.1916.141 Mobile Safari/537.36" "-"
95.85.48.18 - - [23/Jan/2019:10:22:54 +0330] "GET /image/16/productTypeType HTTP/1.1" 200 10949 "https://www.zanbil.ir/m/browse/iron/%D8%A7%D8%AA%D9%88" "Mozilla/5.0 (Linux; Android 4.3; G630-U10 Build/HuaweiG630-U10) AppleWebKit/537.36 (KHTML, like Gecko) Chrome/35.0.1916.141 Mobile Safari/537.36" "-"
95.85.48.18 - - [23/Jan/2019:10:22:54 +0330] "GET /image/41/brand HTTP/1.1" 200 2946 "https://www.zanbil.ir/m/browse/iron/%D8%A7%D8%AA%D9%88" "Mozilla/5.0 (Linux; Android 4.3; G630-U10 Build/HuaweiG630-U10) AppleWebKit/537.36 (KHTML, like Gecko) Chrome/35.0.1916.141 Mobile Safari/537.36" "-"
151.241.20.35 - - [23/Jan/2019:10:22:54 +0330] "GET /image/6/productType/120x90 HTTP/1.1" 200 9916 "https://www.zanbil.ir/m/product/31614/61695/%DB%8C%D8%AE%DA%86%D8%A7%D9%84-%D9%81%D8%B1%DB%8C%D8%B2%D8%B1-%D8%B3%D8%A7%DB%8C%D8%AF-%D8%A8%D8%A7%DB%8C-%D8%B3%D8%A7%DB%8C%D8%AF-%D8%A7%D9%84-%D8%AC%DB%8C-%D9%85%D8%AF%D9%84-SXS230W" "Mozilla/5.0 (Linux; Android 4.3; GT-I9300I Build/JLS36C) AppleWebKit/537.36 (KHTML, like Gecko) Chrome/55.0.2883.91 Mobile Safari/537.36" "-"
95.216.86.214 - - [23/Jan/2019:10:22:54 +0330] "GET /image/33992?name=49n5880.jpg&wh=max HTTP/1.1" 200 47648 "https://www.zanbil.ir/product/33992/64802/%D8%AA%D9%84%D9%88%DB%8C%D8%B2%DB%8C%D9%88%D9%86-%D8%A7%D9%84-%D8%A7%DB%8C-%D8%AF%DB%8C-%D8%B3%D8%A7%D9%85%D8%B3%D9%88%D9%86%DA%AF-%D9%85%D8%AF%D9%84-49N5880" "Mozilla/5.0 (Windows NT 10.0; Win64; x64; rv:64.0) Gecko/20100101 Firefox/64.0" "-"
151.241.20.35 - - [23/Jan/2019:10:22:54 +0330] "GET /image/7/productType/120x90 HTTP/1.1" 200 12590 "https://www.zanbil.ir/m/product/31614/61695/%DB%8C%D8%AE%DA%86%D8%A7%D9%84-%D9%81%D8%B1%DB%8C%D8%B2%D8%B1-%D8%B3%D8%A7%DB%8C%D8%AF-%D8%A8%D8%A7%DB%8C-%D8%B3%D8%A7%DB%8C%D8%AF-%D8%A7%D9%84-%D8%AC%DB%8C-%D9%85%D8%AF%D9%84-SXS230W" "Mozilla/5.0 (Linux; Android 4.3; GT-I9300I Build/JLS36C) AppleWebKit/537.36 (KHTML, like Gecko) Chrome/55.0.2883.91 Mobile Safari/537.36" "-"
188.158.191.102 - - [23/Jan/2019:10:22:54 +0330] "GET /image/46188/productModel/200x200 HTTP/1.1" 200 5623 "https://www.zanbil.ir/m/browse/gas-heater/%D8%A8%D8%AE%D8%A7%D8%B1%DB%8C-%DA%AF%D8%A7%D8%B2%DB%8C" "Mozilla/5.0 (Linux; Android 6.0.1; SAMSUNG SM-N910C Build/MMB29K) AppleWebKit/537.36 (KHTML, like Gecko) SamsungBrowser/8.2 Chrome/63.0.3239.111 Mobile Safari/537.36" "-"
188.158.191.102 - - [23/Jan/2019:10:22:54 +0330] "GET /image/61976/productModel/200x200 HTTP/1.1" 200 6196 "https://www.zanbil.ir/m/browse/gas-heater/%D8%A8%D8%AE%D8%A7%D8%B1%DB%8C-%DA%AF%D8%A7%D8%B2%DB%8C" "Mozilla/5.0 (Linux; Android 6.0.1; SAMSUNG SM-N910C Build/MMB29K) AppleWebKit/537.36 (KHTML, like Gecko) SamsungBrowser/8.2 Chrome/63.0.3239.111 Mobile Safari/537.36" "-"
95.85.48.18 - - [23/Jan/2019:10:22:54 +0330] "GET /image/3/brand HTTP/1.1" 200 2885 "https://www.zanbil.ir/m/browse/iron/%D8%A7%D8%AA%D9%88" "Mozilla/5.0 (Linux; Android 4.3; G630-U10 Build/HuaweiG630-U10) AppleWebKit/537.36 (KHTML, like Gecko) Chrome/35.0.1916.141 Mobile Safari/537.36" "-"
95.85.48.18 - - [23/Jan/2019:10:22:54 +0330] "GET /image/17/productTypeType HTTP/1.1" 200 11065 "https://www.zanbil.ir/m/browse/iron/%D8%A7%D8%AA%D9%88" "Mozilla/5.0 (Linux; Android 4.3; G630-U10 Build/HuaweiG630-U10) AppleWebKit/537.36 (KHTML, like Gecko) Chrome/35.0.1916.141 Mobile Safari/537.36" "-"
66.249.66.194 - - [23/Jan/2019:10:22:54 +0330] "GET /filter/p2%2Cb213%2Cp3 HTTP/1.1" 200 34262 "-" "Mozilla/5.0 (compatible; Googlebot/2.1; +http://www.google.com/bot.html)" "-"
113.203.0.210 - - [23/Jan/2019:10:22:54 +0330] "GET /image/65134/productModel/200x200 HTTP/1.1" 200 5969 "https://www.zanbil.ir/m/browse/cell-phone/%DA%AF%D9%88%D8%B4%DB%8C-%D9%85%D9%88%D8%A8%D8%A7%DB%8C%D9%84" "Mozilla/5.0 (iPhone; CPU iPhone OS 10_2_1 like Mac OS X) AppleWebKit/602.1.50 (KHTML, like Gecko) CriOS/68.0.3440.83 Mobile/14D27 Safari/602.1" "-"
95.85.48.18 - - [23/Jan/2019:10:22:54 +0330] "GET /image/896/brand HTTP/1.1" 200 3784 "https://www.zanbil.ir/m/browse/iron/%D8%A7%D8%AA%D9%88" "Mozilla/5.0 (Linux; Android 4.3; G630-U10 Build/HuaweiG630-U10) AppleWebKit/537.36 (KHTML, like Gecko) Chrome/35.0.1916.141 Mobile Safari/537.36" "-"
95.80.164.20 - - [23/Jan/2019:10:22:54 +0330] "GET /site/searchAutoComplete?f=p0&phrase=%3B%2Cgv+%27 HTTP/1.1" 200 0 "https://www.zanbil.ir/" "Mozilla/5.0 (Windows NT 6.1; rv:64.0) Gecko/20100101 Firefox/64.0" "-"
95.216.86.214 - - [23/Jan/2019:10:22:54 +0330] "GET /static/images/zanbil-kharid.png HTTP/1.1" 200 358 "https://znbl.ir/static/bundle-bundle_site_head.css" "Mozilla/5.0 (Windows NT 10.0; Win64; x64; rv:64.0) Gecko/20100101 Firefox/64.0" "-"
95.216.86.214 - - [23/Jan/2019:10:22:54 +0330] "GET /static/images/loading.gif HTTP/1.1" 200 7370 "https://znbl.ir/static/bundle-bundle_site_head.css" "Mozilla/5.0 (Windows NT 10.0; Win64; x64; rv:64.0) Gecko/20100101 Firefox/64.0" "-"
95.216.86.214 - - [23/Jan/2019:10:22:54 +0330] "GET /image/33992?name=49n5880.jpg&wh=50x50 HTTP/1.1" 200 1468 "https://www.zanbil.ir/product/33992/64802/%D8%AA%D9%84%D9%88%DB%8C%D8%B2%DB%8C%D9%88%D9%86-%D8%A7%D9%84-%D8%A7%DB%8C-%D8%AF%DB%8C-%D8%B3%D8%A7%D9%85%D8%B3%D9%88%D9%86%DA%AF-%D9%85%D8%AF%D9%84-49N5880" "Mozilla/5.0 (Windows NT 10.0; Win64; x64; rv:64.0) Gecko/20100101 Firefox/64.0" "-"
5.114.86.57 - - [23/Jan/2019:10:22:54 +0330] "GET /m/search/%D8%AA%D9%84%D9%88%DB%8C%D8%B2%DB%8C%D9%88%D9%86 HTTP/1.1" 200 18634 "https://www-zanbil-ir.cdn.ampproject.org/v/s/www.zanbil.ir/m/browse/home-appliances/%D9%84%D9%88%D8%A7%D8%B2%D9%85-%D8%AE%D8%A7%D9%86%DA%AF%DB%8C?amp_js_v=0.1&usqp=mq331AQECAEoAQ%3D%3D" "Mozilla/5.0 (Linux; Android 8.0.0; SAMSUNG SM-A520F Build/R16NW) AppleWebKit/537.36 (KHTML, like Gecko) SamsungBrowser/7.4 Chrome/59.0.3071.125 Mobile Safari/537.36" "-"
95.216.86.214 - - [23/Jan/2019:10:22:54 +0330] "GET /image/33992?name=mmm.jpg&wh=50x50 HTTP/1.1" 200 1347 "https://www.zanbil.ir/product/33992/64802/%D8%AA%D9%84%D9%88%DB%8C%D8%B2%DB%8C%D9%88%D9%86-%D8%A7%D9%84-%D8%A7%DB%8C-%D8%AF%DB%8C-%D8%B3%D8%A7%D9%85%D8%B3%D9%88%D9%86%DA%AF-%D9%85%D8%AF%D9%84-49N5880" "Mozilla/5.0 (Windows NT 10.0; Win64; x64; rv:64.0) Gecko/20100101 Firefox/64.0" "-"
95.216.86.214 - - [23/Jan/2019:10:22:54 +0330] "GET /image/33992?name=49n5880-2.jpg&wh=50x50 HTTP/1.1" 200 1005 "https://www.zanbil.ir/product/33992/64802/%D8%AA%D9%84%D9%88%DB%8C%D8%B2%DB%8C%D9%88%D9%86-%D8%A7%D9%84-%D8%A7%DB%8C-%D8%AF%DB%8C-%D8%B3%D8%A7%D9%85%D8%B3%D9%88%D9%86%DA%AF-%D9%85%D8%AF%D9%84-49N5880" "Mozilla/5.0 (Windows NT 10.0; Win64; x64; rv:64.0) Gecko/20100101 Firefox/64.0" "-"
95.216.86.214 - - [23/Jan/2019:10:22:54 +0330] "GET /image/33992?name=49n5880-3.jpg&wh=50x50 HTTP/1.1" 200 1140 "https://www.zanbil.ir/product/33992/64802/%D8%AA%D9%84%D9%88%DB%8C%D8%B2%DB%8C%D9%88%D9%86-%D8%A7%D9%84-%D8%A7%DB%8C-%D8%AF%DB%8C-%D8%B3%D8%A7%D9%85%D8%B3%D9%88%D9%86%DA%AF-%D9%85%D8%AF%D9%84-49N5880" "Mozilla/5.0 (Windows NT 10.0; Win64; x64; rv:64.0) Gecko/20100101 Firefox/64.0" "-"
66.249.66.194 - - [23/Jan/2019:10:22:54 +0330] "GET /m/filter/b185 HTTP/1.1" 200 21624 "-" "Mozilla/5.0 (Linux; Android 6.0.1; Nexus 5X Build/MMB29P) AppleWebKit/537.36 (KHTML, like Gecko) Chrome/41.0.2272.96 Mobile Safari/537.36 (compatible; Googlebot/2.1; +http://www.google.com/bot.html)" "-"
95.216.86.214 - - [23/Jan/2019:10:22:54 +0330] "GET /image/33992?name=49n5880-3.jpg&wh=max HTTP/1.1" 200 117862 "https://www.zanbil.ir/product/33992/64802/%D8%AA%D9%84%D9%88%DB%8C%D8%B2%DB%8C%D9%88%D9%86-%D8%A7%D9%84-%D8%A7%DB%8C-%D8%AF%DB%8C-%D8%B3%D8%A7%D9%85%D8%B3%D9%88%D9%86%DA%AF-%D9%85%D8%AF%D9%84-49N5880" "Mozilla/5.0 (Windows NT 10.0; Win64; x64; rv:64.0) Gecko/20100101 Firefox/64.0" "-"
151.239.241.163 - - [23/Jan/2019:10:22:54 +0330] "GET /rapidGrails/jsonList?maxColumns=16&domainClass=eshop.Order&filter=[{op:%27inSession%27,%20field:%27id%27,%20val:%27orderList391224c3cab64d4cb3e00a71e16ced5c%27}]&columns=[{%27name%27:%27trackingCode%27,%27width%27:110},{%27name%27:%27ownerName%27,%27width%27:120},{%27name%27:%27productsName%27,%27width%27:320,%27sortable%27:false},{%27name%27:%27ownerMobile%27,%27width%27:110},{%27name%27:%27deliveryMethodName%27,%27width%27:120,%27sortable%27:false},{%27name%27:%27deliveryCityName%27,%27width%27:120,%27sortable%27:false},{%27name%27:%27addressRegionName%27,%27width%27:120,%27sortable%27:false},{%27name%27:%27courier%27,%27width%27:120,%27expression%27:%27obj[\x5C%27courier\x5C%27]?.fullName%27},{%27name%27:%27status%27,%27width%27:110},{%27name%27:%27invoiceType%27,%27width%27:60,%27expression%27:%27g.message(code:%20obj[\x5C%27invoiceTypeCode\x5C%27])%27},{%27name%27:%27itemsDeliveryStatus%27,%27width%27:60},{%27name%27:%27creationType%27,%27width%27:50},{%27name%27:%27creationMedia%27,%27width%27:50},{%27name%27:%27completionMedia%27,%27width%27:50},{%27name%27:%27completionFollower%27,%27width%27:120},{%27name%27:%27lastActionDate%27,%27width%27:100,%27expression%27:%27rg.formatJalaliDate(date:%20%20obj[\x5C%27lastActionDate\x5C%27],%20hm:\x5C%27true\x5C%27%20)%27}]&_search=false&nd=1548226591828&rows=10&page=2&sidx=lastActionDate&sord=desc HTTP/1.1" 200 1349 "https://www.zanbil.ir/orderAdministration/console/187625" "Mozilla/5.0 (Windows NT 10.0; Win64; x64; rv:64.0) Gecko/20100101 Firefox/64.0" "-"
95.85.48.18 - - [23/Jan/2019:10:22:54 +0330] "GET /image/175/productTypeType HTTP/1.1" 200 11049 "https://www.zanbil.ir/m/browse/iron/%D8%A7%D8%AA%D9%88" "Mozilla/5.0 (Linux; Android 4.3; G630-U10 Build/HuaweiG630-U10) AppleWebKit/537.36 (KHTML, like Gecko) Chrome/35.0.1916.141 Mobile Safari/537.36" "-"
113.203.0.210 - - [23/Jan/2019:10:22:55 +0330] "GET /image/64714/productModel/200x200 HTTP/1.1" 200 4620 "https://www.zanbil.ir/m/browse/cell-phone/%DA%AF%D9%88%D8%B4%DB%8C-%D9%85%D9%88%D8%A8%D8%A7%DB%8C%D9%84" "Mozilla/5.0 (iPhone; CPU iPhone OS 10_2_1 like Mac OS X) AppleWebKit/602.1.50 (KHTML, like Gecko) CriOS/68.0.3440.83 Mobile/14D27 Safari/602.1" "-"
113.203.0.210 - - [23/Jan/2019:10:22:55 +0330] "GET /image/64756/productModel/200x200 HTTP/1.1" 200 5384 "https://www.zanbil.ir/m/browse/cell-phone/%DA%AF%D9%88%D8%B4%DB%8C-%D9%85%D9%88%D8%A8%D8%A7%DB%8C%D9%84" "Mozilla/5.0 (iPhone; CPU iPhone OS 10_2_1 like Mac OS X) AppleWebKit/602.1.50 (KHTML, like Gecko) CriOS/68.0.3440.83 Mobile/14D27 Safari/602.1" "-"
91.99.30.32 - - [23/Jan/2019:10:22:55 +0330] "GET /rapidGrails/jsonList?maxColumns=16&domainClass=eshop.Order&filter=[{op:%27inSession%27,%20field:%27id%27,%20val:%27orderList8de1c4ed51034a24a1f6fd43c1b2b88d%27}]&columns=[{%27name%27:%27trackingCode%27,%27width%27:110},{%27name%27:%27ownerName%27,%27width%27:120},{%27name%27:%27productsName%27,%27width%27:320,%27sortable%27:false},{%27name%27:%27ownerMobile%27,%27width%27:110},{%27name%27:%27deliveryMethodName%27,%27width%27:120,%27sortable%27:false},{%27name%27:%27deliveryCityName%27,%27width%27:120,%27sortable%27:false},{%27name%27:%27addressRegionName%27,%27width%27:120,%27sortable%27:false},{%27name%27:%27courier%27,%27width%27:120,%27expression%27:%27obj[\x5C%27courier\x5C%27]?.fullName%27},{%27name%27:%27status%27,%27width%27:110},{%27name%27:%27invoiceType%27,%27width%27:60,%27expression%27:%27g.message(code:%20obj[\x5C%27invoiceTypeCode\x5C%27])%27},{%27name%27:%27itemsDeliveryStatus%27,%27width%27:60},{%27name%27:%27creationType%27,%27width%27:50},{%27name%27:%27creationMedia%27,%27width%27:50},{%27name%27:%27completionMedia%27,%27width%27:50},{%27name%27:%27completionFollower%27,%27width%27:120},{%27name%27:%27lastActionDate%27,%27width%27:100,%27expression%27:%27rg.formatJalaliDate(date:%20%20obj[\x5C%27lastActionDate\x5C%27],%20hm:\x5C%27true\x5C%27%20)%27}]&_search=false&nd=1548226591851&rows=10&page=1&sidx=lastActionDate&sord=desc HTTP/1.1" 200 1450 "https://www.zanbil.ir/orderAdministration/console/187615" "Mozilla/5.0 (Windows NT 10.0; Win64; x64) AppleWebKit/537.36 (KHTML, like Gecko) Chrome/71.0.3578.98 Safari/537.36" "-"
5.210.86.107 - - [23/Jan/2019:10:22:55 +0330] "GET /m/filter/p48%2Ct16?name=%D8%A7%D8%AA%D9%88&productType=iron HTTP/1.1" 200 18788 "https://www-zanbil-ir.cdn.ampproject.org/v/s/www.zanbil.ir/m/browse/iron/%D8%A7%D8%AA%D9%88?amp_js_v=a2&amp_gsa=1&usqp=mq331AQCCAE%3D" "Mozilla/5.0 (Linux; Android 6.0; HUAWEI NXT-L29 Build/HUAWEINXT-L29) AppleWebKit/537.36 (KHTML, like Gecko) Chrome/67.0.3396.87 Mobile Safari/537.36" "-"
95.85.48.18 - - [23/Jan/2019:10:22:55 +0330] "GET /image/783/mainSlideMobile HTTP/1.1" 200 64542 "https://www.zanbil.ir/m/browse/iron/%D8%A7%D8%AA%D9%88" "Mozilla/5.0 (Linux; Android 4.3; G630-U10 Build/HuaweiG630-U10) AppleWebKit/537.36 (KHTML, like Gecko) Chrome/35.0.1916.141 Mobile Safari/537.36" "-"
95.80.164.20 - - [23/Jan/2019:10:22:55 +0330] "GET /site/searchAutoComplete?f=p0&phrase=%3B%2Cgv+%27h HTTP/1.1" 200 0 "https://www.zanbil.ir/" "Mozilla/5.0 (Windows NT 6.1; rv:64.0) Gecko/20100101 Firefox/64.0" "-"
95.216.86.214 - - [23/Jan/2019:10:22:55 +0330] "GET /static/css/font_awesome/fonts/fontawesome-webfont.woff2?v=4.7.0 HTTP/1.1" 200 77171 "https://znbl.ir/static/bundle-bundle_site_head.css" "Mozilla/5.0 (Windows NT 10.0; Win64; x64; rv:64.0) Gecko/20100101 Firefox/64.0" "-"
66.249.66.194 - - [23/Jan/2019:10:22:55 +0330] "GET /m/filter/b145,b63,p48 HTTP/1.1" 200 18970 "-" "Mozilla/5.0 (Linux; Android 6.0.1; Nexus 5X Build/MMB29P) AppleWebKit/537.36 (KHTML, like Gecko) Chrome/41.0.2272.96 Mobile Safari/537.36 (compatible; Googlebot/2.1; +http://www.google.com/bot.html)" "-"
5.208.12.192 - - [23/Jan/2019:10:22:55 +0330] "GET /image/19/productTypeType HTTP/1.1" 200 11332 "https://www.zanbil.ir/m/browse/refrigerator-and-freezer/%DB%8C%D8%AE%DA%86%D8%A7%D9%84-%D9%81%D8%B1%DB%8C%D8%B2%D8%B1" "Mozilla/5.0 (Android 6.0.1; Mobile; rv:52.0) Gecko/52.0 Firefox/52.0" "-"
5.114.86.57 - - [23/Jan/2019:10:22:55 +0330] "GET /static/images/guarantees/goodShopping.png HTTP/1.1" 200 6496 "https://www.zanbil.ir/m/search/%D8%AA%D9%84%D9%88%DB%8C%D8%B2%DB%8C%D9%88%D9%86" "Mozilla/5.0 (Linux; Android 8.0.0; SAMSUNG SM-A520F Build/R16NW) AppleWebKit/537.36 (KHTML, like Gecko) SamsungBrowser/7.4 Chrome/59.0.3071.125 Mobile Safari/537.36" "-"
5.208.12.192 - - [23/Jan/2019:10:22:55 +0330] "GET /image/12/productTypeType HTTP/1.1" 200 11336 "https://www.zanbil.ir/m/browse/refrigerator-and-freezer/%DB%8C%D8%AE%DA%86%D8%A7%D9%84-%D9%81%D8%B1%DB%8C%D8%B2%D8%B1" "Mozilla/5.0 (Android 6.0.1; Mobile; rv:52.0) Gecko/52.0 Firefox/52.0" "-"
5.114.86.57 - - [23/Jan/2019:10:22:55 +0330] "GET /static/css/font/wyekan/font.woff HTTP/1.1" 200 28536 "https://www.zanbil.ir/m/search/%D8%AA%D9%84%D9%88%DB%8C%D8%B2%DB%8C%D9%88%D9%86" "Mozilla/5.0 (Linux; Android 8.0.0; SAMSUNG SM-A520F Build/R16NW) AppleWebKit/537.36 (KHTML, like Gecko) SamsungBrowser/7.4 Chrome/59.0.3071.125 Mobile Safari/537.36" "-"
89.221.88.241 - - [23/Jan/2019:10:22:55 +0330] "GET /filter/b135,p2597 HTTP/1.1" 200 32095 "https://www.google.com/" "Mozilla/5.0 (Windows NT 6.1; Win64; x64) AppleWebKit/537.36 (KHTML, like Gecko) Chrome/71.0.3578.98 Safari/537.36" "-"
95.80.164.20 - - [23/Jan/2019:10:22:55 +0330] "GET /site/searchAutoComplete?f=p0&phrase=%3B%2Cgv+%27hcd HTTP/1.1" 499 0 "https://www.zanbil.ir/" "Mozilla/5.0 (Windows NT 6.1; rv:64.0) Gecko/20100101 Firefox/64.0" "-"
5.114.86.57 - - [23/Jan/2019:10:22:55 +0330] "GET /static/images/guarantees/warranty.png HTTP/1.1" 200 5807 "https://www.zanbil.ir/m/search/%D8%AA%D9%84%D9%88%DB%8C%D8%B2%DB%8C%D9%88%D9%86" "Mozilla/5.0 (Linux; Android 8.0.0; SAMSUNG SM-A520F Build/R16NW) AppleWebKit/537.36 (KHTML, like Gecko) SamsungBrowser/7.4 Chrome/59.0.3071.125 Mobile Safari/537.36" "-"
5.114.86.57 - - [23/Jan/2019:10:22:55 +0330] "GET /static/images/guarantees/bestPrice.png HTTP/1.1" 200 7356 "https://www.zanbil.ir/m/search/%D8%AA%D9%84%D9%88%DB%8C%D8%B2%DB%8C%D9%88%D9%86" "Mozilla/5.0 (Linux; Android 8.0.0; SAMSUNG SM-A520F Build/R16NW) AppleWebKit/537.36 (KHTML, like Gecko) SamsungBrowser/7.4 Chrome/59.0.3071.125 Mobile Safari/537.36" "-"
5.114.86.57 - - [23/Jan/2019:10:22:55 +0330] "GET /static/images/guarantees/support.png HTTP/1.1" 200 6454 "https://www.zanbil.ir/m/search/%D8%AA%D9%84%D9%88%DB%8C%D8%B2%DB%8C%D9%88%D9%86" "Mozilla/5.0 (Linux; Android 8.0.0; SAMSUNG SM-A520F Build/R16NW) AppleWebKit/537.36 (KHTML, like Gecko) SamsungBrowser/7.4 Chrome/59.0.3071.125 Mobile Safari/537.36" "-"
188.159.73.223 - - [23/Jan/2019:10:22:55 +0330] "GET /static/bundle-bundle_site_defer.min.js HTTP/1.1" 200 185207 "https://www.zanbil.ir/browse/mixer/%D9%87%D9%85%D8%B2%D9%86" "Mozilla/5.0 (Windows NT 10.0; Win64; x64; rv:64.0) Gecko/20100101 Firefox/64.0" "-"
5.114.86.57 - - [23/Jan/2019:10:22:55 +0330] "GET /static/images/guarantees/fastDelivery.png HTTP/1.1" 200 7713 "https://www.zanbil.ir/m/search/%D8%AA%D9%84%D9%88%DB%8C%D8%B2%DB%8C%D9%88%D9%86" "Mozilla/5.0 (Linux; Android 8.0.0; SAMSUNG SM-A520F Build/R16NW) AppleWebKit/537.36 (KHTML, like Gecko) SamsungBrowser/7.4 Chrome/59.0.3071.125 Mobile Safari/537.36" "-"
80.250.199.165 - - [23/Jan/2019:10:22:55 +0330] "GET /image/34289/productModel/200x200 HTTP/1.1" 200 4648 "https://www.zanbil.ir/m/filter/p48?page=2" "Mozilla/5.0 (Linux; Android 7.0; HTC One A9) AppleWebKit/537.36 (KHTML, like Gecko) Chrome/70.0.3538.64 Mobile Safari/537.36" "-"
89.221.88.241 - - [23/Jan/2019:10:22:55 +0330] "GET /settings/logo HTTP/1.1" 200 4120 "https://www.zanbil.ir/filter/b135,p2597" "Mozilla/5.0 (Windows NT 6.1; Win64; x64) AppleWebKit/537.36 (KHTML, like Gecko) Chrome/71.0.3578.98 Safari/537.36" "-"
5.210.86.107 - - [23/Jan/2019:10:22:55 +0330] "GET /static/images/guarantees/fastDelivery.png HTTP/1.1" 200 7713 "https://www.zanbil.ir/m/filter/p48%2Ct16?name=%D8%A7%D8%AA%D9%88&productType=iron" "Mozilla/5.0 (Linux; Android 6.0; HUAWEI NXT-L29 Build/HUAWEINXT-L29) AppleWebKit/537.36 (KHTML, like Gecko) Chrome/67.0.3396.87 Mobile Safari/537.36" "-"
5.210.86.107 - - [23/Jan/2019:10:22:55 +0330] "GET /static/images/guarantees/support.png HTTP/1.1" 200 6454 "https://www.zanbil.ir/m/filter/p48%2Ct16?name=%D8%A7%D8%AA%D9%88&productType=iron" "Mozilla/5.0 (Linux; Android 6.0; HUAWEI NXT-L29 Build/HUAWEINXT-L29) AppleWebKit/537.36 (KHTML, like Gecko) Chrome/67.0.3396.87 Mobile Safari/537.36" "-"
89.221.88.241 - - [23/Jan/2019:10:22:55 +0330] "GET /image/56846/productModel/150x150 HTTP/1.1" 200 2190 "https://www.zanbil.ir/filter/b135,p2597" "Mozilla/5.0 (Windows NT 6.1; Win64; x64) AppleWebKit/537.36 (KHTML, like Gecko) Chrome/71.0.3578.98 Safari/537.36" "-"
5.210.86.107 - - [23/Jan/2019:10:22:55 +0330] "GET /static/images/guarantees/bestPrice.png HTTP/1.1" 200 7356 "https://www.zanbil.ir/m/filter/p48%2Ct16?name=%D8%A7%D8%AA%D9%88&productType=iron" "Mozilla/5.0 (Linux; Android 6.0; HUAWEI NXT-L29 Build/HUAWEINXT-L29) AppleWebKit/537.36 (KHTML, like Gecko) Chrome/67.0.3396.87 Mobile Safari/537.36" "-"
95.80.164.20 - - [23/Jan/2019:10:22:55 +0330] "GET /site/searchAutoComplete?f=p0&phrase=%3B%2Cgv+%27hcd HTTP/1.1" 200 0 "https://www.zanbil.ir/" "Mozilla/5.0 (Windows NT 6.1; rv:64.0) Gecko/20100101 Firefox/64.0" "-"
5.210.86.107 - - [23/Jan/2019:10:22:55 +0330] "GET /static/images/guarantees/warranty.png HTTP/1.1" 200 5807 "https://www.zanbil.ir/m/filter/p48%2Ct16?name=%D8%A7%D8%AA%D9%88&productType=iron" "Mozilla/5.0 (Linux; Android 6.0; HUAWEI NXT-L29 Build/HUAWEINXT-L29) AppleWebKit/537.36 (KHTML, like Gecko) Chrome/67.0.3396.87 Mobile Safari/537.36" "-"
5.210.86.107 - - [23/Jan/2019:10:22:55 +0330] "GET /static/images/guarantees/goodShopping.png HTTP/1.1" 200 6496 "https://www.zanbil.ir/m/filter/p48%2Ct16?name=%D8%A7%D8%AA%D9%88&productType=iron" "Mozilla/5.0 (Linux; Android 6.0; HUAWEI NXT-L29 Build/HUAWEINXT-L29) AppleWebKit/537.36 (KHTML, like Gecko) Chrome/67.0.3396.87 Mobile Safari/537.36" "-"
89.38.197.213 - - [23/Jan/2019:10:22:55 +0330] "GET /m/search/%D9%85%D8%A7%DA%A9%D8%B1%D9%88%D9%81%D8%B1-%D8%A7%D9%84-%D8%AC%DB%8C HTTP/1.1" 200 17020 "https://www.zanbil.ir/m/search/%D9%85%D8%A7%DA%A9%D8%B1%D9%88%D9%81%D8%B1-%D8%A7%D9%84-%D8%AC%DB%8C" "Mozilla/5.0 (Android 6.0.1; Mobile; rv:63.0) Gecko/63.0 Firefox/63.0" "-"
5.210.86.107 - - [23/Jan/2019:10:22:55 +0330] "GET /static/css/font/wyekan/font.woff HTTP/1.1" 200 28536 "https://www.zanbil.ir/m/filter/p48%2Ct16?name=%D8%A7%D8%AA%D9%88&productType=iron" "Mozilla/5.0 (Linux; Android 6.0; HUAWEI NXT-L29 Build/HUAWEINXT-L29) AppleWebKit/537.36 (KHTML, like Gecko) Chrome/67.0.3396.87 Mobile Safari/537.36" "-"
2.178.172.239 - - [23/Jan/2019:10:22:55 +0330] "GET /static/images/guarantees/goodShopping.png HTTP/1.1" 200 6496 "https://www.zanbil.ir/m/product/33084/63663/%D9%88%DB%8C%D9%84%DA%86%D8%B1-%D8%A7%D8%B1%D8%AA%D9%88%D9%BE%D8%AF%DB%8C-%D8%A7%DB%8C%D8%B1%D8%A7%D9%86-%D8%A8%D9%87%DA%A9%D8%A7%D8%B1-%D9%85%D8%AF%D9%84-718L" "Mozilla/5.0 (Linux; Android 5.1.1; SAMSUNG SM-J3110 Build/LMY47X) AppleWebKit/537.36 (KHTML, like Gecko) SamsungBrowser/3.5 Chrome/38.0.2125.102 Mobile Safari/537.36" "-"
2.178.172.239 - - [23/Jan/2019:10:22:55 +0330] "GET /static/images/guarantees/warranty.png HTTP/1.1" 200 5807 "https://www.zanbil.ir/m/product/33084/63663/%D9%88%DB%8C%D9%84%DA%86%D8%B1-%D8%A7%D8%B1%D8%AA%D9%88%D9%BE%D8%AF%DB%8C-%D8%A7%DB%8C%D8%B1%D8%A7%D9%86-%D8%A8%D9%87%DA%A9%D8%A7%D8%B1-%D9%85%D8%AF%D9%84-718L" "Mozilla/5.0 (Linux; Android 5.1.1; SAMSUNG SM-J3110 Build/LMY47X) AppleWebKit/537.36 (KHTML, like Gecko) SamsungBrowser/3.5 Chrome/38.0.2125.102 Mobile Safari/537.36" "-"
2.178.172.239 - - [23/Jan/2019:10:22:55 +0330] "GET /static/images/guarantees/bestPrice.png HTTP/1.1" 200 7356 "https://www.zanbil.ir/m/product/33084/63663/%D9%88%DB%8C%D9%84%DA%86%D8%B1-%D8%A7%D8%B1%D8%AA%D9%88%D9%BE%D8%AF%DB%8C-%D8%A7%DB%8C%D8%B1%D8%A7%D9%86-%D8%A8%D9%87%DA%A9%D8%A7%D8%B1-%D9%85%D8%AF%D9%84-718L" "Mozilla/5.0 (Linux; Android 5.1.1; SAMSUNG SM-J3110 Build/LMY47X) AppleWebKit/537.36 (KHTML, like Gecko) SamsungBrowser/3.5 Chrome/38.0.2125.102 Mobile Safari/537.36" "-"
2.178.172.239 - - [23/Jan/2019:10:22:55 +0330] "GET /static/images/guarantees/support.png HTTP/1.1" 200 6454 "https://www.zanbil.ir/m/product/33084/63663/%D9%88%DB%8C%D9%84%DA%86%D8%B1-%D8%A7%D8%B1%D8%AA%D9%88%D9%BE%D8%AF%DB%8C-%D8%A7%DB%8C%D8%B1%D8%A7%D9%86-%D8%A8%D9%87%DA%A9%D8%A7%D8%B1-%D9%85%D8%AF%D9%84-718L" "Mozilla/5.0 (Linux; Android 5.1.1; SAMSUNG SM-J3110 Build/LMY47X) AppleWebKit/537.36 (KHTML, like Gecko) SamsungBrowser/3.5 Chrome/38.0.2125.102 Mobile Safari/537.36" "-"
