188.158.191.102 - - [23/Jan/2019:10:22:48 +0330] "GET /settings/logo HTTP/1.1" 200 4120 "https://www.zanbil.ir/m/browse/gas-heater/%D8%A8%D8%AE%D8%A7%D8%B1%DB%8C-%DA%AF%D8%A7%D8%B2%DB%8C" "Mozilla/5.0 (Linux; Android 6.0.1; SAMSUNG SM-N910C Build/MMB29K) AppleWebKit/537.36 (KHTML, like Gecko) SamsungBrowser/8.2 Chrome/63.0.3239.111 Mobile Safari/537.36" "-"
188.158.191.102 - - [23/Jan/2019:10:22:48 +0330] "GET /image/11102/productModel/200x200 HTTP/1.1" 200 6766 "https://www.zanbil.ir/m/browse/gas-heater/%D8%A8%D8%AE%D8%A7%D8%B1%DB%8C-%DA%AF%D8%A7%D8%B2%DB%8C" "Mozilla/5.0 (Linux; Android 6.0.1; SAMSUNG SM-N910C Build/MMB29K) AppleWebKit/537.36 (KHTML, like Gecko) SamsungBrowser/8.2 Chrome/63.0.3239.111 Mobile Safari/537.36" "-"
188.158.191.102 - - [23/Jan/2019:10:22:48 +0330] "GET /image/11127/productModel/200x200 HTTP/1.1" 200 6956 "https://www.zanbil.ir/m/browse/gas-heater/%D8%A8%D8%AE%D8%A7%D8%B1%DB%8C-%DA%AF%D8%A7%D8%B2%DB%8C" "Mozilla/5.0 (Linux; Android 6.0.1; SAMSUNG SM-N910C Build/MMB29K) AppleWebKit/537.36 (KHTML, like Gecko) SamsungBrowser/8.2 Chrome/63.0.3239.111 Mobile Safari/537.36" "-"
188.158.191.102 - - [23/Jan/2019:10:22:48 +0330] "GET /image/10556/productModel/200x200 HTTP/1.1" 200 7187 "https://www.zanbil.ir/m/browse/gas-heater/%D8%A8%D8%AE%D8%A7%D8%B1%DB%8C-%DA%AF%D8%A7%D8%B2%DB%8C" "Mozilla/5.0 (Linux; Android 6.0.1; SAMSUNG SM-N910C Build/MMB29K) AppleWebKit/537.36 (KHTML, like Gecko) SamsungBrowser/8.2 Chrome/63.0.3239.111 Mobile Safari/537.36" "-"
188.158.191.102 - - [23/Jan/2019:10:22:48 +0330] "GET /image/11077/productModel/200x200 HTTP/1.1" 200 4972 "https://www.zanbil.ir/m/browse/gas-heater/%D8%A8%D8%AE%D8%A7%D8%B1%DB%8C-%DA%AF%D8%A7%D8%B2%DB%8C" "Mozilla/5.0 (Linux; Android 6.0.1; SAMSUNG SM-N910C Build/MMB29K) AppleWebKit/537.36 (KHTML, like Gecko) SamsungBrowser/8.2 Chrome/63.0.3239.111 Mobile Safari/537.36" "-"
188.158.191.102 - - [23/Jan/2019:10:22:48 +0330] "GET /image/11072/productModel/200x200 HTTP/1.1" 200 4972 "https://www.zanbil.ir/m/browse/gas-heater/%D8%A8%D8%AE%D8%A7%D8%B1%DB%8C-%DA%AF%D8%A7%D8%B2%DB%8C" "Mozilla/5.0 (Linux; Android 6.0.1; SAMSUNG SM-N910C Build/MMB29K) AppleWebKit/537.36 (KHTML, like Gecko) SamsungBrowser/8.2 Chrome/63.0.3239.111 Mobile Safari/537.36" "-"
5.208.12.192 - - [23/Jan/2019:10:22:48 +0330] "GET /image/13/productTypeType HTTP/1.1" 200 11336 "https://www.zanbil.ir/m/browse/refrigerator-and-freezer/%DB%8C%D8%AE%DA%86%D8%A7%D9%84-%D9%81%D8%B1%DB%8C%D8%B2%D8%B1" "Mozilla/5.0 (Android 6.0.1; Mobile; rv:52.0) Gecko/52.0 Firefox/52.0" "-"
5.208.12.192 - - [23/Jan/2019:10:22:48 +0330] "GET /image/463/productTypeType HTTP/1.1" 200 11599 "https://www.zanbil.ir/m/browse/refrigerator-and-freezer/%DB%8C%D8%AE%DA%86%D8%A7%D9%84-%D9%81%D8%B1%DB%8C%D8%B2%D8%B1" "Mozilla/5.0 (Android 6.0.1; Mobile; rv:52.0) Gecko/52.0 Firefox/52.0" "-"
188.158.191.102 - - [23/Jan/2019:10:22:48 +0330] "GET /image/64769/productModel/200x200 HTTP/1.1" 200 5194 "https://www.zanbil.ir/m/browse/gas-heater/%D8%A8%D8%AE%D8%A7%D8%B1%DB%8C-%DA%AF%D8%A7%D8%B2%DB%8C" "Mozilla/5.0 (Linux; Android 6.0.1; SAMSUNG SM-N910C Build/MMB29K) AppleWebKit/537.36 (KHTML, like Gecko) SamsungBrowser/8.2 Chrome/63.0.3239.111 Mobile Safari/537.36" "-"
195.181.168.181 - - [23/Jan/2019:10:22:48 +0330] "GET /rapidGrails/jsonList?maxColumns=16&domainClass=eshop.Order&filter=[{op:%27inSession%27,%20field:%27id%27,%20val:%27orderList4e665de4fe424f61850a1ffee433f599%27}]&columns=[{%27name%27:%27trackingCode%27,%27width%27:110},{%27name%27:%27ownerName%27,%27width%27:120},{%27name%27:%27productsName%27,%27width%27:320,%27sortable%27:false},{%27name%27:%27ownerMobile%27,%27width%27:110},{%27name%27:%27deliveryMethodName%27,%27width%27:120,%27sortable%27:false},{%27name%27:%27deliveryCityName%27,%27width%27:120,%27sortable%27:false},{%27name%27:%27addressRegionName%27,%27width%27:120,%27sortable%27:false},{%27name%27:%27courier%27,%27width%27:120,%27expression%27:%27obj[\x5C%27courier\x5C%27]?.fullName%27},{%27name%27:%27status%27,%27width%27:110},{%27name%27:%27invoiceType%27,%27width%27:60,%27expression%27:%27g.message(code:%20obj[\x5C%27invoiceTypeCode\x5C%27])%27},{%27name%27:%27itemsDeliveryStatus%27,%27width%27:60},{%27name%27:%27creationType%27,%27width%27:50},{%27name%27:%27creationMedia%27,%27width%27:50},{%27name%27:%27completionMedia%27,%27width%27:50},{%27name%27:%27completionFollower%27,%27width%27:120},{%27name%27:%27lastActionDate%27,%27width%27:100,%27expression%27:%27rg.formatJalaliDate(date:%20%20obj[\x5C%27lastActionDate\x5C%27],%20hm:\x5C%27true\x5C%27%20)%27}]&_search=false&nd=1548226585906&rows=10&page=1&sidx=lastActionDate&sord=desc HTTP/1.1" 200 1607 "https://www.zanbil.ir/orderAdministration/console/187167" "Mozilla/5.0 (Windows NT 10.0; Win64; x64; rv:64.0) Gecko/20100101 Firefox/64.0" "-"
188.158.191.102 - - [23/Jan/2019:10:22:48 +0330] "GET /amp-helper-frame.html?appId=a624a1c1-0c93-466a-a546-e146710f97e6&parentOrigin=https://www.zanbil.ir HTTP/1.1" 200 133 "https://www.zanbil.ir/m/browse/gas-heater/%D8%A8%D8%AE%D8%A7%D8%B1%DB%8C-%DA%AF%D8%A7%D8%B2%DB%8C" "Mozilla/5.0 (Linux; Android 6.0.1; SAMSUNG SM-N910C Build/MMB29K) AppleWebKit/537.36 (KHTML, like Gecko) SamsungBrowser/8.2 Chrome/63.0.3239.111 Mobile Safari/537.36" "-"
5.116.118.58 - - [23/Jan/2019:10:22:48 +0330] "GET /static/images/guarantees/fastDelivery.png HTTP/1.1" 200 7713 "https://www.zanbil.ir/m/article/751/%D8%A7%D8%B3%DA%A9%D9%88%D9%84%DB%8C%D9%88%D8%B2-%DB%8C%D8%A7-%D8%A7%D9%86%D8%AD%D8%B1%D8%A7%D9%81-%D8%B3%D8%AA%D9%88%D9%86-%D9%81%D9%82%D8%B1%D8%A7%D8%AA-%D9%88-%DA%86%DA%AF%D9%88%D9%86%DA%AF%DB%8C-%D8%AF%D8%B1%D9%85%D8%A7%D9%86-%D8%A2%D9%86" "Mozilla/5.0 (Linux; Android 5.1.1; SM-G531H Build/LMY48B) AppleWebKit/537.36 (KHTML, like Gecko) Chrome/65.0.3325.109 Mobile Safari/537.36" "-"
5.116.118.58 - - [23/Jan/2019:10:22:48 +0330] "GET /static/images/guarantees/support.png HTTP/1.1" 200 6454 "https://www.zanbil.ir/m/article/751/%D8%A7%D8%B3%DA%A9%D9%88%D9%84%DB%8C%D9%88%D8%B2-%DB%8C%D8%A7-%D8%A7%D9%86%D8%AD%D8%B1%D8%A7%D9%81-%D8%B3%D8%AA%D9%88%D9%86-%D9%81%D9%82%D8%B1%D8%A7%D8%AA-%D9%88-%DA%86%DA%AF%D9%88%D9%86%DA%AF%DB%8C-%D8%AF%D8%B1%D9%85%D8%A7%D9%86-%D8%A2%D9%86" "Mozilla/5.0 (Linux; Android 5.1.1; SM-G531H Build/LMY48B) AppleWebKit/537.36 (KHTML, like Gecko) Chrome/65.0.3325.109 Mobile Safari/537.36" "-"
113.203.0.210 - - [23/Jan/2019:10:22:48 +0330] "GET /m/browse/cell-phone/%DA%AF%D9%88%D8%B4%DB%8C-%D9%85%D9%88%D8%A8%D8%A7%DB%8C%D9%84 HTTP/1.1" 200 19129 "https://www-zanbil-ir.cdn.ampproject.org/v/s/www.zanbil.ir/m/filter/b113?usqp=mq331AQECAEoAQ%3D%3D&amp_js_v=0.1" "Mozilla/5.0 (iPhone; CPU iPhone OS 10_2_1 like Mac OS X) AppleWebKit/602.1.50 (KHTML, like Gecko) CriOS/68.0.3440.83 Mobile/14D27 Safari/602.1" "-"
188.158.191.102 - - [23/Jan/2019:10:22:48 +0330] "GET /image/240/brand HTTP/1.1" 200 2090 "https://www.zanbil.ir/m/browse/gas-heater/%D8%A8%D8%AE%D8%A7%D8%B1%DB%8C-%DA%AF%D8%A7%D8%B2%DB%8C" "Mozilla/5.0 (Linux; Android 6.0.1; SAMSUNG SM-N910C Build/MMB29K) AppleWebKit/537.36 (KHTML, like Gecko) SamsungBrowser/8.2 Chrome/63.0.3239.111 Mobile Safari/537.36" "-"
188.158.191.102 - - [23/Jan/2019:10:22:48 +0330] "GET /image/256/brand HTTP/1.1" 200 2229 "https://www.zanbil.ir/m/browse/gas-heater/%D8%A8%D8%AE%D8%A7%D8%B1%DB%8C-%DA%AF%D8%A7%D8%B2%DB%8C" "Mozilla/5.0 (Linux; Android 6.0.1; SAMSUNG SM-N910C Build/MMB29K) AppleWebKit/537.36 (KHTML, like Gecko) SamsungBrowser/8.2 Chrome/63.0.3239.111 Mobile Safari/537.36" "-"
188.158.191.102 - - [23/Jan/2019:10:22:48 +0330] "GET /image/248/brand HTTP/1.1" 200 2398 "https://www.zanbil.ir/m/browse/gas-heater/%D8%A8%D8%AE%D8%A7%D8%B1%DB%8C-%DA%AF%D8%A7%D8%B2%DB%8C" "Mozilla/5.0 (Linux; Android 6.0.1; SAMSUNG SM-N910C Build/MMB29K) AppleWebKit/537.36 (KHTML, like Gecko) SamsungBrowser/8.2 Chrome/63.0.3239.111 Mobile Safari/537.36" "-"
188.158.191.102 - - [23/Jan/2019:10:22:48 +0330] "GET /image/139/productTypeType HTTP/1.1" 200 10929 "https://www.zanbil.ir/m/browse/gas-heater/%D8%A8%D8%AE%D8%A7%D8%B1%DB%8C-%DA%AF%D8%A7%D8%B2%DB%8C" "Mozilla/5.0 (Linux; Android 6.0.1; SAMSUNG SM-N910C Build/MMB29K) AppleWebKit/537.36 (KHTML, like Gecko) SamsungBrowser/8.2 Chrome/63.0.3239.111 Mobile Safari/537.36" "-"
188.158.191.102 - - [23/Jan/2019:10:22:48 +0330] "GET /image/140/productTypeType HTTP/1.1" 200 10855 "https://www.zanbil.ir/m/browse/gas-heater/%D8%A8%D8%AE%D8%A7%D8%B1%DB%8C-%DA%AF%D8%A7%D8%B2%DB%8C" "Mozilla/5.0 (Linux; Android 6.0.1; SAMSUNG SM-N910C Build/MMB29K) AppleWebKit/537.36 (KHTML, like Gecko) SamsungBrowser/8.2 Chrome/63.0.3239.111 Mobile Safari/537.36" "-"
5.116.118.58 - - [23/Jan/2019:10:22:48 +0330] "GET /static/images/guarantees/bestPrice.png HTTP/1.1" 200 7356 "https://www.zanbil.ir/m/article/751/%D8%A7%D8%B3%DA%A9%D9%88%D9%84%DB%8C%D9%88%D8%B2-%DB%8C%D8%A7-%D8%A7%D9%86%D8%AD%D8%B1%D8%A7%D9%81-%D8%B3%D8%AA%D9%88%D9%86-%D9%81%D9%82%D8%B1%D8%A7%D8%AA-%D9%88-%DA%86%DA%AF%D9%88%D9%86%DA%AF%DB%8C-%D8%AF%D8%B1%D9%85%D8%A7%D9%86-%D8%A2%D9%86" "Mozilla/5.0 (Linux; Android 5.1.1; SM-G531H Build/LMY48B) AppleWebKit/537.36 (KHTML, like Gecko) Chrome/65.0.3325.109 Mobile Safari/537.36" "-"
5.116.118.58 - - [23/Jan/2019:10:22:48 +0330] "GET /static/css/font/wyekan/font.woff HTTP/1.1" 200 28536 "https://www.zanbil.ir/m/article/751/%D8%A7%D8%B3%DA%A9%D9%88%D9%84%DB%8C%D9%88%D8%B2-%DB%8C%D8%A7-%D8%A7%D9%86%D8%AD%D8%B1%D8%A7%D9%81-%D8%B3%D8%AA%D9%88%D9%86-%D9%81%D9%82%D8%B1%D8%A7%D8%AA-%D9%88-%DA%86%DA%AF%D9%88%D9%86%DA%AF%DB%8C-%D8%AF%D8%B1%D9%85%D8%A7%D9%86-%D8%A2%D9%86" "Mozilla/5.0 (Linux; Android 5.1.1; SM-G531H Build/LMY48B) AppleWebKit/537.36 (KHTML, like Gecko) Chrome/65.0.3325.109 Mobile Safari/537.36" "-"
188.158.191.102 - - [23/Jan/2019:10:22:49 +0330] "GET /image/566/mainSlideMobile HTTP/1.1" 200 73512 "https://www.zanbil.ir/m/browse/gas-heater/%D8%A8%D8%AE%D8%A7%D8%B1%DB%8C-%DA%AF%D8%A7%D8%B2%DB%8C" "Mozilla/5.0 (Linux; Android 6.0.1; SAMSUNG SM-N910C Build/MMB29K) AppleWebKit/537.36 (KHTML, like Gecko) SamsungBrowser/8.2 Chrome/63.0.3239.111 Mobile Safari/537.36" "-"
188.158.191.102 - - [23/Jan/2019:10:22:49 +0330] "GET /image/5552/productModel/200x200 HTTP/1.1" 200 8126 "https://www.zanbil.ir/m/browse/gas-heater/%D8%A8%D8%AE%D8%A7%D8%B1%DB%8C-%DA%AF%D8%A7%D8%B2%DB%8C" "Mozilla/5.0 (Linux; Android 6.0.1; SAMSUNG SM-N910C Build/MMB29K) AppleWebKit/537.36 (KHTML, like Gecko) SamsungBrowser/8.2 Chrome/63.0.3239.111 Mobile Safari/537.36" "-"
188.158.191.102 - - [23/Jan/2019:10:22:49 +0330] "GET /image/5557/productModel/200x200 HTTP/1.1" 200 5517 "https://www.zanbil.ir/m/browse/gas-heater/%D8%A8%D8%AE%D8%A7%D8%B1%DB%8C-%DA%AF%D8%A7%D8%B2%DB%8C" "Mozilla/5.0 (Linux; Android 6.0.1; SAMSUNG SM-N910C Build/MMB29K) AppleWebKit/537.36 (KHTML, like Gecko) SamsungBrowser/8.2 Chrome/63.0.3239.111 Mobile Safari/537.36" "-"
151.239.241.163 - - [23/Jan/2019:10:22:49 +0330] "GET /rapidGrails/jsonList?maxColumns=16&domainClass=eshop.Order&filter=[{op:%27inSession%27,%20field:%27id%27,%20val:%27orderListe8005bd5782c4543b22a4b530cfd18a6%27}]&columns=[{%27name%27:%27trackingCode%27,%27width%27:110},{%27name%27:%27ownerName%27,%27width%27:120},{%27name%27:%27productsName%27,%27width%27:320,%27sortable%27:false},{%27name%27:%27ownerMobile%27,%27width%27:110},{%27name%27:%27deliveryMethodName%27,%27width%27:120,%27sortable%27:false},{%27name%27:%27deliveryCityName%27,%27width%27:120,%27sortable%27:false},{%27name%27:%27addressRegionName%27,%27width%27:120,%27sortable%27:false},{%27name%27:%27courier%27,%27width%27:120,%27expression%27:%27obj[\x5C%27courier\x5C%27]?.fullName%27},{%27name%27:%27status%27,%27width%27:110},{%27name%27:%27invoiceType%27,%27width%27:60,%27expression%27:%27g.message(code:%20obj[\x5C%27invoiceTypeCode\x5C%27])%27},{%27name%27:%27itemsDeliveryStatus%27,%27width%27:60},{%27name%27:%27creationType%27,%27width%27:50},{%27name%27:%27creationMedia%27,%27width%27:50},{%27name%27:%27completionMedia%27,%27width%27:50},{%27name%27:%27completionFollower%27,%27width%27:120},{%27name%27:%27lastActionDate%27,%27width%27:100,%27expression%27:%27rg.formatJalaliDate(date:%20%20obj[\x5C%27lastActionDate\x5C%27],%20hm:\x5C%27true\x5C%27%20)%27}]&_search=false&nd=1548226586150&rows=10&page=1&sidx=lastActionDate&sord=desc HTTP/1.1" 200 1447 "https://www.zanbil.ir/orderAdministration/console" "Mozilla/5.0 (Windows NT 10.0; Win64; x64; rv:64.0) Gecko/20100101 Firefox/64.0" "-"
151.241.20.35 - - [23/Jan/2019:10:22:49 +0330] "GET /image/1647/productModel/150x150 HTTP/1.1" 200 2623 "https://www.zanbil.ir/m/product/31614/61695/%DB%8C%D8%AE%DA%86%D8%A7%D9%84-%D9%81%D8%B1%DB%8C%D8%B2%D8%B1-%D8%B3%D8%A7%DB%8C%D8%AF-%D8%A8%D8%A7%DB%8C-%D8%B3%D8%A7%DB%8C%D8%AF-%D8%A7%D9%84-%D8%AC%DB%8C-%D9%85%D8%AF%D9%84-SXS230W" "Mozilla/5.0 (Linux; Android 4.3; GT-I9300I Build/JLS36C) AppleWebKit/537.36 (KHTML, like Gecko) Chrome/55.0.2883.91 Mobile Safari/537.36" "-"
151.241.20.35 - - [23/Jan/2019:10:22:49 +0330] "GET /image/58783/productModel/150x150 HTTP/1.1" 200 2364 "https://www.zanbil.ir/m/product/31614/61695/%DB%8C%D8%AE%DA%86%D8%A7%D9%84-%D9%81%D8%B1%DB%8C%D8%B2%D8%B1-%D8%B3%D8%A7%DB%8C%D8%AF-%D8%A8%D8%A7%DB%8C-%D8%B3%D8%A7%DB%8C%D8%AF-%D8%A7%D9%84-%D8%AC%DB%8C-%D9%85%D8%AF%D9%84-SXS230W" "Mozilla/5.0 (Linux; Android 4.3; GT-I9300I Build/JLS36C) AppleWebKit/537.36 (KHTML, like Gecko) Chrome/55.0.2883.91 Mobile Safari/537.36" "-"
5.116.118.58 - - [23/Jan/2019:10:22:49 +0330] "GET /static/images/guarantees/warranty.png HTTP/1.1" 200 5807 "https://www.zanbil.ir/m/article/751/%D8%A7%D8%B3%DA%A9%D9%88%D9%84%DB%8C%D9%88%D8%B2-%DB%8C%D8%A7-%D8%A7%D9%86%D8%AD%D8%B1%D8%A7%D9%81-%D8%B3%D8%AA%D9%88%D9%86-%D9%81%D9%82%D8%B1%D8%A7%D8%AA-%D9%88-%DA%86%DA%AF%D9%88%D9%86%DA%AF%DB%8C-%D8%AF%D8%B1%D9%85%D8%A7%D9%86-%D8%A2%D9%86" "Mozilla/5.0 (Linux; Android 5.1.1; SM-G531H Build/LMY48B) AppleWebKit/537.36 (KHTML, like Gecko) Chrome/65.0.3325.109 Mobile Safari/537.36" "-"
5.116.118.58 - - [23/Jan/2019:10:22:49 +0330] "GET /static/images/guarantees/goodShopping.png HTTP/1.1" 200 6496 "https://www.zanbil.ir/m/article/751/%D8%A7%D8%B3%DA%A9%D9%88%D9%84%DB%8C%D9%88%D8%B2-%DB%8C%D8%A7-%D8%A7%D9%86%D8%AD%D8%B1%D8%A7%D9%81-%D8%B3%D8%AA%D9%88%D9%86-%D9%81%D9%82%D8%B1%D8%A7%D8%AA-%D9%88-%DA%86%DA%AF%D9%88%D9%86%DA%AF%DB%8C-%D8%AF%D8%B1%D9%85%D8%A7%D9%86-%D8%A2%D9%86" "Mozilla/5.0 (Linux; Android 5.1.1; SM-G531H Build/LMY48B) AppleWebKit/537.36 (KHTML, like Gecko) Chrome/65.0.3325.109 Mobile Safari/537.36" "-"
151.239.241.163 - - [23/Jan/2019:10:22:49 +0330] "GET /static/plugins/famfamfam-1.0.1/images/icons/application.png HTTP/1.1" 304 0 "https://www.zanbil.ir/orderAdministration/console" "Mozilla/5.0 (Windows NT 10.0; Win64; x64; rv:64.0) Gecko/20100101 Firefox/64.0" "-"
151.239.241.163 - - [23/Jan/2019:10:22:49 +0330] "GET /static/plugins/famfamfam-1.0.1/images/icons/application_go.png HTTP/1.1" 304 0 "https://www.zanbil.ir/orderAdministration/console" "Mozilla/5.0 (Windows NT 10.0; Win64; x64; rv:64.0) Gecko/20100101 Firefox/64.0" "-"
188.158.191.102 - - [23/Jan/2019:10:22:49 +0330] "GET /image/22/brand HTTP/1.1" 200 2479 "https://www.zanbil.ir/m/browse/gas-heater/%D8%A8%D8%AE%D8%A7%D8%B1%DB%8C-%DA%AF%D8%A7%D8%B2%DB%8C" "Mozilla/5.0 (Linux; Android 6.0.1; SAMSUNG SM-N910C Build/MMB29K) AppleWebKit/537.36 (KHTML, like Gecko) SamsungBrowser/8.2 Chrome/63.0.3239.111 Mobile Safari/537.36" "-"
188.158.191.102 - - [23/Jan/2019:10:22:49 +0330] "GET /image/259/brand HTTP/1.1" 200 2306 "https://www.zanbil.ir/m/browse/gas-heater/%D8%A8%D8%AE%D8%A7%D8%B1%DB%8C-%DA%AF%D8%A7%D8%B2%DB%8C" "Mozilla/5.0 (Linux; Android 6.0.1; SAMSUNG SM-N910C Build/MMB29K) AppleWebKit/537.36 (KHTML, like Gecko) SamsungBrowser/8.2 Chrome/63.0.3239.111 Mobile Safari/537.36" "-"
188.158.191.102 - - [23/Jan/2019:10:22:49 +0330] "GET /image/141/brand HTTP/1.1" 200 2148 "https://www.zanbil.ir/m/browse/gas-heater/%D8%A8%D8%AE%D8%A7%D8%B1%DB%8C-%DA%AF%D8%A7%D8%B2%DB%8C" "Mozilla/5.0 (Linux; Android 6.0.1; SAMSUNG SM-N910C Build/MMB29K) AppleWebKit/537.36 (KHTML, like Gecko) SamsungBrowser/8.2 Chrome/63.0.3239.111 Mobile Safari/537.36" "-"
66.249.66.194 - - [23/Jan/2019:10:22:49 +0330] "GET /filter/b103%2Cb573%2Cb63 HTTP/1.1" 200 36257 "-" "Mozilla/5.0 (compatible; Googlebot/2.1; +http://www.google.com/bot.html)" "-"
113.203.0.210 - - [23/Jan/2019:10:22:49 +0330] "GET /settings/logo HTTP/1.1" 200 4120 "https://www.zanbil.ir/m/browse/cell-phone/%DA%AF%D9%88%D8%B4%DB%8C-%D9%85%D9%88%D8%A8%D8%A7%DB%8C%D9%84" "Mozilla/5.0 (iPhone; CPU iPhone OS 10_2_1 like Mac OS X) AppleWebKit/602.1.50 (KHTML, like Gecko) CriOS/68.0.3440.83 Mobile/14D27 Safari/602.1" "-"
66.249.66.194 - - [23/Jan/2019:10:22:49 +0330] "GET /m/filter/p5936,v680%7C%D8%B9%D9%82%D8%B1%D8%A8%D9%87%20%D8%A7%DB%8C HTTP/1.1" 200 18789 "-" "Mozilla/5.0 (Linux; Android 6.0.1; Nexus 5X Build/MMB29P) AppleWebKit/537.36 (KHTML, like Gecko) Chrome/41.0.2272.96 Mobile Safari/537.36 (compatible; Googlebot/2.1; +http://www.google.com/bot.html)" "-"
5.52.244.220 - - [23/Jan/2019:10:22:49 +0330] "GET /m/browse/manicure-and-pedicure/%D8%B3%D8%AA-%D9%85%D8%A7%D9%86%DB%8C%DA%A9%D9%88%D8%B1-%D9%88-%D9%BE%D8%AF%DB%8C%DA%A9%D9%88%D8%B1 HTTP/1.1" 200 18537 "https://www.zanbil.ir/m/search/%D9%BE%DA%A9-%D8%A2%D8%B1%D8%A7%DB%8C%D8%B4" "Mozilla/5.0 (Linux; Android 6.0.1; SM-N910C) AppleWebKit/537.36 (KHTML, like Gecko) Chrome/71.0.3578.99 Mobile Safari/537.36" "-"
66.249.66.194 - - [23/Jan/2019:10:22:50 +0330] "GET /m/filter/b1,p62 HTTP/1.1" 200 19566 "-" "Mozilla/5.0 (Linux; Android 6.0.1; Nexus 5X Build/MMB29P) AppleWebKit/537.36 (KHTML, like Gecko) Chrome/41.0.2272.96 Mobile Safari/537.36 (compatible; Googlebot/2.1; +http://www.google.com/bot.html)" "-"
66.249.66.194 - - [23/Jan/2019:10:22:50 +0330] "GET /m/filter/b32,p6 HTTP/1.1" 200 19192 "-" "Mozilla/5.0 (Linux; Android 6.0.1; Nexus 5X Build/MMB29P) AppleWebKit/537.36 (KHTML, like Gecko) Chrome/41.0.2272.96 Mobile Safari/537.36 (compatible; Googlebot/2.1; +http://www.google.com/bot.html)" "-"
188.158.191.102 - - [23/Jan/2019:10:22:50 +0330] "GET /favicon.ico HTTP/1.1" 200 0 "https://www.zanbil.ir/m/browse/gas-heater/%D8%A8%D8%AE%D8%A7%D8%B1%DB%8C-%DA%AF%D8%A7%D8%B2%DB%8C" "Mozilla/5.0 (Linux; Android 6.0.1; SAMSUNG SM-N910C Build/MMB29K) AppleWebKit/537.36 (KHTML, like Gecko) SamsungBrowser/8.2 Chrome/63.0.3239.111 Mobile Safari/537.36" "-"
148.251.133.251 - - [23/Jan/2019:10:22:50 +0330] "GET /product/31235/61165/%D9%85%D8%A7%D9%86%DB%8C%D8%AA%D9%88%D8%B1-LED-%D8%B3%D8%A7%D9%85%D8%B3%D9%88%D9%86%DA%AF-%D9%85%D8%AF%D9%84-C27F390 HTTP/1.1" 200 544428 "-" "Mozilla/5.0 (Windows; U; Windows NT 5.1; en-US; rv:x.x.x) Gecko/20041107 Firefox/x.x" "-"
2.178.172.239 - - [23/Jan/2019:10:22:50 +0330] "GET /m/product/33084/63663/%D9%88%DB%8C%D9%84%DA%86%D8%B1-%D8%A7%D8%B1%D8%AA%D9%88%D9%BE%D8%AF%DB%8C-%D8%A7%DB%8C%D8%B1%D8%A7%D9%86-%D8%A8%D9%87%DA%A9%D8%A7%D8%B1-%D9%85%D8%AF%D9%84-718L HTTP/1.1" 200 20219 "https://www-zanbil-ir.cdn.ampproject.org/v/s/www.zanbil.ir/m/filter/b617,p14768?amp_js_v=0.1&usqp=mq331AQECAEoAQ%3D%3D" "Mozilla/5.0 (Linux; Android 5.1.1; SAMSUNG SM-J3110 Build/LMY47X) AppleWebKit/537.36 (KHTML, like Gecko) SamsungBrowser/3.5 Chrome/38.0.2125.102 Mobile Safari/537.36" "-"
151.241.20.35 - - [23/Jan/2019:10:22:50 +0330] "GET /image/14295/productModel/150x150 HTTP/1.1" 200 2267 "https://www.zanbil.ir/m/product/31614/61695/%DB%8C%D8%AE%DA%86%D8%A7%D9%84-%D9%81%D8%B1%DB%8C%D8%B2%D8%B1-%D8%B3%D8%A7%DB%8C%D8%AF-%D8%A8%D8%A7%DB%8C-%D8%B3%D8%A7%DB%8C%D8%AF-%D8%A7%D9%84-%D8%AC%DB%8C-%D9%85%D8%AF%D9%84-SXS230W" "Mozilla/5.0 (Linux; Android 4.3; GT-I9300I Build/JLS36C) AppleWebKit/537.36 (KHTML, like Gecko) Chrome/55.0.2883.91 Mobile Safari/537.36" "-"
151.241.20.35 - - [23/Jan/2019:10:22:50 +0330] "GET /image/14296/productModel/150x150 HTTP/1.1" 200 3005 "https://www.zanbil.ir/m/product/31614/61695/%DB%8C%D8%AE%DA%86%D8%A7%D9%84-%D9%81%D8%B1%DB%8C%D8%B2%D8%B1-%D8%B3%D8%A7%DB%8C%D8%AF-%D8%A8%D8%A7%DB%8C-%D8%B3%D8%A7%DB%8C%D8%AF-%D8%A7%D9%84-%D8%AC%DB%8C-%D9%85%D8%AF%D9%84-SXS230W" "Mozilla/5.0 (Linux; Android 4.3; GT-I9300I Build/JLS36C) AppleWebKit/537.36 (KHTML, like Gecko) Chrome/55.0.2883.91 Mobile Safari/537.36" "-"
78.39.200.178 - - [23/Jan/2019:10:22:50 +0330] "GET /image/8716/specialSale?role=e1 HTTP/1.1" 200 11 "https://www.zanbil.ir/browse/furniture/%D9%85%D8%A8%D9%84%D9%85%D8%A7%D9%86" "Mozilla/5.0 (Windows NT 6.1; Trident/7.0; rv:11.0) like Gecko" "-"
78.39.200.178 - - [23/Jan/2019:10:22:50 +0330] "GET /image/8716/specialSale?role=e3 HTTP/1.1" 200 11 "https://www.zanbil.ir/browse/furniture/%D9%85%D8%A8%D9%84%D9%85%D8%A7%D9%86" "Mozilla/5.0 (Windows NT 6.1; Trident/7.0; rv:11.0) like Gecko" "-"
78.39.200.178 - - [23/Jan/2019:10:22:50 +0330] "GET /image/8716/specialSale?role=e2 HTTP/1.1" 200 11 "https://www.zanbil.ir/browse/furniture/%D9%85%D8%A8%D9%84%D9%85%D8%A7%D9%86" "Mozilla/5.0 (Windows NT 6.1; Trident/7.0; rv:11.0) like Gecko" "-"
2.179.13.33 - - [23/Jan/2019:10:22:50 +0330] "GET /product/33711/64411/%D8%A8%D8%AE%D8%A7%D8%B1%DB%8C-%D8%A8%D8%B1%D9%82%DB%8C-%D9%81%D9%86-%D8%AF%D8%A7%D8%B1-%D8%AA%DA%A9-%D8%A7%D9%84%DA%A9%D8%AA%D8%B1%DB%8C%DA%A9-%D9%85%D8%AF%D9%84-CH1108-2000RB HTTP/1.1" 200 40872 "https://www.zanbil.ir/product/31763/%D8%A8%D8%AE%D8%A7%D8%B1%DB%8C-%D8%A8%D8%B1%D9%82%DB%8C-%D9%81%D9%86-%D8%AF%D8%A7%D8%B1-%D9%81%D9%84%D8%B1-%D9%85%D8%AF%D9%84-Feller-Fan-Heater-HFC-201" "Mozilla/5.0 (Windows NT 6.1; Win64; x64) AppleWebKit/537.36 (KHTML, like Gecko) Chrome/71.0.3578.98 Safari/537.36" "-"
5.209.8.169 - - [23/Jan/2019:10:22:50 +0330] "GET /image/33968?name=6p-m1.jpg&wh=200x200 HTTP/1.1" 200 5852 "https://torob.com/p/1e48bca8-c2da-4ecc-9358-7a73305e512d/%DA%AF%D9%88%D8%B4%DB%8C-%D9%85%D9%88%D8%A8%D8%A7%DB%8C%D9%84-%D8%B3%D8%A7%D9%85%D8%B3%D9%88%D9%86%DA%AF-%DA%AF%D9%84%DA%A9%D8%B3%DB%8C-%D8%AC%DB%8C-6-galaxy-j6-j600-32gb/" "Mozilla/5.0 (iPhone; CPU iPhone OS 12_1 like Mac OS X) AppleWebKit/605.1.15 (KHTML, like Gecko) CriOS/71.0.3578.89 Mobile/15E148 Safari/605.1" "-"
109.169.65.209 - - [23/Jan/2019:10:22:50 +0330] "GET /m/product/28080/56767/%D9%87%D9%88%D8%AF-%D8%B2%DB%8C%D8%B1%DA%A9%D8%A7%D8%A8%DB%8C%D9%86%D8%AA%DB%8C-%D8%A8%DB%8C%D9%85%DA%A9%D8%AB-%D9%85%D8%AF%D9%84-B1002U HTTP/1.1" 200 20990 "https://www-zanbil-ir.cdn.ampproject.org/" "Mozilla/5.0 (iPhone; CPU iPhone OS 12_1_2 like Mac OS X) AppleWebKit/605.1.15 (KHTML, like Gecko) Version/12.0 Mobile/15E148 Safari/604.1" "-"
89.38.197.213 - - [23/Jan/2019:10:22:50 +0330] "GET /image/1215/mainSlideMobile HTTP/1.1" 200 69159 "https://www.zanbil.ir/m/search/%D9%85%D8%A7%DA%A9%D8%B1%D9%88%D9%81%D8%B1-%D8%A7%D9%84-%D8%AC%DB%8C" "Mozilla/5.0 (Android 6.0.1; Mobile; rv:63.0) Gecko/63.0 Firefox/63.0" "-"
66.249.66.91 - - [23/Jan/2019:10:22:50 +0330] "GET /image/56862/productModel/200x200 HTTP/1.1" 200 2851 "-" "Googlebot-Image/1.0" "-"
2.179.13.33 - - [23/Jan/2019:10:22:50 +0330] "GET /image/147/brand HTTP/1.1" 200 2583 "https://www.zanbil.ir/product/33711/64411/%D8%A8%D8%AE%D8%A7%D8%B1%DB%8C-%D8%A8%D8%B1%D9%82%DB%8C-%D9%81%D9%86-%D8%AF%D8%A7%D8%B1-%D8%AA%DA%A9-%D8%A7%D9%84%DA%A9%D8%AA%D8%B1%DB%8C%DA%A9-%D9%85%D8%AF%D9%84-CH1108-2000RB" "Mozilla/5.0 (Windows NT 6.1; Win64; x64) AppleWebKit/537.36 (KHTML, like Gecko) Chrome/71.0.3578.98 Safari/537.36" "-"
5.52.244.220 - - [23/Jan/2019:10:22:50 +0330] "GET /settings/logo HTTP/1.1" 200 4120 "https://www.zanbil.ir/m/browse/manicure-and-pedicure/%D8%B3%D8%AA-%D9%85%D8%A7%D9%86%DB%8C%DA%A9%D9%88%D8%B1-%D9%88-%D9%BE%D8%AF%DB%8C%DA%A9%D9%88%D8%B1" "Mozilla/5.0 (Linux; Android 6.0.1; SM-N910C) AppleWebKit/537.36 (KHTML, like Gecko) Chrome/71.0.3578.99 Mobile Safari/537.36" "-"
2.179.13.33 - - [23/Jan/2019:10:22:50 +0330] "GET /image/33711/product/50x50 HTTP/1.1" 200 1272 "https://www.zanbil.ir/product/33711/64411/%D8%A8%D8%AE%D8%A7%D8%B1%DB%8C-%D8%A8%D8%B1%D9%82%DB%8C-%D9%81%D9%86-%D8%AF%D8%A7%D8%B1-%D8%AA%DA%A9-%D8%A7%D9%84%DA%A9%D8%AA%D8%B1%DB%8C%DA%A9-%D9%85%D8%AF%D9%84-CH1108-2000RB" "Mozilla/5.0 (Windows NT 6.1; Win64; x64) AppleWebKit/537.36 (KHTML, like Gecko) Chrome/71.0.3578.98 Safari/537.36" "-"
5.52.244.220 - - [23/Jan/2019:10:22:50 +0330] "GET /image/21806/productModel/200x200 HTTP/1.1" 200 3820 "https://www.zanbil.ir/m/browse/manicure-and-pedicure/%D8%B3%D8%AA-%D9%85%D8%A7%D9%86%DB%8C%DA%A9%D9%88%D8%B1-%D9%88-%D9%BE%D8%AF%DB%8C%DA%A9%D9%88%D8%B1" "Mozilla/5.0 (Linux; Android 6.0.1; SM-N910C) AppleWebKit/537.36 (KHTML, like Gecko) Chrome/71.0.3578.99 Mobile Safari/537.36" "-"
2.179.13.33 - - [23/Jan/2019:10:22:51 +0330] "GET /static/images/exists.png HTTP/1.1" 200 2212 "https://www.zanbil.ir/product/33711/64411/%D8%A8%D8%AE%D8%A7%D8%B1%DB%8C-%D8%A8%D8%B1%D9%82%DB%8C-%D9%81%D9%86-%D8%AF%D8%A7%D8%B1-%D8%AA%DA%A9-%D8%A7%D9%84%DA%A9%D8%AA%D8%B1%DB%8C%DA%A9-%D9%85%D8%AF%D9%84-CH1108-2000RB" "Mozilla/5.0 (Windows NT 6.1; Win64; x64) AppleWebKit/537.36 (KHTML, like Gecko) Chrome/71.0.3578.98 Safari/537.36" "-"
113.203.0.210 - - [23/Jan/2019:10:22:51 +0330] "HEAD /amp_preconnect_polyfill_404_or_other_error_expected._Do_not_worry_about_it?1548226440000 HTTP/1.1" 404 0 "https://www.zanbil.ir/m/browse/cell-phone/%DA%AF%D9%88%D8%B4%DB%8C-%D9%85%D9%88%D8%A8%D8%A7%DB%8C%D9%84" "Mozilla/5.0 (iPhone; CPU iPhone OS 10_2_1 like Mac OS X) AppleWebKit/602.1.50 (KHTML, like Gecko) CriOS/68.0.3440.83 Mobile/14D27 Safari/602.1" "-"
5.52.244.220 - - [23/Jan/2019:10:22:51 +0330] "GET /image/31787/productModel/200x200 HTTP/1.1" 200 5003 "https://www.zanbil.ir/m/browse/manicure-and-pedicure/%D8%B3%D8%AA-%D9%85%D8%A7%D9%86%DB%8C%DA%A9%D9%88%D8%B1-%D9%88-%D9%BE%D8%AF%DB%8C%DA%A9%D9%88%D8%B1" "Mozilla/5.0 (Linux; Android 6.0.1; SM-N910C) AppleWebKit/537.36 (KHTML, like Gecko) Chrome/71.0.3578.99 Mobile Safari/537.36" "-"
5.52.244.220 - - [23/Jan/2019:10:22:51 +0330] "GET /image/62969/productModel/200x200 HTTP/1.1" 200 2703 "https://www.zanbil.ir/m/browse/manicure-and-pedicure/%D8%B3%D8%AA-%D9%85%D8%A7%D9%86%DB%8C%DA%A9%D9%88%D8%B1-%D9%88-%D9%BE%D8%AF%DB%8C%DA%A9%D9%88%D8%B1" "Mozilla/5.0 (Linux; Android 6.0.1; SM-N910C) AppleWebKit/537.36 (KHTML, like Gecko) Chrome/71.0.3578.99 Mobile Safari/537.36" "-"
5.52.244.220 - - [23/Jan/2019:10:22:51 +0330] "GET /image/21810/productModel/200x200 HTTP/1.1" 200 2990 "https://www.zanbil.ir/m/browse/manicure-and-pedicure/%D8%B3%D8%AA-%D9%85%D8%A7%D9%86%DB%8C%DA%A9%D9%88%D8%B1-%D9%88-%D9%BE%D8%AF%DB%8C%DA%A9%D9%88%D8%B1" "Mozilla/5.0 (Linux; Android 6.0.1; SM-N910C) AppleWebKit/537.36 (KHTML, like Gecko) Chrome/71.0.3578.99 Mobile Safari/537.36" "-"
5.52.244.220 - - [23/Jan/2019:10:22:51 +0330] "GET /image/56076/productModel/200x200 HTTP/1.1" 200 3238 "https://www.zanbil.ir/m/browse/manicure-and-pedicure/%D8%B3%D8%AA-%D9%85%D8%A7%D9%86%DB%8C%DA%A9%D9%88%D8%B1-%D9%88-%D9%BE%D8%AF%DB%8C%DA%A9%D9%88%D8%B1" "Mozilla/5.0 (Linux; Android 6.0.1; SM-N910C) AppleWebKit/537.36 (KHTML, like Gecko) Chrome/71.0.3578.99 Mobile Safari/537.36" "-"
66.249.66.194 - - [23/Jan/2019:10:22:51 +0330] "GET /filter?f=p2%2Cb213%2Cp3&o=b HTTP/1.1" 302 0 "-" "Mozilla/5.0 (compatible; Googlebot/2.1; +http://www.google.com/bot.html)" "-"
5.52.244.220 - - [23/Jan/2019:10:22:51 +0330] "GET /image/21712/productModel/200x200 HTTP/1.1" 200 3691 "https://www.zanbil.ir/m/browse/manicure-and-pedicure/%D8%B3%D8%AA-%D9%85%D8%A7%D9%86%DB%8C%DA%A9%D9%88%D8%B1-%D9%88-%D9%BE%D8%AF%DB%8C%DA%A9%D9%88%D8%B1" "Mozilla/5.0 (Linux; Android 6.0.1; SM-N910C) AppleWebKit/537.36 (KHTML, like Gecko) Chrome/71.0.3578.99 Mobile Safari/537.36" "-"
5.52.244.220 - - [23/Jan/2019:10:22:51 +0330] "GET /image/21706/productModel/200x200 HTTP/1.1" 200 5167 "https://www.zanbil.ir/m/browse/manicure-and-pedicure/%D8%B3%D8%AA-%D9%85%D8%A7%D9%86%DB%8C%DA%A9%D9%88%D8%B1-%D9%88-%D9%BE%D8%AF%DB%8C%DA%A9%D9%88%D8%B1" "Mozilla/5.0 (Linux; Android 6.0.1; SM-N910C) AppleWebKit/537.36 (KHTML, like Gecko) Chrome/71.0.3578.99 Mobile Safari/537.36" "-"
5.52.244.220 - - [23/Jan/2019:10:22:51 +0330] "GET /image/56075/productModel/200x200 HTTP/1.1" 200 3405 "https://www.zanbil.ir/m/browse/manicure-and-pedicure/%D8%B3%D8%AA-%D9%85%D8%A7%D9%86%DB%8C%DA%A9%D9%88%D8%B1-%D9%88-%D9%BE%D8%AF%DB%8C%DA%A9%D9%88%D8%B1" "Mozilla/5.0 (Linux; Android 6.0.1; SM-N910C) AppleWebKit/537.36 (KHTML, like Gecko) Chrome/71.0.3578.99 Mobile Safari/537.36" "-"
5.52.244.220 - - [23/Jan/2019:10:22:51 +0330] "GET /image/43/brand HTTP/1.1" 200 2376 "https://www.zanbil.ir/m/browse/manicure-and-pedicure/%D8%B3%D8%AA-%D9%85%D8%A7%D9%86%DB%8C%DA%A9%D9%88%D8%B1-%D9%88-%D9%BE%D8%AF%DB%8C%DA%A9%D9%88%D8%B1" "Mozilla/5.0 (Linux; Android 6.0.1; SM-N910C) AppleWebKit/537.36 (KHTML, like Gecko) Chrome/71.0.3578.99 Mobile Safari/537.36" "-"
66.249.66.91 - - [23/Jan/2019:10:22:51 +0330] "GET /static/css/font/wyekan/font.woff HTTP/1.1" 304 0 "-" "Mozilla/5.0 (Linux; Android 6.0.1; Nexus 5X Build/MMB29P) AppleWebKit/537.36 (KHTML, like Gecko) Chrome/41.0.2272.96 Mobile Safari/537.36 (compatible; Googlebot/2.1; +http://www.google.com/bot.html)" "-"
5.52.244.220 - - [23/Jan/2019:10:22:51 +0330] "GET /image/192/brand HTTP/1.1" 200 2920 "https://www.zanbil.ir/m/browse/manicure-and-pedicure/%D8%B3%D8%AA-%D9%85%D8%A7%D9%86%DB%8C%DA%A9%D9%88%D8%B1-%D9%88-%D9%BE%D8%AF%DB%8C%DA%A9%D9%88%D8%B1" "Mozilla/5.0 (Linux; Android 6.0.1; SM-N910C) AppleWebKit/537.36 (KHTML, like Gecko) Chrome/71.0.3578.99 Mobile Safari/537.36" "-"
5.52.244.220 - - [23/Jan/2019:10:22:51 +0330] "GET /image/249/brand HTTP/1.1" 200 2421 "https://www.zanbil.ir/m/browse/manicure-and-pedicure/%D8%B3%D8%AA-%D9%85%D8%A7%D9%86%DB%8C%DA%A9%D9%88%D8%B1-%D9%88-%D9%BE%D8%AF%DB%8C%DA%A9%D9%88%D8%B1" "Mozilla/5.0 (Linux; Android 6.0.1; SM-N910C) AppleWebKit/537.36 (KHTML, like Gecko) Chrome/71.0.3578.99 Mobile Safari/537.36" "-"
66.249.66.194 - - [23/Jan/2019:10:22:51 +0330] "GET /m/browse/furniture/%D9%85%D8%A8%D9%84%D9%85%D8%A7%D9%86 HTTP/1.1" 200 16737 "-" "Mozilla/5.0 (Linux; Android 6.0.1; Nexus 5X Build/MMB29P) AppleWebKit/537.36 (KHTML, like Gecko) Chrome/41.0.2272.96 Mobile Safari/537.36 (compatible; Googlebot/2.1; +http://www.google.com/bot.html)" "-"
5.52.244.220 - - [23/Jan/2019:10:22:51 +0330] "GET /image/27/mainSlideMobile HTTP/1.1" 200 58445 "https://www.zanbil.ir/m/browse/manicure-and-pedicure/%D8%B3%D8%AA-%D9%85%D8%A7%D9%86%DB%8C%DA%A9%D9%88%D8%B1-%D9%88-%D9%BE%D8%AF%DB%8C%DA%A9%D9%88%D8%B1" "Mozilla/5.0 (Linux; Android 6.0.1; SM-N910C) AppleWebKit/537.36 (KHTML, like Gecko) Chrome/71.0.3578.99 Mobile Safari/537.36" "-"
5.112.94.17 - - [23/Jan/2019:10:22:51 +0330] "GET /settings/logo HTTP/1.1" 200 4120 "https://www.zanbil.ir/m/filter/p5252?page=1" "Mozilla/5.0 (iPhone; CPU iPhone OS 11_4 like Mac OS X) AppleWebKit/605.1.15 (KHTML, like Gecko) Version/11.0 Mobile/15E148 Safari/604.1" "-"
2.179.13.33 - - [23/Jan/2019:10:22:51 +0330] "GET /static/images/Icon-Buypage/addToZanbil-box.png HTTP/1.1" 200 4011 "https://znbl.ir/static/bundle-bundle_site_head.css" "Mozilla/5.0 (Windows NT 6.1; Win64; x64) AppleWebKit/537.36 (KHTML, like Gecko) Chrome/71.0.3578.98 Safari/537.36" "-"
2.179.13.33 - - [23/Jan/2019:10:22:51 +0330] "GET /discountLabel/get/3?type=desktopMainIcon HTTP/1.1" 200 6435 "https://www.zanbil.ir/product/33711/64411/%D8%A8%D8%AE%D8%A7%D8%B1%DB%8C-%D8%A8%D8%B1%D9%82%DB%8C-%D9%81%D9%86-%D8%AF%D8%A7%D8%B1-%D8%AA%DA%A9-%D8%A7%D9%84%DA%A9%D8%AA%D8%B1%DB%8C%DA%A9-%D9%85%D8%AF%D9%84-CH1108-2000RB" "Mozilla/5.0 (Windows NT 6.1; Win64; x64) AppleWebKit/537.36 (KHTML, like Gecko) Chrome/71.0.3578.98 Safari/537.36" "-"
66.249.66.91 - - [23/Jan/2019:10:22:51 +0330] "GET /filter/b481%2Cb874%2Cb226%2Cb570%2Cb598%2Cstexists%2Cb270%2Cb903%2Cb883%2Cb99%2Cb261%2Cb249%2Cb20%2Cb701%2Cb42%2Cb198%2Cb548%2Cb183%2Cb88%2Cb219%2Cb308%2Cb103%2Cb1%2Cb126%2Cb523%2Cb900%2Cb192%2Cb703%2Cb890%2Cb148%2Cb236%2Cb256%2Cb454%2Cb651%2Cb41%2Cb202%2Cb647%2Cb4%2Cb22%2Cb613%2Cb6%2Cb221%2Cb36%2Cb614%2Cb3%2Cb216%2Cb218%2Cb43%2Cb136%2Cb573%2Cb151%2Cb185%2Cb32%2Cb441%2Cb484%2Cb485%2Cb231%2Cb82%2Cb168%2Cp33536?page=0 HTTP/1.1" 200 36536 "-" "Mozilla/5.0 (compatible; Googlebot/2.1; +http://www.google.com/bot.html)" "-"
2.179.13.33 - - [23/Jan/2019:10:22:51 +0330] "GET /image/33711?name=ch1108-2000rb-44.jpg&wh=300x300 HTTP/1.1" 200 12493 "https://www.zanbil.ir/product/33711/64411/%D8%A8%D8%AE%D8%A7%D8%B1%DB%8C-%D8%A8%D8%B1%D9%82%DB%8C-%D9%81%D9%86-%D8%AF%D8%A7%D8%B1-%D8%AA%DA%A9-%D8%A7%D9%84%DA%A9%D8%AA%D8%B1%DB%8C%DA%A9-%D9%85%D8%AF%D9%84-CH1108-2000RB" "Mozilla/5.0 (Windows NT 6.1; Win64; x64) AppleWebKit/537.36 (KHTML, like Gecko) Chrome/71.0.3578.98 Safari/537.36" "-"
5.52.244.220 - - [23/Jan/2019:10:22:51 +0330] "GET /image/186/brand HTTP/1.1" 200 2749 "https://www.zanbil.ir/m/browse/manicure-and-pedicure/%D8%B3%D8%AA-%D9%85%D8%A7%D9%86%DB%8C%DA%A9%D9%88%D8%B1-%D9%88-%D9%BE%D8%AF%DB%8C%DA%A9%D9%88%D8%B1" "Mozilla/5.0 (Linux; Android 6.0.1; SM-N910C) AppleWebKit/537.36 (KHTML, like Gecko) Chrome/71.0.3578.99 Mobile Safari/537.36" "-"
5.52.244.220 - - [23/Jan/2019:10:22:51 +0330] "GET /image/218/brand HTTP/1.1" 200 2269 "https://www.zanbil.ir/m/browse/manicure-and-pedicure/%D8%B3%D8%AA-%D9%85%D8%A7%D9%86%DB%8C%DA%A9%D9%88%D8%B1-%D9%88-%D9%BE%D8%AF%DB%8C%DA%A9%D9%88%D8%B1" "Mozilla/5.0 (Linux; Android 6.0.1; SM-N910C) AppleWebKit/537.36 (KHTML, like Gecko) Chrome/71.0.3578.99 Mobile Safari/537.36" "-"
95.80.164.20 - - [23/Jan/2019:10:22:51 +0330] "GET /site/searchAutoComplete?f=p0&phrase=%3B HTTP/1.1" 200 0 "https://www.zanbil.ir/" "Mozilla/5.0 (Windows NT 6.1; rv:64.0) Gecko/20100101 Firefox/64.0" "-"
5.116.118.58 - - [23/Jan/2019:10:22:51 +0330] "GET /settings/logo HTTP/1.1" 200 4120 "https://www.zanbil.ir/m/article/751/%D8%A7%D8%B3%DA%A9%D9%88%D9%84%DB%8C%D9%88%D8%B2-%DB%8C%D8%A7-%D8%A7%D9%86%D8%AD%D8%B1%D8%A7%D9%81-%D8%B3%D8%AA%D9%88%D9%86-%D9%81%D9%82%D8%B1%D8%A7%D8%AA-%D9%88-%DA%86%DA%AF%D9%88%D9%86%DA%AF%DB%8C-%D8%AF%D8%B1%D9%85%D8%A7%D9%86-%D8%A2%D9%86" "Mozilla/5.0 (Linux; Android 5.1.1; SM-G531H Build/LMY48B) AppleWebKit/537.36 (KHTML, like Gecko) Chrome/65.0.3325.109 Mobile Safari/537.36" "-"
109.169.65.209 - - [23/Jan/2019:10:22:51 +0330] "GET /settings/logo HTTP/1.1" 200 4120 "https://www.zanbil.ir/m/product/28080/56767/%D9%87%D9%88%D8%AF-%D8%B2%DB%8C%D8%B1%DA%A9%D8%A7%D8%A8%DB%8C%D9%86%D8%AA%DB%8C-%D8%A8%DB%8C%D9%85%DA%A9%D8%AB-%D9%85%D8%AF%D9%84-B1002U" "Mozilla/5.0 (iPhone; CPU iPhone OS 12_1_2 like Mac OS X) AppleWebKit/605.1.15 (KHTML, like Gecko) Version/12.0 Mobile/15E148 Safari/604.1" "-"
5.116.118.58 - - [23/Jan/2019:10:22:51 +0330] "GET /image/get?path=/Image/vm1kt17a.jpg HTTP/1.1" 200 56497 "https://www.zanbil.ir/m/article/751/%D8%A7%D8%B3%DA%A9%D9%88%D9%84%DB%8C%D9%88%D8%B2-%DB%8C%D8%A7-%D8%A7%D9%86%D8%AD%D8%B1%D8%A7%D9%81-%D8%B3%D8%AA%D9%88%D9%86-%D9%81%D9%82%D8%B1%D8%A7%D8%AA-%D9%88-%DA%86%DA%AF%D9%88%D9%86%DA%AF%DB%8C-%D8%AF%D8%B1%D9%85%D8%A7%D9%86-%D8%A2%D9%86" "Mozilla/5.0 (Linux; Android 5.1.1; SM-G531H Build/LMY48B) AppleWebKit/537.36 (KHTML, like Gecko) Chrome/65.0.3325.109 Mobile Safari/537.36" "-"
2.179.13.33 - - [23/Jan/2019:10:22:51 +0330] "GET /settings/logo HTTP/1.1" 200 4120 "https://www.zanbil.ir/product/33711/64411/%D8%A8%D8%AE%D8%A7%D8%B1%DB%8C-%D8%A8%D8%B1%D9%82%DB%8C-%D9%81%D9%86-%D8%AF%D8%A7%D8%B1-%D8%AA%DA%A9-%D8%A7%D9%84%DA%A9%D8%AA%D8%B1%DB%8C%DA%A9-%D9%85%D8%AF%D9%84-CH1108-2000RB" "Mozilla/5.0 (Windows NT 6.1; Win64; x64) AppleWebKit/537.36 (KHTML, like Gecko) Chrome/71.0.3578.98 Safari/537.36" "-"
46.32.7.230 - - [23/Jan/2019:10:22:51 +0330] "GET /favicon.ico HTTP/1.1" 200 0 "-" "Mozilla/5.0 (Windows NT 6.1; rv:60.0) Gecko/20100101 Firefox/60.0" "-"
5.116.118.58 - - [23/Jan/2019:10:22:52 +0330] "GET /amp-helper-frame.html?appId=a624a1c1-0c93-466a-a546-e146710f97e6&parentOrigin=https://www.zanbil.ir HTTP/1.1" 200 133 "https://www.zanbil.ir/m/article/751/%D8%A7%D8%B3%DA%A9%D9%88%D9%84%DB%8C%D9%88%D8%B2-%DB%8C%D8%A7-%D8%A7%D9%86%D8%AD%D8%B1%D8%A7%D9%81-%D8%B3%D8%AA%D9%88%D9%86-%D9%81%D9%82%D8%B1%D8%A7%D8%AA-%D9%88-%DA%86%DA%AF%D9%88%D9%86%DA%AF%DB%8C-%D8%AF%D8%B1%D9%85%D8%A7%D9%86-%D8%A2%D9%86" "Mozilla/5.0 (Linux; Android 5.1.1; SM-G531H Build/LMY48B) AppleWebKit/537.36 (KHTML, like Gecko) Chrome/65.0.3325.109 Mobile Safari/537.36" "-"
95.80.164.20 - - [23/Jan/2019:10:22:52 +0330] "GET /site/searchAutoComplete?f=p0&phrase=%3B%2C HTTP/1.1" 200 0 "https://www.zanbil.ir/" "Mozilla/5.0 (Windows NT 6.1; rv:64.0) Gecko/20100101 Firefox/64.0" "-"
2.179.13.33 - - [23/Jan/2019:10:22:52 +0330] "GET /image/33711?name=ch1108-2000rb-44.jpg&wh=max HTTP/1.1" 200 59082 "https://www.zanbil.ir/product/33711/64411/%D8%A8%D8%AE%D8%A7%D8%B1%DB%8C-%D8%A8%D8%B1%D9%82%DB%8C-%D9%81%D9%86-%D8%AF%D8%A7%D8%B1-%D8%AA%DA%A9-%D8%A7%D9%84%DA%A9%D8%AA%D8%B1%DB%8C%DA%A9-%D9%85%D8%AF%D9%84-CH1108-2000RB" "Mozilla/5.0 (Windows NT 6.1; Win64; x64) AppleWebKit/537.36 (KHTML, like Gecko) Chrome/71.0.3578.98 Safari/537.36" "-"
2.179.13.33 - - [23/Jan/2019:10:22:52 +0330] "GET /image/33711?name=ch1108-2000rb-11.jpg&wh=300x300 HTTP/1.1" 200 9923 "https://www.zanbil.ir/product/33711/64411/%D8%A8%D8%AE%D8%A7%D8%B1%DB%8C-%D8%A8%D8%B1%D9%82%DB%8C-%D9%81%D9%86-%D8%AF%D8%A7%D8%B1-%D8%AA%DA%A9-%D8%A7%D9%84%DA%A9%D8%AA%D8%B1%DB%8C%DA%A9-%D9%85%D8%AF%D9%84-CH1108-2000RB" "Mozilla/5.0 (Windows NT 6.1; Win64; x64) AppleWebKit/537.36 (KHTML, like Gecko) Chrome/71.0.3578.98 Safari/537.36" "-"
2.179.13.33 - - [23/Jan/2019:10:22:52 +0330] "GET /image/33711?name=ch1108-2000rb-44.jpg&wh=50x50 HTTP/1.1" 200 1272 "https://www.zanbil.ir/product/33711/64411/%D8%A8%D8%AE%D8%A7%D8%B1%DB%8C-%D8%A8%D8%B1%D9%82%DB%8C-%D9%81%D9%86-%D8%AF%D8%A7%D8%B1-%D8%AA%DA%A9-%D8%A7%D9%84%DA%A9%D8%AA%D8%B1%DB%8C%DA%A9-%D9%85%D8%AF%D9%84-CH1108-2000RB" "Mozilla/5.0 (Windows NT 6.1; Win64; x64) AppleWebKit/537.36 (KHTML, like Gecko) Chrome/71.0.3578.98 Safari/537.36" "-"
2.179.13.33 - - [23/Jan/2019:10:22:52 +0330] "GET /image/33711?name=ch1108-2000rb-11.jpg&wh=50x50 HTTP/1.1" 200 1189 "https://www.zanbil.ir/product/33711/64411/%D8%A8%D8%AE%D8%A7%D8%B1%DB%8C-%D8%A8%D8%B1%D9%82%DB%8C-%D9%81%D9%86-%D8%AF%D8%A7%D8%B1-%D8%AA%DA%A9-%D8%A7%D9%84%DA%A9%D8%AA%D8%B1%DB%8C%DA%A9-%D9%85%D8%AF%D9%84-CH1108-2000RB" "Mozilla/5.0 (Windows NT 6.1; Win64; x64) AppleWebKit/537.36 (KHTML, like Gecko) Chrome/71.0.3578.98 Safari/537.36" "-"
2.178.172.239 - - [23/Jan/2019:10:22:52 +0330] "GET /settings/logo HTTP/1.1" 200 4120 "https://www.zanbil.ir/m/product/33084/63663/%D9%88%DB%8C%D9%84%DA%86%D8%B1-%D8%A7%D8%B1%D8%AA%D9%88%D9%BE%D8%AF%DB%8C-%D8%A7%DB%8C%D8%B1%D8%A7%D9%86-%D8%A8%D9%87%DA%A9%D8%A7%D8%B1-%D9%85%D8%AF%D9%84-718L" "Mozilla/5.0 (Linux; Android 5.1.1; SAMSUNG SM-J3110 Build/LMY47X) AppleWebKit/537.36 (KHTML, like Gecko) SamsungBrowser/3.5 Chrome/38.0.2125.102 Mobile Safari/537.36" "-"
2.179.13.33 - - [23/Jan/2019:10:22:52 +0330] "GET /image/33711?name=ch1108-2000rb-22.jpg&wh=50x50 HTTP/1.1" 200 1163 "https://www.zanbil.ir/product/33711/64411/%D8%A8%D8%AE%D8%A7%D8%B1%DB%8C-%D8%A8%D8%B1%D9%82%DB%8C-%D9%81%D9%86-%D8%AF%D8%A7%D8%B1-%D8%AA%DA%A9-%D8%A7%D9%84%DA%A9%D8%AA%D8%B1%DB%8C%DA%A9-%D9%85%D8%AF%D9%84-CH1108-2000RB" "Mozilla/5.0 (Windows NT 6.1; Win64; x64) AppleWebKit/537.36 (KHTML, like Gecko) Chrome/71.0.3578.98 Safari/537.36" "-"
2.179.13.33 - - [23/Jan/2019:10:22:52 +0330] "GET /image/33711?name=ch1108-2000rb-33.jpg&wh=50x50 HTTP/1.1" 200 1075 "https://www.zanbil.ir/product/33711/64411/%D8%A8%D8%AE%D8%A7%D8%B1%DB%8C-%D8%A8%D8%B1%D9%82%DB%8C-%D9%81%D9%86-%D8%AF%D8%A7%D8%B1-%D8%AA%DA%A9-%D8%A7%D9%84%DA%A9%D8%AA%D8%B1%DB%8C%DA%A9-%D9%85%D8%AF%D9%84-CH1108-2000RB" "Mozilla/5.0 (Windows NT 6.1; Win64; x64) AppleWebKit/537.36 (KHTML, like Gecko) Chrome/71.0.3578.98 Safari/537.36" "-"
5.114.86.57 - - [23/Jan/2019:10:22:52 +0330] "GET /m/prepareSearch?phrase=%D8%AA%D9%84%D9%88%DB%8C%D8%B2%DB%8C%D9%88%D9%86 HTTP/1.1" 302 0 "https://www-zanbil-ir.cdn.ampproject.org/v/s/www.zanbil.ir/m/browse/home-appliances/%D9%84%D9%88%D8%A7%D8%B2%D9%85-%D8%AE%D8%A7%D9%86%DA%AF%DB%8C?amp_js_v=0.1&usqp=mq331AQECAEoAQ%3D%3D" "Mozilla/5.0 (Linux; Android 8.0.0; SAMSUNG SM-A520F Build/R16NW) AppleWebKit/537.36 (KHTML, like Gecko) SamsungBrowser/7.4 Chrome/59.0.3071.125 Mobile Safari/537.36" "-"
80.250.199.165 - - [23/Jan/2019:10:22:52 +0330] "GET /m/filter/p48?page=2 HTTP/1.1" 200 19926 "https://www.zanbil.ir/m/filter/p48?page=1" "Mozilla/5.0 (Linux; Android 7.0; HTC One A9) AppleWebKit/537.36 (KHTML, like Gecko) Chrome/70.0.3538.64 Mobile Safari/537.36" "-"
66.249.66.194 - - [23/Jan/2019:10:22:52 +0330] "GET /m/filter/b148,p2597,v591%7C90%20%D8%B3%D8%A7%D9%86%D8%AA%DB%8C%20%D9%85%D8%AA%D8%B1 HTTP/1.1" 200 18776 "-" "Mozilla/5.0 (Linux; Android 6.0.1; Nexus 5X Build/MMB29P) AppleWebKit/537.36 (KHTML, like Gecko) Chrome/41.0.2272.96 Mobile Safari/537.36 (compatible; Googlebot/2.1; +http://www.google.com/bot.html)" "-"
109.169.65.209 - - [23/Jan/2019:10:22:52 +0330] "GET /static/images/guarantees/goodShopping.png HTTP/1.1" 200 6496 "https://www.zanbil.ir/m/product/28080/56767/%D9%87%D9%88%D8%AF-%D8%B2%DB%8C%D8%B1%DA%A9%D8%A7%D8%A8%DB%8C%D9%86%D8%AA%DB%8C-%D8%A8%DB%8C%D9%85%DA%A9%D8%AB-%D9%85%D8%AF%D9%84-B1002U" "Mozilla/5.0 (iPhone; CPU iPhone OS 12_1_2 like Mac OS X) AppleWebKit/605.1.15 (KHTML, like Gecko) Version/12.0 Mobile/15E148 Safari/604.1" "-"
2.179.13.33 - - [23/Jan/2019:10:22:52 +0330] "GET /image/33711?name=ch1108-2000rb-22.jpg&wh=300x300 HTTP/1.1" 200 8456 "https://www.zanbil.ir/product/33711/64411/%D8%A8%D8%AE%D8%A7%D8%B1%DB%8C-%D8%A8%D8%B1%D9%82%DB%8C-%D9%81%D9%86-%D8%AF%D8%A7%D8%B1-%D8%AA%DA%A9-%D8%A7%D9%84%DA%A9%D8%AA%D8%B1%DB%8C%DA%A9-%D9%85%D8%AF%D9%84-CH1108-2000RB" "Mozilla/5.0 (Windows NT 6.1; Win64; x64) AppleWebKit/537.36 (KHTML, like Gecko) Chrome/71.0.3578.98 Safari/537.36" "-"
78.39.200.178 - - [23/Jan/2019:10:22:52 +0330] "GET /browse/Home-Furniture/%D9%85%D8%A8%D9%84%D9%85%D8%A7%D9%86-%D8%AE%D8%A7%D9%86%DA%AF%DB%8C HTTP/1.1" 499 0 "https://www.zanbil.ir/browse/furniture/%D9%85%D8%A8%D9%84%D9%85%D8%A7%D9%86" "Mozilla/5.0 (Windows NT 6.1; Trident/7.0; rv:11.0) like Gecko" "-"
2.179.13.33 - - [23/Jan/2019:10:22:52 +0330] "GET /image/33711?name=ch1108-2000rb-11.jpg&wh=max HTTP/1.1" 200 45833 "https://www.zanbil.ir/product/33711/64411/%D8%A8%D8%AE%D8%A7%D8%B1%DB%8C-%D8%A8%D8%B1%D9%82%DB%8C-%D9%81%D9%86-%D8%AF%D8%A7%D8%B1-%D8%AA%DA%A9-%D8%A7%D9%84%DA%A9%D8%AA%D8%B1%DB%8C%DA%A9-%D9%85%D8%AF%D9%84-CH1108-2000RB" "Mozilla/5.0 (Windows NT 6.1; Win64; x64) AppleWebKit/537.36 (KHTML, like Gecko) Chrome/71.0.3578.98 Safari/537.36" "-"
2.179.13.33 - - [23/Jan/2019:10:22:52 +0330] "GET /image/33711?name=ch1108-2000rb-22.jpg&wh=max HTTP/1.1" 200 33849 "https://www.zanbil.ir/product/33711/64411/%D8%A8%D8%AE%D8%A7%D8%B1%DB%8C-%D8%A8%D8%B1%D9%82%DB%8C-%D9%81%D9%86-%D8%AF%D8%A7%D8%B1-%D8%AA%DA%A9-%D8%A7%D9%84%DA%A9%D8%AA%D8%B1%DB%8C%DA%A9-%D9%85%D8%AF%D9%84-CH1108-2000RB" "Mozilla/5.0 (Windows NT 6.1; Win64; x64) AppleWebKit/537.36 (KHTML, like Gecko) Chrome/71.0.3578.98 Safari/537.36" "-"
95.80.164.20 - - [23/Jan/2019:10:22:52 +0330] "GET /site/searchAutoComplete?f=p0&phrase=%3B%2Cg HTTP/1.1" 200 0 "https://www.zanbil.ir/" "Mozilla/5.0 (Windows NT 6.1; rv:64.0) Gecko/20100101 Firefox/64.0" "-"
2.179.13.33 - - [23/Jan/2019:10:22:52 +0330] "GET /image/33711?name=ch1108-2000rb-33.jpg&wh=300x300 HTTP/1.1" 200 5501 "https://www.zanbil.ir/product/33711/64411/%D8%A8%D8%AE%D8%A7%D8%B1%DB%8C-%D8%A8%D8%B1%D9%82%DB%8C-%D9%81%D9%86-%D8%AF%D8%A7%D8%B1-%D8%AA%DA%A9-%D8%A7%D9%84%DA%A9%D8%AA%D8%B1%DB%8C%DA%A9-%D9%85%D8%AF%D9%84-CH1108-2000RB" "Mozilla/5.0 (Windows NT 6.1; Win64; x64) AppleWebKit/537.36 (KHTML, like Gecko) Chrome/71.0.3578.98 Safari/537.36" "-"
66.249.66.194 - - [23/Jan/2019:10:22:52 +0330] "GET /m/filter/b186,p6001 HTTP/1.1" 200 18897 "-" "Mozilla/5.0 (Linux; Android 6.0.1; Nexus 5X Build/MMB29P) AppleWebKit/537.36 (KHTML, like Gecko) Chrome/41.0.2272.96 Mobile Safari/537.36 (compatible; Googlebot/2.1; +http://www.google.com/bot.html)" "-"
95.80.164.20 - - [23/Jan/2019:10:22:52 +0330] "GET /site/searchAutoComplete?f=p0&phrase=%3B%2Cgv+ HTTP/1.1" 499 0 "https://www.zanbil.ir/" "Mozilla/5.0 (Windows NT 6.1; rv:64.0) Gecko/20100101 Firefox/64.0" "-"
2.179.13.33 - - [23/Jan/2019:10:22:52 +0330] "GET /image/33711?name=ch1108-2000rb-33.jpg&wh=max HTTP/1.1" 200 21045 "https://www.zanbil.ir/product/33711/64411/%D8%A8%D8%AE%D8%A7%D8%B1%DB%8C-%D8%A8%D8%B1%D9%82%DB%8C-%D9%81%D9%86-%D8%AF%D8%A7%D8%B1-%D8%AA%DA%A9-%D8%A7%D9%84%DA%A9%D8%AA%D8%B1%DB%8C%DA%A9-%D9%85%D8%AF%D9%84-CH1108-2000RB" "Mozilla/5.0 (Windows NT 6.1; Win64; x64) AppleWebKit/537.36 (KHTML, like Gecko) Chrome/71.0.3578.98 Safari/537.36" "-"
95.216.86.214 - - [23/Jan/2019:10:22:52 +0330] "GET /product/33992/64802/%D8%AA%D9%84%D9%88%DB%8C%D8%B2%DB%8C%D9%88%D9%86-%D8%A7%D9%84-%D8%A7%DB%8C-%D8%AF%DB%8C-%D8%B3%D8%A7%D9%85%D8%B3%D9%88%D9%86%DA%AF-%D9%85%D8%AF%D9%84-49N5880 HTTP/1.1" 200 42122 "https://www.zanbil.ir/browse/tv/%D8%AA%D9%84%D9%88%DB%8C%D8%B2%DB%8C%D9%88%D9%86" "Mozilla/5.0 (Windows NT 10.0; Win64; x64; rv:64.0) Gecko/20100101 Firefox/64.0" "-"
95.80.164.20 - - [23/Jan/2019:10:22:52 +0330] "GET /site/searchAutoComplete?f=p0&phrase=%3B%2Cgv+ HTTP/1.1" 200 0 "https://www.zanbil.ir/" "Mozilla/5.0 (Windows NT 6.1; rv:64.0) Gecko/20100101 Firefox/64.0" "-"
109.169.65.209 - - [23/Jan/2019:10:22:52 +0330] "GET /static/images/guarantees/warranty.png HTTP/1.1" 200 5807 "https://www.zanbil.ir/m/product/28080/56767/%D9%87%D9%88%D8%AF-%D8%B2%DB%8C%D8%B1%DA%A9%D8%A7%D8%A8%DB%8C%D9%86%D8%AA%DB%8C-%D8%A8%DB%8C%D9%85%DA%A9%D8%AB-%D9%85%D8%AF%D9%84-B1002U" "Mozilla/5.0 (iPhone; CPU iPhone OS 12_1_2 like Mac OS X) AppleWebKit/605.1.15 (KHTML, like Gecko) Version/12.0 Mobile/15E148 Safari/604.1" "-"
109.169.65.209 - - [23/Jan/2019:10:22:52 +0330] "GET /static/css/font/wyekan/font.woff HTTP/1.1" 200 28536 "https://www.zanbil.ir/m/product/28080/56767/%D9%87%D9%88%D8%AF-%D8%B2%DB%8C%D8%B1%DA%A9%D8%A7%D8%A8%DB%8C%D9%86%D8%AA%DB%8C-%D8%A8%DB%8C%D9%85%DA%A9%D8%AB-%D9%85%D8%AF%D9%84-B1002U" "Mozilla/5.0 (iPhone; CPU iPhone OS 12_1_2 like Mac OS X) AppleWebKit/605.1.15 (KHTML, like Gecko) Version/12.0 Mobile/15E148 Safari/604.1" "-"
109.169.65.209 - - [23/Jan/2019:10:22:52 +0330] "GET /static/images/guarantees/bestPrice.png HTTP/1.1" 200 7356 "https://www.zanbil.ir/m/product/28080/56767/%D9%87%D9%88%D8%AF-%D8%B2%DB%8C%D8%B1%DA%A9%D8%A7%D8%A8%DB%8C%D9%86%D8%AA%DB%8C-%D8%A8%DB%8C%D9%85%DA%A9%D8%AB-%D9%85%D8%AF%D9%84-B1002U" "Mozilla/5.0 (iPhone; CPU iPhone OS 12_1_2 like Mac OS X) AppleWebKit/605.1.15 (KHTML, like Gecko) Version/12.0 Mobile/15E148 Safari/604.1" "-"
109.169.65.209 - - [23/Jan/2019:10:22:52 +0330] "GET /static/images/guarantees/support.png HTTP/1.1" 200 6454 "https://www.zanbil.ir/m/product/28080/56767/%D9%87%D9%88%D8%AF-%D8%B2%DB%8C%D8%B1%DA%A9%D8%A7%D8%A8%DB%8C%D9%86%D8%AA%DB%8C-%D8%A8%DB%8C%D9%85%DA%A9%D8%AB-%D9%85%D8%AF%D9%84-B1002U" "Mozilla/5.0 (iPhone; CPU iPhone OS 12_1_2 like Mac OS X) AppleWebKit/605.1.15 (KHTML, like Gecko) Version/12.0 Mobile/15E148 Safari/604.1" "-"
2.179.13.33 - - [23/Jan/2019:10:22:52 +0330] "GET /site/alexaGooleAnalitic HTTP/1.1" 200 323 "https://www.zanbil.ir/product/33711/64411/%D8%A8%D8%AE%D8%A7%D8%B1%DB%8C-%D8%A8%D8%B1%D9%82%DB%8C-%D9%81%D9%86-%D8%AF%D8%A7%D8%B1-%D8%AA%DA%A9-%D8%A7%D9%84%DA%A9%D8%AA%D8%B1%DB%8C%DA%A9-%D9%85%D8%AF%D9%84-CH1108-2000RB" "Mozilla/5.0 (Windows NT 6.1; Win64; x64) AppleWebKit/537.36 (KHTML, like Gecko) Chrome/71.0.3578.98 Safari/537.36" "-"
5.52.244.220 - - [23/Jan/2019:10:22:52 +0330] "GET /image/22694/productModel/200x200 HTTP/1.1" 200 5277 "https://www.zanbil.ir/m/browse/manicure-and-pedicure/%D8%B3%D8%AA-%D9%85%D8%A7%D9%86%DB%8C%DA%A9%D9%88%D8%B1-%D9%88-%D9%BE%D8%AF%DB%8C%DA%A9%D9%88%D8%B1" "Mozilla/5.0 (Linux; Android 6.0.1; SM-N910C) AppleWebKit/537.36 (KHTML, like Gecko) Chrome/71.0.3578.99 Mobile Safari/537.36" "-"
5.52.244.220 - - [23/Jan/2019:10:22:53 +0330] "GET /image/30813/productModel/200x200 HTTP/1.1" 200 4639 "https://www.zanbil.ir/m/browse/manicure-and-pedicure/%D8%B3%D8%AA-%D9%85%D8%A7%D9%86%DB%8C%DA%A9%D9%88%D8%B1-%D9%88-%D9%BE%D8%AF%DB%8C%DA%A9%D9%88%D8%B1" "Mozilla/5.0 (Linux; Android 6.0.1; SM-N910C) AppleWebKit/537.36 (KHTML, like Gecko) Chrome/71.0.3578.99 Mobile Safari/537.36" "-"
109.169.65.209 - - [23/Jan/2019:10:22:53 +0330] "GET /static/images/guarantees/fastDelivery.png HTTP/1.1" 200 7713 "https://www.zanbil.ir/m/product/28080/56767/%D9%87%D9%88%D8%AF-%D8%B2%DB%8C%D8%B1%DA%A9%D8%A7%D8%A8%DB%8C%D9%86%D8%AA%DB%8C-%D8%A8%DB%8C%D9%85%DA%A9%D8%AB-%D9%85%D8%AF%D9%84-B1002U" "Mozilla/5.0 (iPhone; CPU iPhone OS 12_1_2 like Mac OS X) AppleWebKit/605.1.15 (KHTML, like Gecko) Version/12.0 Mobile/15E148 Safari/604.1" "-"
5.52.244.220 - - [23/Jan/2019:10:22:53 +0330] "GET /image/62970/productModel/200x200 HTTP/1.1" 200 2207 "https://www.zanbil.ir/m/browse/manicure-and-pedicure/%D8%B3%D8%AA-%D9%85%D8%A7%D9%86%DB%8C%DA%A9%D9%88%D8%B1-%D9%88-%D9%BE%D8%AF%DB%8C%DA%A9%D9%88%D8%B1" "Mozilla/5.0 (Linux; Android 6.0.1; SM-N910C) AppleWebKit/537.36 (KHTML, like Gecko) Chrome/71.0.3578.99 Mobile Safari/537.36" "-"
5.52.244.220 - - [23/Jan/2019:10:22:53 +0330] "GET /image/63678/productModel/200x200 HTTP/1.1" 200 2833 "https://www.zanbil.ir/m/browse/manicure-and-pedicure/%D8%B3%D8%AA-%D9%85%D8%A7%D9%86%DB%8C%DA%A9%D9%88%D8%B1-%D9%88-%D9%BE%D8%AF%DB%8C%DA%A9%D9%88%D8%B1" "Mozilla/5.0 (Linux; Android 6.0.1; SM-N910C) AppleWebKit/537.36 (KHTML, like Gecko) Chrome/71.0.3578.99 Mobile Safari/537.36" "-"
148.251.133.251 - - [23/Jan/2019:10:22:53 +0330] "GET /product/28329/57150/%D8%A7%D8%AC%D8%A7%D9%82-%DA%AF%D8%A7%D8%B2-%D8%B5%D9%81%D8%AD%D9%87-%D8%A7%DB%8C-%D8%A8%DB%8C%D9%85%DA%A9%D8%AB-%D9%85%D8%AF%D9%84-MG0034-Flora HTTP/1.1" 200 563092 "-" "Mozilla/5.0 (Windows; U; Windows NT 5.1; en-US; rv:x.x.x) Gecko/20041107 Firefox/x.x" "-"
5.120.174.159 - - [23/Jan/2019:10:22:53 +0330] "GET /m/product/34352/65316/%D8%AA%D9%84%D9%88%DB%8C%D8%B2%DB%8C%D9%88%D9%86-%D8%A7%D9%84-%D8%A7%DB%8C-%D8%AF%DB%8C-%D8%A7%D8%B3%D9%86%D9%88%D8%A7-%D9%85%D8%AF%D9%84-SLD-50SA120 HTTP/1.1" 200 21573 "https://www.zanbil.ir/m/product/32130/62400/%D8%AA%D9%84%D9%88%DB%8C%D8%B2%DB%8C%D9%88%D9%86-%D8%A7%D9%84-%D8%A7%DB%8C-%D8%AF%DB%8C-%D8%B3%D8%A7%D9%85%D8%B3%D9%88%D9%86%DA%AF-%D9%85%D8%AF%D9%84-40M5950" "Mozilla/5.0 (Linux; Android 8.1.0; SAMSUNG SM-G610F Build/M1AJQ) AppleWebKit/537.36 (KHTML, like Gecko) SamsungBrowser/7.4 Chrome/59.0.3071.125 Mobile Safari/537.36" "-"
